
R version 3.0.2 (2013-09-25) -- "Frisbee Sailing"
Copyright (C) 2013 The R Foundation for Statistical Computing
Platform: i386-w64-mingw32/i386 (32-bit)

R is free software and comes with ABSOLUTELY NO WARRANTY.
You are welcome to redistribute it under certain conditions.
Type 'license()' or 'licence()' for distribution details.

  Natural language support but running in an English locale

R is a collaborative project with many contributors.
Type 'contributors()' for more information and
'citation()' on how to cite R or R packages in publications.

Type 'demo()' for some demos, 'help()' for on-line help, or
'help.start()' for an HTML browser interface to help.
Type 'q()' to quit R.

> pkgname <- "semTools"
> source(file.path(R.home("share"), "R", "examples-header.R"))
> options(warn = 1)
> options(pager = "console")
> base::assign(".ExTimings", "semTools-Ex.timings", pos = 'CheckExEnv')
> base::cat("name\tuser\tsystem\telapsed\n", file=base::get(".ExTimings", pos = 'CheckExEnv'))
> base::assign(".format_ptime",
+ function(x) {
+   if(!is.na(x[4L])) x[1L] <- x[1L] + x[4L]
+   if(!is.na(x[5L])) x[2L] <- x[2L] + x[5L]
+   options(OutDec = '.')
+   format(x[1L:3L], digits = 7L)
+ },
+ pos = 'CheckExEnv')
> 
> ### * </HEADER>
> library('semTools')
Loading required package: lavaan
This is lavaan 0.5-16
lavaan is BETA software! Please report any bugs.
 
###############################################################################
This is semTools 0.4-3
All users of R (or SEM) are invited to submit functions or ideas for functions.
###############################################################################
> 
> base::assign(".oldSearch", base::search(), pos = 'CheckExEnv')
> cleanEx()
> nameEx("BootMiss-class")
> ### * BootMiss-class
> 
> flush(stderr()); flush(stdout())
> 
> base::assign(".ptime", proc.time(), pos = "CheckExEnv")
> ### Name: BootMiss-class
> ### Title: Class For the Results of Bollen-Stine Bootstrap with Incomplete
> ###   Data
> ### Aliases: BootMiss-class show,BootMiss-method summary,BootMiss-method
> ###   hist,BootMiss-method
> 
> ### ** Examples
> 
> # See the example from the bsBootMiss function
> 
> 
> 
> base::assign(".dptime", (proc.time() - get(".ptime", pos = "CheckExEnv")), pos = "CheckExEnv")
> base::cat("BootMiss-class", base::get(".format_ptime", pos = 'CheckExEnv')(get(".dptime", pos = "CheckExEnv")), "\n", file=base::get(".ExTimings", pos = 'CheckExEnv'), append=TRUE, sep="\t")
> cleanEx()
> nameEx("EFA-class")
> ### * EFA-class
> 
> flush(stderr()); flush(stdout())
> 
> base::assign(".ptime", proc.time(), pos = "CheckExEnv")
> ### Name: EFA-class
> ### Title: Class For Rotated Results from EFA
> ### Aliases: EFA-class show,EFA-method summary,EFA-method
> 
> ### ** Examples
> 
> unrotated <- efaUnrotate(HolzingerSwineford1939, nf=3, varList=paste0("x", 1:9), estimator="mlr")
> summary(unrotated, std=TRUE)
lavaan (0.5-16) converged normally after 202 iterations

  Number of observations                           301

  Estimator                                         ML      Robust
  Minimum Function Test Statistic               22.897      23.864
  Degrees of freedom                                12          12
  P-value (Chi-square)                           0.029       0.021
  Scaling correction factor                                  0.959
    for the Yuan-Bentler correction

Parameter estimates:

  Information                                 Observed
  Standard Errors                   Robust.huber.white

                   Estimate  Std.err  Z-value  P(>|z|)   Std.lv  Std.nox
Latent variables:
  factor1 =~
    x1     (l1_1)     0.653    0.083    7.909    0.000    0.653    0.560
    x2     (l2_1)     0.353    0.079    4.481    0.000    0.353    0.300
    x3     (l3_1)     0.415    0.086    4.832    0.000    0.415    0.368
    x4     (l4_1)     0.926    0.067   13.762    0.000    0.926    0.797
    x5     (l5_1)     1.014    0.067   15.176    0.000    1.014    0.787
    x6     (l6_1)     0.868    0.062   13.887    0.000    0.868    0.793
    x7     (l7_1)     0.283    0.091    3.113    0.002    0.283    0.260
    x8     (l8_1)     0.340    0.083    4.096    0.000    0.340    0.337
    x9     (l9_1)     0.460    0.078    5.881    0.000    0.460    0.457
  factor2 =~
    x1     (l1_2)     0.349    0.124    2.814    0.005    0.349    0.299
    x2     (l2_2)     0.242    0.159    1.523    0.128    0.242    0.206
    x3     (l3_2)     0.497    0.132    3.767    0.000    0.497    0.440
    x4     (l4_2)    -0.337    0.067   -5.058    0.000   -0.337   -0.290
    x5     (l5_2)    -0.461    0.077   -6.009    0.000   -0.461   -0.358
    x6     (l6_2)    -0.280    0.057   -4.908    0.000   -0.280   -0.256
    x7     (l7_2)     0.372    0.188    1.976    0.048    0.372    0.342
    x8     (l8_2)     0.510    0.133    3.831    0.000    0.510    0.505
    x9     (l9_2)     0.489    0.066    7.416    0.000    0.489    0.485
  factor3 =~
    x1     (l1_3)    -0.338    0.103   -3.276    0.001   -0.338   -0.290
    x2     (l2_3)    -0.405    0.092   -4.401    0.000   -0.405   -0.345
    x3     (l3_3)    -0.404    0.120   -3.355    0.001   -0.404   -0.358
    x4     (l4_3)     0.049    0.098    0.503    0.615    0.049    0.042
    x5     (l5_3)     0.122    0.105    1.154    0.248    0.122    0.094
    x6     (l6_3)    -0.000    0.076   -0.002    0.998   -0.000   -0.000
    x7     (l7_3)     0.609    0.125    4.863    0.000    0.609    0.560
    x8     (l8_3)     0.409    0.143    2.853    0.004    0.409    0.404
    x9     (l9_3)     0.112    0.123    0.915    0.360    0.112    0.111

Covariances:
  factor1 ~~
    factor2           0.000                               0.000    0.000
    factor3           0.000                               0.000    0.000
  factor2 ~~
    factor3           0.000                               0.000    0.000

Intercepts:
    x1                4.936    0.067   73.473    0.000    4.936    4.235
    x2                6.088    0.068   89.855    0.000    6.088    5.179
    x3                2.250    0.065   34.579    0.000    2.250    1.993
    x4                3.061    0.067   45.694    0.000    3.061    2.634
    x5                4.341    0.074   58.452    0.000    4.341    3.369
    x6                2.186    0.063   34.667    0.000    2.186    1.998
    x7                4.186    0.063   66.766    0.000    4.186    3.848
    x8                5.527    0.058   94.854    0.000    5.527    5.467
    x9                5.374    0.058   92.546    0.000    5.374    5.334
    factor1           0.000                               0.000    0.000
    factor2           0.000                               0.000    0.000
    factor3           0.000                               0.000    0.000

Variances:
    factor1           1.000                               1.000    1.000
    factor2           1.000                               1.000    1.000
    factor3           1.000                               1.000    1.000
    x1                0.696    0.113                      0.696    0.513
    x2                1.035    0.106                      1.035    0.749
    x3                0.692    0.097                      0.692    0.543
    x4                0.377    0.053                      0.377    0.279
    x5                0.403    0.064                      0.403    0.243
    x6                0.365    0.046                      0.365    0.305
    x7                0.594    0.148                      0.594    0.502
    x8                0.479    0.099                      0.479    0.469
    x9                0.551    0.065                      0.551    0.543

Constraints:                               Slack (>=0)
    0-(1_2*1_1+2_2*2_1+3_2*3_1+4_2*4_1+5_2*5_    0.000
    0-(1_3*1_1+2_3*2_1+3_3*3_1+4_3*4_1+5_3*5_    0.000
    0-(1_3*1_2+2_3*2_2+3_3*3_2+4_3*4_2+5_3*5_    0.000

> inspect(unrotated, "standardized")
       lhs op
1  factor1 =~
2  factor1 =~
3  factor1 =~
4  factor1 =~
5  factor1 =~
6  factor1 =~
7  factor1 =~
8  factor1 =~
9  factor1 =~
10 factor2 =~
11 factor2 =~
12 factor2 =~
13 factor2 =~
14 factor2 =~
15 factor2 =~
16 factor2 =~
17 factor2 =~
18 factor2 =~
19 factor3 =~
20 factor3 =~
21 factor3 =~
22 factor3 =~
23 factor3 =~
24 factor3 =~
25 factor3 =~
26 factor3 =~
27 factor3 =~
28 factor1 ~~
29 factor2 ~~
30 factor3 ~~
31      x1 ~1
32      x2 ~1
33      x3 ~1
34      x4 ~1
35      x5 ~1
36      x6 ~1
37      x7 ~1
38      x8 ~1
39      x9 ~1
40 factor1 ~~
41 factor1 ~~
42 factor2 ~~
43      x1 ~~
44      x2 ~~
45      x3 ~~
46      x4 ~~
47      x5 ~~
48      x6 ~~
49      x7 ~~
50      x8 ~~
51      x9 ~~
52 factor1 ~1
53 factor2 ~1
54 factor3 ~1
55       0 ==
56       0 ==
57       0 ==
                                                                                                                                               rhs
1                                                                                                                                               x1
2                                                                                                                                               x2
3                                                                                                                                               x3
4                                                                                                                                               x4
5                                                                                                                                               x5
6                                                                                                                                               x6
7                                                                                                                                               x7
8                                                                                                                                               x8
9                                                                                                                                               x9
10                                                                                                                                              x1
11                                                                                                                                              x2
12                                                                                                                                              x3
13                                                                                                                                              x4
14                                                                                                                                              x5
15                                                                                                                                              x6
16                                                                                                                                              x7
17                                                                                                                                              x8
18                                                                                                                                              x9
19                                                                                                                                              x1
20                                                                                                                                              x2
21                                                                                                                                              x3
22                                                                                                                                              x4
23                                                                                                                                              x5
24                                                                                                                                              x6
25                                                                                                                                              x7
26                                                                                                                                              x8
27                                                                                                                                              x9
28                                                                                                                                         factor1
29                                                                                                                                         factor2
30                                                                                                                                         factor3
31                                                                                                                                                
32                                                                                                                                                
33                                                                                                                                                
34                                                                                                                                                
35                                                                                                                                                
36                                                                                                                                                
37                                                                                                                                                
38                                                                                                                                                
39                                                                                                                                                
40                                                                                                                                         factor2
41                                                                                                                                         factor3
42                                                                                                                                         factor3
43                                                                                                                                              x1
44                                                                                                                                              x2
45                                                                                                                                              x3
46                                                                                                                                              x4
47                                                                                                                                              x5
48                                                                                                                                              x6
49                                                                                                                                              x7
50                                                                                                                                              x8
51                                                                                                                                              x9
52                                                                                                                                                
53                                                                                                                                                
54                                                                                                                                                
55 load1_2*load1_1+load2_2*load2_1+load3_2*load3_1+load4_2*load4_1+load5_2*load5_1+load6_2*load6_1+load7_2*load7_1+load8_2*load8_1+load9_2*load9_1
56 load1_3*load1_1+load2_3*load2_1+load3_3*load3_1+load4_3*load4_1+load5_3*load5_1+load6_3*load6_1+load7_3*load7_1+load8_3*load8_1+load9_3*load9_1
57 load1_3*load1_2+load2_3*load2_2+load3_3*load3_2+load4_3*load4_2+load5_3*load5_2+load6_3*load6_2+load7_3*load7_2+load8_3*load8_2+load9_3*load9_2
   est.std    se      z pvalue
1    0.560 0.071  7.909  0.000
2    0.300 0.067  4.481  0.000
3    0.368 0.076  4.832  0.000
4    0.797 0.058 13.762  0.000
5    0.787 0.052 15.176  0.000
6    0.793 0.057 13.887  0.000
7    0.260 0.083  3.113  0.002
8    0.337 0.082  4.096  0.000
9    0.457 0.078  5.881  0.000
10   0.299 0.106  2.814  0.005
11   0.206 0.135  1.523  0.128
12   0.440 0.117  3.767  0.000
13  -0.290 0.057 -5.058  0.000
14  -0.358 0.060 -6.009  0.000
15  -0.256 0.052 -4.908  0.000
16   0.342 0.173  1.976  0.048
17   0.505 0.132  3.831  0.000
18   0.485 0.065  7.416  0.000
19  -0.290 0.089 -3.276  0.001
20  -0.345 0.078 -4.401  0.000
21  -0.358 0.107 -3.355  0.001
22   0.042 0.084  0.503  0.615
23   0.094 0.082  1.154  0.248
24   0.000 0.070 -0.002  0.998
25   0.560 0.115  4.863  0.000
26   0.404 0.142  2.853  0.004
27   0.111 0.122  0.915  0.360
28   1.000    NA     NA     NA
29   1.000    NA     NA     NA
30   1.000    NA     NA     NA
31   4.235 0.058 73.473  0.000
32   5.179 0.058 89.855  0.000
33   1.993 0.058 34.579  0.000
34   2.634 0.058 45.694  0.000
35   3.369 0.058 58.452  0.000
36   1.998 0.058 34.667  0.000
37   3.848 0.058 66.766  0.000
38   5.467 0.058 94.854  0.000
39   5.334 0.058 92.546  0.000
40   0.000    NA     NA     NA
41   0.000    NA     NA     NA
42   0.000    NA     NA     NA
43   0.513 0.083  6.184  0.000
44   0.749 0.076  9.803  0.000
45   0.543 0.076  7.133  0.000
46   0.279 0.039  7.170  0.000
47   0.243 0.039  6.303  0.000
48   0.305 0.038  7.984  0.000
49   0.502 0.125  4.014  0.000
50   0.469 0.097  4.842  0.000
51   0.543 0.064  8.518  0.000
52   0.000    NA     NA     NA
53   0.000    NA     NA     NA
54   0.000    NA     NA     NA
55  -0.156    NA     NA     NA
56  -0.043    NA     NA     NA
57  -0.088    NA     NA     NA
> 
> # Rotated by Quartimin
> rotated <- oblqRotate(unrotated, method="quartimin")
> summary(rotated)
Standardized Rotated Factor Loadings
   factor1 factor2 factor3
x5  0.888*                
x4  0.840*                
x6  0.808*                
x3          0.689*        
x1  0.191*  0.602*        
x2          0.505* -0.117 
x7         -0.152   0.723*
x8          0.104   0.701*
x9          0.366*  0.463*

Factor Correlation
          factor1   factor2   factor3
factor1 1.0000000 0.3257823 0.2164285
factor2 0.3257823 1.0000000 0.2704765
factor3 0.2164285 0.2704765 1.0000000

Method of rotation:	Quartimin 

Test Statistics for Standardized Rotated Factor Loadings
       lhs op rhs std.loading    se      z     p ci.lower ci.upper
1  factor1 =~  x1       0.191 0.093  2.063 0.039    0.010    0.373
2  factor1 =~  x2       0.044 0.112  0.392 0.695   -0.175    0.262
3  factor1 =~  x3      -0.069 0.102 -0.682 0.495   -0.269    0.130
4  factor1 =~  x4       0.840 0.053 15.761 0.000    0.736    0.945
5  factor1 =~  x5       0.888 0.044 20.014 0.000    0.801    0.975
6  factor1 =~  x6       0.808 0.052 15.508 0.000    0.705    0.910
7  factor1 =~  x7       0.044 0.146  0.299 0.765   -0.242    0.330
8  factor1 =~  x8      -0.033 0.126 -0.259 0.796   -0.280    0.215
9  factor1 =~  x9       0.035 0.089  0.390 0.697   -0.140    0.210
10 factor2 =~  x1       0.602 0.075  8.008 0.000    0.455    0.749
11 factor2 =~  x2       0.505 0.090  5.606 0.000    0.329    0.682
12 factor2 =~  x3       0.689 0.068 10.192 0.000    0.557    0.822
13 factor2 =~  x4       0.022 0.076  0.285 0.776   -0.128    0.171
14 factor2 =~  x5      -0.067 0.066 -1.015 0.310   -0.198    0.063
15 factor2 =~  x6       0.078 0.073  1.063 0.288   -0.065    0.220
16 factor2 =~  x7      -0.152 0.176 -0.860 0.390   -0.497    0.194
17 factor2 =~  x8       0.104 0.182  0.572 0.567   -0.253    0.461
18 factor2 =~  x9       0.366 0.126  2.912 0.004    0.120    0.612
19 factor3 =~  x1       0.031 0.118  0.261 0.794   -0.201    0.263
20 factor3 =~  x2      -0.117 0.119 -0.977 0.328   -0.351    0.117
21 factor3 =~  x3       0.023 0.146  0.158 0.874   -0.262    0.308
22 factor3 =~  x4       0.005 0.086  0.062 0.951   -0.162    0.173
23 factor3 =~  x5       0.008 0.092  0.082 0.934   -0.172    0.188
24 factor3 =~  x6      -0.011 0.066 -0.166 0.868   -0.140    0.118
25 factor3 =~  x7       0.723 0.107  6.742 0.000    0.513    0.933
26 factor3 =~  x8       0.701 0.095  7.376 0.000    0.515    0.888
27 factor3 =~  x9       0.463 0.091  5.098 0.000    0.285    0.641
> 
> 
> 
> base::assign(".dptime", (proc.time() - get(".ptime", pos = "CheckExEnv")), pos = "CheckExEnv")
> base::cat("EFA-class", base::get(".format_ptime", pos = 'CheckExEnv')(get(".dptime", pos = "CheckExEnv")), "\n", file=base::get(".ExTimings", pos = 'CheckExEnv'), append=TRUE, sep="\t")
> cleanEx()

detaching 'package:GPArotation'

> nameEx("FitDiff-class")
> ### * FitDiff-class
> 
> flush(stderr()); flush(stdout())
> 
> base::assign(".ptime", proc.time(), pos = "CheckExEnv")
> ### Name: FitDiff-class
> ### Title: Class For Representing A Template of Model Fit Comparisons
> ### Aliases: FitDiff-class show,FitDiff-method summary,FitDiff-method
> 
> ### ** Examples
> 
> HW.model <- ' visual =~ x1 + x2 + x3
+               textual =~ x4 + x5 + x6
+               speed =~ x7 + x8 + x9 '
> 
> out <- measurementInvariance(HW.model, data=HolzingerSwineford1939, group="school", quiet=TRUE)
> modelDiff <- compareFit(out)
> summary(modelDiff)
################### Nested Model Comparison #########################
                                chi df      p delta.cfi
fit.configural - fit.loadings  8.19  6   .224    0.0025
fit.loadings - fit.intercepts 40.06  6  <.001    0.0385
fit.intercepts - fit.means    40.50  3  <.001    0.0423

#################### Fit Indices Summaries ##########################
                 chisq df pvalue   cfi   tli       aic       bic rmsea  srmr
fit.configural 115.851 48  .000  .923† .885  7484.395  7706.822  .097  .068†
fit.loadings   124.044 54  .000† .921  .895† 7480.587† 7680.771† .093† .072 
fit.intercepts 164.103 60  .000  .882  .859  7508.647  7686.588  .107  .082 
fit.means      204.605 63  .000  .840  .817  7543.149  7709.969  .122  .109 
> summary(modelDiff, fit.measures="all")
################### Nested Model Comparison #########################
                                chi df      p delta.cfi
fit.configural - fit.loadings  8.19  6   .224    0.0025
fit.loadings - fit.intercepts 40.06  6  <.001    0.0385
fit.intercepts - fit.means    40.50  3  <.001    0.0423

#################### Fit Indices Summaries ##########################
               fmin   chisq df pvalue baseline.chisq baseline.df
fit.configural .192 115.851 48  .000         957.769          72
fit.loadings   .206 124.044 54  .000†        957.769          72
fit.intercepts .273 164.103 60  .000         957.769          72
fit.means      .340 204.605 63  .000         957.769          72
               baseline.pvalue   cfi   tli  nnfi   rfi   nfi  pnfi   ifi   rni
fit.configural            .000 .923† .885  .885  .819  .879† .586  .925† .923†
fit.loadings              .000 .921  .895† .895† .827† .870  .653  .922  .921 
fit.intercepts            .000 .882  .859  .859  .794  .829  .691† .884  .882 
fit.means                 .000 .840  .817  .817  .756  .786  .688  .842  .840 
                    logl unrestricted.logl   npar       aic       bic  ntotal
fit.configural -3682.198         -3624.272 60.000 7484.395  7706.822  301.000
fit.loadings   -3686.294         -3624.272 54.000 7480.587† 7680.771† 301.000
fit.intercepts -3706.323         -3624.272 48.000 7508.647  7686.588  301.000
fit.means      -3726.574         -3624.272 45.000 7543.149  7709.969  301.000
                    bic2 rmsea rmsea.ci.lower rmsea.ci.upper rmsea.pvalue   rmr
fit.configural 7516.536  .097            .075           .120         .001 .083†
fit.loadings   7509.514† .093†           .071           .114         .001 .089 
fit.intercepts 7534.359  .107            .088           .127         .000 .100 
fit.means      7567.255  .122            .104           .141         .000 .129 
               rmr_nomean  srmr srmr_bentler srmr_bentler_nomean srmr_bollen
fit.configural      .091† .068†         .068                .074        .068
fit.loadings        .098  .072          .072                .078        .074
fit.intercepts      .099  .082          .082                .080        .085
fit.means           .104  .109          .109                .084        .114
               srmr_bollen_nomean srmr_mplus srmr_mplus_nomean    cn_05
fit.configural               .074       .068              .074 170.324 
fit.loadings                 .076       .075              .078 176.085†
fit.intercepts               .075       .087              .078 146.053 
fit.means                    .077       .117              .082 122.410 
                  cn_01   gfi  agfi  pgfi   mfi
fit.configural 192.439  .995† .989  .442  .893†
fit.loadings   197.719† .995  .989† .497  .890 
fit.intercepts 163.107  .993  .987  .552  .841 
fit.means      136.358  .991  .985  .578† .790 
> summary(modelDiff, fit.measures=c("aic", "bic"))
################### Nested Model Comparison #########################
                                chi df      p delta.cfi
fit.configural - fit.loadings  8.19  6   .224    0.0025
fit.loadings - fit.intercepts 40.06  6  <.001    0.0385
fit.intercepts - fit.means    40.50  3  <.001    0.0423

#################### Fit Indices Summaries ##########################
                     aic       bic
fit.configural 7484.395  7706.822 
fit.loadings   7480.587† 7680.771†
fit.intercepts 7508.647  7686.588 
fit.means      7543.149  7709.969 
> 
> ## Not run: 
> ##D # Save results to a file 
> ##D saveFile(modelDiff, file="modelDiff.txt")
> ##D 
> ##D # Copy to a clipboard
> ##D clipboard(modelDiff)
> ## End(Not run)
> 
> 
> 
> base::assign(".dptime", (proc.time() - get(".ptime", pos = "CheckExEnv")), pos = "CheckExEnv")
> base::cat("FitDiff-class", base::get(".format_ptime", pos = 'CheckExEnv')(get(".dptime", pos = "CheckExEnv")), "\n", file=base::get(".ExTimings", pos = 'CheckExEnv'), append=TRUE, sep="\t")
> cleanEx()
> nameEx("Net-class")
> ### * Net-class
> 
> flush(stderr()); flush(stdout())
> 
> base::assign(".ptime", proc.time(), pos = "CheckExEnv")
> ### Name: Net-class
> ### Title: Class For the Result of Nesting and Equivalence Testing
> ### Aliases: Net-class show,Net-method summary,Net-method
> 
> ### ** Examples
> 
> # See the example in the net function.
> 
> 
> 
> base::assign(".dptime", (proc.time() - get(".ptime", pos = "CheckExEnv")), pos = "CheckExEnv")
> base::cat("Net-class", base::get(".format_ptime", pos = 'CheckExEnv')(get(".dptime", pos = "CheckExEnv")), "\n", file=base::get(".ExTimings", pos = 'CheckExEnv'), append=TRUE, sep="\t")
> cleanEx()
> nameEx("auxiliary")
> ### * auxiliary
> 
> flush(stderr()); flush(stdout())
> 
> base::assign(".ptime", proc.time(), pos = "CheckExEnv")
> ### Name: auxiliary
> ### Title: Analyzing data with full-information maximum likelihood with
> ###   auxiliary variables
> ### Aliases: auxiliary cfa.auxiliary sem.auxiliary growth.auxiliary
> ###   lavaan.auxiliary
> 
> ### ** Examples
> 
> # Example of confirmatory factor analysis
> 
> HS.model <- ' visual  =~ x1 + x2 + x3
+               textual =~ x4 + x5 + x6
+               speed   =~ x7 + x8 + x9 '
> 			  
> dat <- data.frame(HolzingerSwineford1939, z=rnorm(nrow(HolzingerSwineford1939), 0, 1))
> 			  
> fit <- cfa(HS.model, data=dat, meanstructure=TRUE) 
> fitaux <- auxiliary(HS.model, aux="z", data=dat, fun="cfa") # Use lavaan script
> fitaux <- cfa.auxiliary(fit, aux="z", data=dat) # Use lavaan output
> 
> # Example of multiple groups confirmatory factor analysis
> 
> fitgroup <- cfa(HS.model, data=dat, group="school", meanstructure=TRUE)
> fitgroupaux <- cfa.auxiliary(fitgroup, aux="z", data=dat, group="school")
> 
> # Example of path analysis
> 
> mod <- ' x5 ~ x4
+ x4 ~ x3
+ x3 ~ x1 + x2'
> 
> fitpath <- sem(mod, data=dat, fixed.x=FALSE, meanstructure=TRUE) # fixed.x must be FALSE
> fitpathaux <- sem.auxiliary(fitpath, aux="z", data=dat)
> 
> # Example of full structural equation modeling
> 
> dat2 <- data.frame(PoliticalDemocracy, z=rnorm(nrow(PoliticalDemocracy), 0, 1))
> model <- ' 
+      ind60 =~ x1 + x2 + x3
+      dem60 =~ y1 + a*y2 + b*y3 + c*y4
+      dem65 =~ y5 + a*y6 + b*y7 + c*y8
+ 
+     dem60 ~ ind60
+     dem65 ~ ind60 + dem60
+ 
+     y1 ~~ y5
+     y2 ~~ y4 + y6
+     y3 ~~ y7
+     y4 ~~ y8
+     y6 ~~ y8
+ '
> fitsem <- sem(model, data=dat2, meanstructure=TRUE)
> fitsemaux <- sem.auxiliary(fitsem, aux="z", data=dat2, meanstructure=TRUE)
Warning in lavaan::lavaan(model = list(id = 1:61, lhs = c("ind60", "ind60",  :
  lavaan WARNING: residual covariance matrix is not positive definite; use inspect(fit,"cov.ov") to investigate.
> 
> # Example of covariate at the factor level
> 
> HS.model.cov <- ' visual  =~ x1 + x2 + x3
+               textual =~ x4 + x5 + x6
+              speed   =~ x7 + x8 + x9 
+ 			  visual ~ sex
+ 			  textual ~ sex
+ 			  speed ~ sex'
> 	  
> fitcov <- cfa(HS.model.cov, data=dat, fixed.x=FALSE, meanstructure=TRUE) 
> fitcovaux <- cfa.auxiliary(fitcov, aux="z", data=dat)
> 
> # Example of  Endogenous variable with single indicator 
> HS.model.cov2 <- ' visual  =~ x1 + x2 + x3
+               textual =~ x4 + x5 + x6
+               x7 ~ visual + textual'
>  	  
> fitcov2 <- sem(HS.model.cov2, data=dat, fixed.x=FALSE, meanstructure=TRUE) 
> fitcov2aux <- sem.auxiliary(fitcov2, aux="z", data=dat)
> 
> # Multiple auxiliary variables
> HS.model2 <- ' visual  =~ x1 + x2 + x3
+               speed   =~ x7 + x8 + x9'
> fit <- cfa(HS.model2, data=HolzingerSwineford1939)
> fitaux <- cfa.auxiliary(HS.model2, data=HolzingerSwineford1939, aux=c("x4", "x5")) 
> 
> 
> 
> base::assign(".dptime", (proc.time() - get(".ptime", pos = "CheckExEnv")), pos = "CheckExEnv")
> base::cat("auxiliary", base::get(".format_ptime", pos = 'CheckExEnv')(get(".dptime", pos = "CheckExEnv")), "\n", file=base::get(".ExTimings", pos = 'CheckExEnv'), append=TRUE, sep="\t")
> cleanEx()
> nameEx("bsBootMiss")
> ### * bsBootMiss
> 
> flush(stderr()); flush(stdout())
> 
> base::assign(".ptime", proc.time(), pos = "CheckExEnv")
> ### Name: bsBootMiss
> ### Title: Bollen-Stine Bootstrap with the Existence of Missing Data
> ### Aliases: bsBootMiss
> 
> ### ** Examples
> 
> dat1 <- HolzingerSwineford1939
> dat1$x5 <- ifelse(dat1$x1 <= quantile(dat1$x1, .3), NA, dat1$x5)
> dat1$x9 <- ifelse(is.na(dat1$x5), NA, dat1$x9)
> 
> targetModel <- "
+ visual  =~ x1 + x2 + x3
+ textual =~ x4 + x5 + x6
+ speed   =~ x7 + x8 + x9
+ "
> targetFit <- sem(targetModel, dat1, meanstructure = TRUE, std.lv = TRUE,
+                  missing = "fiml", group = "school")
> summary(targetFit, fit = TRUE, standardized = TRUE)
lavaan (0.5-16) converged normally after  62 iterations

  Number of observations per group         
  Pasteur                                          156
  Grant-White                                      145

  Number of missing patterns per group     
  Pasteur                                            2
  Grant-White                                        2

  Estimator                                         ML
  Minimum Function Test Statistic               85.712
  Degrees of freedom                                48
  P-value (Chi-square)                           0.001

Chi-square for each group:

  Pasteur                                       38.520
  Grant-White                                   47.192

Model test baseline model:

  Minimum Function Test Statistic              807.806
  Degrees of freedom                                72
  P-value                                        0.000

User model versus baseline model:

  Comparative Fit Index (CFI)                    0.949
  Tucker-Lewis Index (TLI)                       0.923

Loglikelihood and Information Criteria:

  Loglikelihood user model (H0)              -3428.208
  Loglikelihood unrestricted model (H1)      -3385.352

  Number of free parameters                         60
  Akaike (AIC)                                6976.416
  Bayesian (BIC)                              7198.843
  Sample-size adjusted Bayesian (BIC)         7008.557

Root Mean Square Error of Approximation:

  RMSEA                                          0.072
  90 Percent Confidence Interval          0.047  0.097
  P-value RMSEA <= 0.05                          0.073

Standardized Root Mean Square Residual:

  SRMR                                           0.082

Parameter estimates:

  Information                                 Observed
  Standard Errors                             Standard

Group 1 [Pasteur]:

                   Estimate  Std.err  Z-value  P(>|z|)   Std.lv  Std.all
Latent variables:
  visual =~
    x1                1.074    0.138    7.810    0.000    1.074    0.909
    x2                0.398    0.121    3.287    0.001    0.398    0.325
    x3                0.580    0.111    5.231    0.000    0.580    0.500
  textual =~
    x4                0.926    0.082   11.339    0.000    0.926    0.806
    x5                1.079    0.100   10.773    0.000    1.079    0.854
    x6                0.833    0.069   12.057    0.000    0.833    0.844
  speed =~
    x7                0.682    0.121    5.653    0.000    0.682    0.631
    x8                0.618    0.107    5.794    0.000    0.618    0.633
    x9                0.543    0.116    4.676    0.000    0.543    0.566

Covariances:
  visual ~~
    textual           0.527    0.079    6.662    0.000    0.527    0.527
    speed             0.180    0.117    1.544    0.123    0.180    0.180
  textual ~~
    speed             0.350    0.102    3.420    0.001    0.350    0.350

Intercepts:
    x1                4.941    0.095   52.249    0.000    4.941    4.183
    x2                5.984    0.098   60.949    0.000    5.984    4.880
    x3                2.487    0.093   26.778    0.000    2.487    2.144
    x4                2.823    0.092   30.689    0.000    2.823    2.457
    x5                3.941    0.113   34.844    0.000    3.941    3.119
    x6                1.922    0.079   24.321    0.000    1.922    1.947
    x7                4.432    0.087   51.181    0.000    4.432    4.098
    x8                5.563    0.078   71.214    0.000    5.563    5.702
    x9                5.559    0.092   60.265    0.000    5.559    5.796
    visual            0.000                               0.000    0.000
    textual           0.000                               0.000    0.000
    speed             0.000                               0.000    0.000

Variances:
    x1                0.242    0.253                      0.242    0.173
    x2                1.345    0.163                      1.345    0.895
    x3                1.009    0.140                      1.009    0.750
    x4                0.463    0.078                      0.463    0.351
    x5                0.432    0.097                      0.432    0.271
    x6                0.281    0.056                      0.281    0.288
    x7                0.704    0.149                      0.704    0.602
    x8                0.571    0.119                      0.571    0.599
    x9                0.626    0.118                      0.626    0.680
    visual            1.000                               1.000    1.000
    textual           1.000                               1.000    1.000
    speed             1.000                               1.000    1.000



Group 2 [Grant-White]:

                   Estimate  Std.err  Z-value  P(>|z|)   Std.lv  Std.all
Latent variables:
  visual =~
    x1                0.747    0.106    7.010    0.000    0.747    0.650
    x2                0.583    0.102    5.727    0.000    0.583    0.527
    x3                0.743    0.096    7.718    0.000    0.743    0.717
  textual =~
    x4                0.973    0.080   12.186    0.000    0.973    0.868
    x5                0.948    0.094   10.120    0.000    0.948    0.832
    x6                0.937    0.082   11.431    0.000    0.937    0.828
  speed =~
    x7                0.689    0.088    7.790    0.000    0.689    0.669
    x8                0.884    0.098    9.025    0.000    0.884    0.845
    x9                0.556    0.102    5.453    0.000    0.556    0.615

Covariances:
  visual ~~
    textual           0.537    0.087    6.197    0.000    0.537    0.537
    speed             0.440    0.103    4.257    0.000    0.440    0.440
  textual ~~
    speed             0.256    0.107    2.386    0.017    0.256    0.256

Intercepts:
    x1                4.930    0.095   51.696    0.000    4.930    4.293
    x2                6.200    0.092   67.416    0.000    6.200    5.599
    x3                1.996    0.086   23.195    0.000    1.996    1.926
    x4                3.317    0.093   35.625    0.000    3.317    2.959
    x5                4.754    0.104   45.659    0.000    4.754    4.171
    x6                2.469    0.094   26.277    0.000    2.469    2.182
    x7                3.921    0.086   45.819    0.000    3.921    3.805
    x8                5.488    0.087   63.174    0.000    5.488    5.246
    x9                5.500    0.087   63.189    0.000    5.500    6.086
    visual            0.000                               0.000    0.000
    textual           0.000                               0.000    0.000
    speed             0.000                               0.000    0.000

Variances:
    x1                0.761    0.131                      0.761    0.577
    x2                0.886    0.123                      0.886    0.723
    x3                0.522    0.110                      0.522    0.486
    x4                0.310    0.071                      0.310    0.247
    x5                0.400    0.082                      0.400    0.308
    x6                0.402    0.074                      0.402    0.314
    x7                0.587    0.094                      0.587    0.553
    x8                0.312    0.127                      0.312    0.285
    x9                0.507    0.095                      0.507    0.621
    visual            1.000                               1.000    1.000
    textual           1.000                               1.000    1.000
    speed             1.000                               1.000    1.000

> 
> # The number of bootstrap samples should be much higher.
> temp <- bsBootMiss(targetFit, transformation = 1, nBoot = 10, seed = 31415)
> 
> temp
Chi-Squared = 85.71211
Degrees of Freedom = 48
Theoretical p value = 0.0006681878
    i.e., pchisq(85.71211, df = 48, lower.tail = FALSE)

Bootstrapped p value = 0

> summary(temp)
It took 0 seconds to transform the data.
 
It took 6.23 seconds 
to fit the model to 10 bootstrapped samples.
 
Mean of Theoretical Distribution = DF = 48 
Variance of Theoretical Distribution = 2*DF = 96 

Mean of Bootstrap Distribution = 51.79789 
Variance of Bootstrap Distribution = 74.00855 

Chi-Squared = 85.71211
Degrees of Freedom = 48
Theoretical p value = 0.0006681878
    i.e., pchisq(85.71211, df = 48, lower.tail = FALSE)

Bootstrapped p value = 0

> hist(temp)
It took 0 seconds to transform the data.
 
It took 6.23 seconds 
to fit the model to 10 bootstrapped samples.
 
Mean of Theoretical Distribution = DF = 48 
Variance of Theoretical Distribution = 2*DF = 96 

Mean of Bootstrap Distribution = 51.79789 
Variance of Bootstrap Distribution = 74.00855 

Chi-Squared = 85.71211
Degrees of Freedom = 48
Theoretical p value = 0.0006681878
    i.e., pchisq(85.71211, df = 48, lower.tail = FALSE)

Bootstrapped p value = 0

> ## user can specify confidence level (default = 0.95), the location of
> ## the legend ("none", "right", or "left"), and pass other arguments to hist()
> hist(temp, conf = .90, legend = "none", xlab = "something else", breaks = 25)
It took 0 seconds to transform the data.
 
It took 6.23 seconds 
to fit the model to 10 bootstrapped samples.
 
Mean of Theoretical Distribution = DF = 48 
Variance of Theoretical Distribution = 2*DF = 96 

Mean of Bootstrap Distribution = 51.79789 
Variance of Bootstrap Distribution = 74.00855 

Chi-Squared = 85.71211
Degrees of Freedom = 48
Theoretical p value = 0.0006681878
    i.e., pchisq(85.71211, df = 48, lower.tail = FALSE)

Bootstrapped p value = 0

> 
> 
> 
> 
> base::assign(".dptime", (proc.time() - get(".ptime", pos = "CheckExEnv")), pos = "CheckExEnv")
> base::cat("bsBootMiss", base::get(".format_ptime", pos = 'CheckExEnv')(get(".dptime", pos = "CheckExEnv")), "\n", file=base::get(".ExTimings", pos = 'CheckExEnv'), append=TRUE, sep="\t")
> cleanEx()
> nameEx("clipboard")
> ### * clipboard
> 
> flush(stderr()); flush(stdout())
> 
> base::assign(".ptime", proc.time(), pos = "CheckExEnv")
> ### Name: clipboard_saveFile
> ### Title: Copy or save the result of 'lavaan' or 'FitDiff' objects into a
> ###   clipboard or a file
> ### Aliases: clipboard saveFile
> 
> ### ** Examples
> 
> ## Not run: 
> ##D library(lavaan)
> ##D HW.model <- ' visual  =~ x1 + c1*x2 + x3
> ##D               textual =~ x4 + c1*x5 + x6
> ##D                speed   =~ x7 + x8 + x9 '
> ##D 
> ##D fit <- cfa(HW.model, data=HolzingerSwineford1939, group="school", meanstructure=TRUE)
> ##D 
> ##D # Copy the summary of the lavaan object
> ##D clipboard(fit)
> ##D 
> ##D # Copy the modification indices and the model fit from the miPowerFit function
> ##D clipboard(fit, "mifit")
> ##D 
> ##D # Copy the parameter estimates
> ##D clipboard(fit, "coef")
> ##D 
> ##D # Copy the standard errors
> ##D clipboard(fit, "se")
> ##D 
> ##D # Copy the sample statistics
> ##D clipboard(fit, "samp")
> ##D 
> ##D # Copy the fit measures
> ##D clipboard(fit, "fit")
> ##D 
> ##D # Save the summary of the lavaan object
> ##D saveFile(fit, "out.txt")
> ##D 
> ##D # Save the modification indices and the model fit from the miPowerFit function
> ##D saveFile(fit, "out.txt", "mifit")
> ##D 
> ##D # Save the parameter estimates
> ##D saveFile(fit, "out.txt", "coef")
> ##D 
> ##D # Save the standard errors
> ##D saveFile(fit, "out.txt", "se")
> ##D 
> ##D # Save the sample statistics
> ##D saveFile(fit, "out.txt", "samp")
> ##D 
> ##D # Save the fit measures
> ##D saveFile(fit, "out.txt", "fit")
> ## End(Not run)
> 
> 
> 
> base::assign(".dptime", (proc.time() - get(".ptime", pos = "CheckExEnv")), pos = "CheckExEnv")
> base::cat("clipboard", base::get(".format_ptime", pos = 'CheckExEnv')(get(".dptime", pos = "CheckExEnv")), "\n", file=base::get(".ExTimings", pos = 'CheckExEnv'), append=TRUE, sep="\t")
> cleanEx()
> nameEx("compareFit")
> ### * compareFit
> 
> flush(stderr()); flush(stdout())
> 
> base::assign(".ptime", proc.time(), pos = "CheckExEnv")
> ### Name: compareFit
> ### Title: Build an object summarizing fit indices across multiple models
> ### Aliases: compareFit
> 
> ### ** Examples
> 
> m1 <- ' visual  =~ x1 + x2 + x3
+         textual =~ x4 + x5 + x6
+         speed   =~ x7 + x8 + x9 '
> 
> fit1 <- cfa(m1, data=HolzingerSwineford1939)
> 
> m2 <- ' f1  =~ x1 + x2 + x3 + x4 
+         f2 =~ x5 + x6 + x7 + x8 + x9 '
> fit2 <- cfa(m2, data=HolzingerSwineford1939)
> compareFit(fit1, fit2, nested=FALSE)
#################### Fit Indices Summaries ##########################
       chisq df pvalue   cfi   tli       aic       bic rmsea  srmr
fit1  85.306 24  .000† .931† .896† 7517.490† 7595.339† .092† .065†
fit2 311.509 26  .000  .677  .552  7739.694  7810.129  .191  .143 
> 
> HW.model <- ' visual =~ x1 + x2 + x3
+               textual =~ x4 + x5 + x6
+               speed =~ x7 + x8 + x9 '
> 
> out <- measurementInvariance(HW.model, data=HolzingerSwineford1939, group="school", quiet=TRUE)
> compareFit(out)
################### Nested Model Comparison #########################
                                chi df      p delta.cfi
fit.configural - fit.loadings  8.19  6   .224    0.0025
fit.loadings - fit.intercepts 40.06  6  <.001    0.0385
fit.intercepts - fit.means    40.50  3  <.001    0.0423

#################### Fit Indices Summaries ##########################
                 chisq df pvalue   cfi   tli       aic       bic rmsea  srmr
fit.configural 115.851 48  .000  .923† .885  7484.395  7706.822  .097  .068†
fit.loadings   124.044 54  .000† .921  .895† 7480.587† 7680.771† .093† .072 
fit.intercepts 164.103 60  .000  .882  .859  7508.647  7686.588  .107  .082 
fit.means      204.605 63  .000  .840  .817  7543.149  7709.969  .122  .109 
> 
> 
> 
> base::assign(".dptime", (proc.time() - get(".ptime", pos = "CheckExEnv")), pos = "CheckExEnv")
> base::cat("compareFit", base::get(".format_ptime", pos = 'CheckExEnv')(get(".dptime", pos = "CheckExEnv")), "\n", file=base::get(".ExTimings", pos = 'CheckExEnv'), append=TRUE, sep="\t")
> cleanEx()
> nameEx("dat2way")
> ### * dat2way
> 
> flush(stderr()); flush(stdout())
> 
> base::assign(".ptime", proc.time(), pos = "CheckExEnv")
> ### Name: dat2way
> ### Title: Simulated Dataset to Demonstrate Two-way Latent Interaction
> ### Aliases: dat2way
> 
> ### ** Examples
> 
> head(dat2way)
             x1         x2          x3         x4          x5          x6
[1,] -1.8187626 -0.8562262 -1.68180435  1.1433047  0.73634431 -1.66626093
[2,] -0.5151810  0.8567330 -0.06406867 -1.4098765  1.65212477  0.50982044
[3,] -1.4966179  1.7452026 -0.18804763  1.0352673 -0.77030873 -1.84342363
[4,] -1.2196720 -1.5443674 -0.49324152 -0.9803422 -0.39348424 -0.20869145
[5,]  1.1821387 -1.3806932  0.11446183 -0.6386459  0.04413679  0.03828171
[6,] -0.9725346 -0.4393652 -1.01947176 -0.1275244 -0.19718816 -0.79168626
             x7         x8         x9
[1,] -0.4793663 -1.6561633 -0.4313809
[2,] -0.9954784  0.1258883  0.8478154
[3,]  2.0252067  1.3671299  2.8677786
[4,] -0.7616253  1.6029655  0.8155289
[5,] -1.4655456  0.5215523  0.6441019
[6,] -1.8503951  0.6594724 -1.2279043
> 
> 
> 
> base::assign(".dptime", (proc.time() - get(".ptime", pos = "CheckExEnv")), pos = "CheckExEnv")
> base::cat("dat2way", base::get(".format_ptime", pos = 'CheckExEnv')(get(".dptime", pos = "CheckExEnv")), "\n", file=base::get(".ExTimings", pos = 'CheckExEnv'), append=TRUE, sep="\t")
> cleanEx()
> nameEx("dat3way")
> ### * dat3way
> 
> flush(stderr()); flush(stdout())
> 
> base::assign(".ptime", proc.time(), pos = "CheckExEnv")
> ### Name: dat3way
> ### Title: Simulated Dataset to Demonstrate Three-way Latent Interaction
> ### Aliases: dat3way
> 
> ### ** Examples
> 
> head(dat3way)
             x1         x2         x3          x4          x5         x6
[1,] -1.5350991  0.5853918 -2.7037129 -0.02852141  0.11372774  0.6060233
[2,] -0.2666704  1.5121169 -0.3589631 -1.04593896  0.15343084  0.9117688
[3,] -1.3490760 -0.5772260 -0.3833028 -0.03173043 -1.74828341 -3.1067799
[4,] -0.2400794 -0.5623048  1.3005997  1.20582017 -0.08547333 -0.5011112
[5,] -0.7621797  0.3373819 -0.2898214 -1.12900967  2.27976826  1.4179838
[6,] -0.7475130 -0.6808552 -0.5687009  2.10449005  1.09482866  0.8162109
             x7         x8         x9        x10        x11        x12
[1,]  0.1552561 -0.4999699  0.7776045 -5.1407168 -4.6485279 -2.9206060
[2,]  0.2464521  1.1475477 -1.1810510 -0.5888113 -0.6838049  0.3721826
[3,] -1.0974235  1.1829523 -2.0712661 -0.1813980 -1.3643337  0.1941221
[4,]  2.7009420  1.8972051  1.2514742 -1.3278763 -2.6836083 -1.9448700
[5,]  1.3155577  1.9718828  0.8966157  0.2404679  1.8014037 -0.4086983
[6,]  0.4184400  0.5211154  1.6938082  0.4257118  1.8162746  0.5516283
> 
> 
> 
> base::assign(".dptime", (proc.time() - get(".ptime", pos = "CheckExEnv")), pos = "CheckExEnv")
> base::cat("dat3way", base::get(".format_ptime", pos = 'CheckExEnv')(get(".dptime", pos = "CheckExEnv")), "\n", file=base::get(".ExTimings", pos = 'CheckExEnv'), append=TRUE, sep="\t")
> cleanEx()
> nameEx("efaUnrotate")
> ### * efaUnrotate
> 
> flush(stderr()); flush(stdout())
> 
> base::assign(".ptime", proc.time(), pos = "CheckExEnv")
> ### Name: efaUnrotate
> ### Title: Analyze Unrotated Exploratory Factor Analysis Model
> ### Aliases: efaUnrotate
> 
> ### ** Examples
> 
> unrotated <- efaUnrotate(HolzingerSwineford1939, nf=3, varList=paste0("x", 1:9), estimator="mlr")
> summary(unrotated, std=TRUE)
lavaan (0.5-16) converged normally after 202 iterations

  Number of observations                           301

  Estimator                                         ML      Robust
  Minimum Function Test Statistic               22.897      23.864
  Degrees of freedom                                12          12
  P-value (Chi-square)                           0.029       0.021
  Scaling correction factor                                  0.959
    for the Yuan-Bentler correction

Parameter estimates:

  Information                                 Observed
  Standard Errors                   Robust.huber.white

                   Estimate  Std.err  Z-value  P(>|z|)   Std.lv  Std.nox
Latent variables:
  factor1 =~
    x1     (l1_1)     0.653    0.083    7.909    0.000    0.653    0.560
    x2     (l2_1)     0.353    0.079    4.481    0.000    0.353    0.300
    x3     (l3_1)     0.415    0.086    4.832    0.000    0.415    0.368
    x4     (l4_1)     0.926    0.067   13.762    0.000    0.926    0.797
    x5     (l5_1)     1.014    0.067   15.176    0.000    1.014    0.787
    x6     (l6_1)     0.868    0.062   13.887    0.000    0.868    0.793
    x7     (l7_1)     0.283    0.091    3.113    0.002    0.283    0.260
    x8     (l8_1)     0.340    0.083    4.096    0.000    0.340    0.337
    x9     (l9_1)     0.460    0.078    5.881    0.000    0.460    0.457
  factor2 =~
    x1     (l1_2)     0.349    0.124    2.814    0.005    0.349    0.299
    x2     (l2_2)     0.242    0.159    1.523    0.128    0.242    0.206
    x3     (l3_2)     0.497    0.132    3.767    0.000    0.497    0.440
    x4     (l4_2)    -0.337    0.067   -5.058    0.000   -0.337   -0.290
    x5     (l5_2)    -0.461    0.077   -6.009    0.000   -0.461   -0.358
    x6     (l6_2)    -0.280    0.057   -4.908    0.000   -0.280   -0.256
    x7     (l7_2)     0.372    0.188    1.976    0.048    0.372    0.342
    x8     (l8_2)     0.510    0.133    3.831    0.000    0.510    0.505
    x9     (l9_2)     0.489    0.066    7.416    0.000    0.489    0.485
  factor3 =~
    x1     (l1_3)    -0.338    0.103   -3.276    0.001   -0.338   -0.290
    x2     (l2_3)    -0.405    0.092   -4.401    0.000   -0.405   -0.345
    x3     (l3_3)    -0.404    0.120   -3.355    0.001   -0.404   -0.358
    x4     (l4_3)     0.049    0.098    0.503    0.615    0.049    0.042
    x5     (l5_3)     0.122    0.105    1.154    0.248    0.122    0.094
    x6     (l6_3)    -0.000    0.076   -0.002    0.998   -0.000   -0.000
    x7     (l7_3)     0.609    0.125    4.863    0.000    0.609    0.560
    x8     (l8_3)     0.409    0.143    2.853    0.004    0.409    0.404
    x9     (l9_3)     0.112    0.123    0.915    0.360    0.112    0.111

Covariances:
  factor1 ~~
    factor2           0.000                               0.000    0.000
    factor3           0.000                               0.000    0.000
  factor2 ~~
    factor3           0.000                               0.000    0.000

Intercepts:
    x1                4.936    0.067   73.473    0.000    4.936    4.235
    x2                6.088    0.068   89.855    0.000    6.088    5.179
    x3                2.250    0.065   34.579    0.000    2.250    1.993
    x4                3.061    0.067   45.694    0.000    3.061    2.634
    x5                4.341    0.074   58.452    0.000    4.341    3.369
    x6                2.186    0.063   34.667    0.000    2.186    1.998
    x7                4.186    0.063   66.766    0.000    4.186    3.848
    x8                5.527    0.058   94.854    0.000    5.527    5.467
    x9                5.374    0.058   92.546    0.000    5.374    5.334
    factor1           0.000                               0.000    0.000
    factor2           0.000                               0.000    0.000
    factor3           0.000                               0.000    0.000

Variances:
    factor1           1.000                               1.000    1.000
    factor2           1.000                               1.000    1.000
    factor3           1.000                               1.000    1.000
    x1                0.696    0.113                      0.696    0.513
    x2                1.035    0.106                      1.035    0.749
    x3                0.692    0.097                      0.692    0.543
    x4                0.377    0.053                      0.377    0.279
    x5                0.403    0.064                      0.403    0.243
    x6                0.365    0.046                      0.365    0.305
    x7                0.594    0.148                      0.594    0.502
    x8                0.479    0.099                      0.479    0.469
    x9                0.551    0.065                      0.551    0.543

Constraints:                               Slack (>=0)
    0-(1_2*1_1+2_2*2_1+3_2*3_1+4_2*4_1+5_2*5_    0.000
    0-(1_3*1_1+2_3*2_1+3_3*3_1+4_3*4_1+5_3*5_    0.000
    0-(1_3*1_2+2_3*2_2+3_3*3_2+4_3*4_2+5_3*5_    0.000

> inspect(unrotated, "standardized")
       lhs op
1  factor1 =~
2  factor1 =~
3  factor1 =~
4  factor1 =~
5  factor1 =~
6  factor1 =~
7  factor1 =~
8  factor1 =~
9  factor1 =~
10 factor2 =~
11 factor2 =~
12 factor2 =~
13 factor2 =~
14 factor2 =~
15 factor2 =~
16 factor2 =~
17 factor2 =~
18 factor2 =~
19 factor3 =~
20 factor3 =~
21 factor3 =~
22 factor3 =~
23 factor3 =~
24 factor3 =~
25 factor3 =~
26 factor3 =~
27 factor3 =~
28 factor1 ~~
29 factor2 ~~
30 factor3 ~~
31      x1 ~1
32      x2 ~1
33      x3 ~1
34      x4 ~1
35      x5 ~1
36      x6 ~1
37      x7 ~1
38      x8 ~1
39      x9 ~1
40 factor1 ~~
41 factor1 ~~
42 factor2 ~~
43      x1 ~~
44      x2 ~~
45      x3 ~~
46      x4 ~~
47      x5 ~~
48      x6 ~~
49      x7 ~~
50      x8 ~~
51      x9 ~~
52 factor1 ~1
53 factor2 ~1
54 factor3 ~1
55       0 ==
56       0 ==
57       0 ==
                                                                                                                                               rhs
1                                                                                                                                               x1
2                                                                                                                                               x2
3                                                                                                                                               x3
4                                                                                                                                               x4
5                                                                                                                                               x5
6                                                                                                                                               x6
7                                                                                                                                               x7
8                                                                                                                                               x8
9                                                                                                                                               x9
10                                                                                                                                              x1
11                                                                                                                                              x2
12                                                                                                                                              x3
13                                                                                                                                              x4
14                                                                                                                                              x5
15                                                                                                                                              x6
16                                                                                                                                              x7
17                                                                                                                                              x8
18                                                                                                                                              x9
19                                                                                                                                              x1
20                                                                                                                                              x2
21                                                                                                                                              x3
22                                                                                                                                              x4
23                                                                                                                                              x5
24                                                                                                                                              x6
25                                                                                                                                              x7
26                                                                                                                                              x8
27                                                                                                                                              x9
28                                                                                                                                         factor1
29                                                                                                                                         factor2
30                                                                                                                                         factor3
31                                                                                                                                                
32                                                                                                                                                
33                                                                                                                                                
34                                                                                                                                                
35                                                                                                                                                
36                                                                                                                                                
37                                                                                                                                                
38                                                                                                                                                
39                                                                                                                                                
40                                                                                                                                         factor2
41                                                                                                                                         factor3
42                                                                                                                                         factor3
43                                                                                                                                              x1
44                                                                                                                                              x2
45                                                                                                                                              x3
46                                                                                                                                              x4
47                                                                                                                                              x5
48                                                                                                                                              x6
49                                                                                                                                              x7
50                                                                                                                                              x8
51                                                                                                                                              x9
52                                                                                                                                                
53                                                                                                                                                
54                                                                                                                                                
55 load1_2*load1_1+load2_2*load2_1+load3_2*load3_1+load4_2*load4_1+load5_2*load5_1+load6_2*load6_1+load7_2*load7_1+load8_2*load8_1+load9_2*load9_1
56 load1_3*load1_1+load2_3*load2_1+load3_3*load3_1+load4_3*load4_1+load5_3*load5_1+load6_3*load6_1+load7_3*load7_1+load8_3*load8_1+load9_3*load9_1
57 load1_3*load1_2+load2_3*load2_2+load3_3*load3_2+load4_3*load4_2+load5_3*load5_2+load6_3*load6_2+load7_3*load7_2+load8_3*load8_2+load9_3*load9_2
   est.std    se      z pvalue
1    0.560 0.071  7.909  0.000
2    0.300 0.067  4.481  0.000
3    0.368 0.076  4.832  0.000
4    0.797 0.058 13.762  0.000
5    0.787 0.052 15.176  0.000
6    0.793 0.057 13.887  0.000
7    0.260 0.083  3.113  0.002
8    0.337 0.082  4.096  0.000
9    0.457 0.078  5.881  0.000
10   0.299 0.106  2.814  0.005
11   0.206 0.135  1.523  0.128
12   0.440 0.117  3.767  0.000
13  -0.290 0.057 -5.058  0.000
14  -0.358 0.060 -6.009  0.000
15  -0.256 0.052 -4.908  0.000
16   0.342 0.173  1.976  0.048
17   0.505 0.132  3.831  0.000
18   0.485 0.065  7.416  0.000
19  -0.290 0.089 -3.276  0.001
20  -0.345 0.078 -4.401  0.000
21  -0.358 0.107 -3.355  0.001
22   0.042 0.084  0.503  0.615
23   0.094 0.082  1.154  0.248
24   0.000 0.070 -0.002  0.998
25   0.560 0.115  4.863  0.000
26   0.404 0.142  2.853  0.004
27   0.111 0.122  0.915  0.360
28   1.000    NA     NA     NA
29   1.000    NA     NA     NA
30   1.000    NA     NA     NA
31   4.235 0.058 73.473  0.000
32   5.179 0.058 89.855  0.000
33   1.993 0.058 34.579  0.000
34   2.634 0.058 45.694  0.000
35   3.369 0.058 58.452  0.000
36   1.998 0.058 34.667  0.000
37   3.848 0.058 66.766  0.000
38   5.467 0.058 94.854  0.000
39   5.334 0.058 92.546  0.000
40   0.000    NA     NA     NA
41   0.000    NA     NA     NA
42   0.000    NA     NA     NA
43   0.513 0.083  6.184  0.000
44   0.749 0.076  9.803  0.000
45   0.543 0.076  7.133  0.000
46   0.279 0.039  7.170  0.000
47   0.243 0.039  6.303  0.000
48   0.305 0.038  7.984  0.000
49   0.502 0.125  4.014  0.000
50   0.469 0.097  4.842  0.000
51   0.543 0.064  8.518  0.000
52   0.000    NA     NA     NA
53   0.000    NA     NA     NA
54   0.000    NA     NA     NA
55  -0.156    NA     NA     NA
56  -0.043    NA     NA     NA
57  -0.088    NA     NA     NA
> 
> dat <- data.frame(HolzingerSwineford1939, z=rnorm(nrow(HolzingerSwineford1939), 0, 1))
> unrotated2 <- efaUnrotate(dat, nf=2, varList=paste0("x", 1:9), aux="z")
> 
> 
> 
> base::assign(".dptime", (proc.time() - get(".ptime", pos = "CheckExEnv")), pos = "CheckExEnv")
> base::cat("efaUnrotate", base::get(".format_ptime", pos = 'CheckExEnv')(get(".dptime", pos = "CheckExEnv")), "\n", file=base::get(".ExTimings", pos = 'CheckExEnv'), append=TRUE, sep="\t")
> cleanEx()
> nameEx("exLong")
> ### * exLong
> 
> flush(stderr()); flush(stdout())
> 
> base::assign(".ptime", proc.time(), pos = "CheckExEnv")
> ### Name: exLong
> ### Title: Simulated Data set to Demonstrate Longitudinal Measurement
> ###   Invariance
> ### Aliases: exLong
> 
> ### ** Examples
> 
> head(exLong)
     sex       y1t1       y2t1        y3t1       y1t2        y2t2      y3t2
1 female  2.7625423  2.2812510  2.49656014  2.9499400  1.12338865 2.1505466
2 female  0.2707267 -0.7830365 -0.23554656  0.4631038  0.37536412 2.0283960
3 female -0.2604141  0.3146881  1.21590069  0.3528803  0.00986991 1.0709696
4 female -1.0227953 -1.3454733  0.04899156  1.9530137 -1.03357363 2.7817132
5 female  0.7385408 -0.6027341  0.42557808 -0.2027779 -0.34937717 1.1865013
6 female  0.5864878 -0.4659974  0.10691644  0.7869085 -0.31982170 0.4825864
       y1t3       y2t3       y3t3
1  1.912824  1.9625734  2.4403812
2  2.112440  0.4326280  2.6352259
3  1.472736  1.1951005  1.4287358
4  1.249376 -0.5369589  2.3371304
5  1.425101  1.8539630  2.0861627
6 -1.201912 -2.0090700 -0.8366951
> 
> 
> 
> base::assign(".dptime", (proc.time() - get(".ptime", pos = "CheckExEnv")), pos = "CheckExEnv")
> base::cat("exLong", base::get(".format_ptime", pos = 'CheckExEnv')(get(".dptime", pos = "CheckExEnv")), "\n", file=base::get(".ExTimings", pos = 'CheckExEnv'), append=TRUE, sep="\t")
> cleanEx()
> nameEx("findRMSEApower")
> ### * findRMSEApower
> 
> flush(stderr()); flush(stdout())
> 
> base::assign(".ptime", proc.time(), pos = "CheckExEnv")
> ### Name: findRMSEApower
> ### Title: Find the statistical power based on population RMSEA
> ### Aliases: findRMSEApower
> 
> ### ** Examples
> 
> findRMSEApower(rmsea0=.05, rmseaA=.08, df=20, n=200)
[1] 0.454368
> 
> 
> 
> base::assign(".dptime", (proc.time() - get(".ptime", pos = "CheckExEnv")), pos = "CheckExEnv")
> base::cat("findRMSEApower", base::get(".format_ptime", pos = 'CheckExEnv')(get(".dptime", pos = "CheckExEnv")), "\n", file=base::get(".ExTimings", pos = 'CheckExEnv'), append=TRUE, sep="\t")
> cleanEx()
> nameEx("findRMSEApowernested")
> ### * findRMSEApowernested
> 
> flush(stderr()); flush(stdout())
> 
> base::assign(".ptime", proc.time(), pos = "CheckExEnv")
> ### Name: findRMSEApowernested
> ### Title: Find power given a sample size in nested model comparison
> ### Aliases: findRMSEApowernested
> 
> ### ** Examples
> 
> findRMSEApowernested(rmsea0A = 0.06, rmsea0B = 0.05, rmsea1A = 0.08, 
+ rmsea1B = 0.05, dfA = 22, dfB = 20, n = 200, alpha = 0.05, group = 1)
[1] 0.5624986
> 
> 
> 
> base::assign(".dptime", (proc.time() - get(".ptime", pos = "CheckExEnv")), pos = "CheckExEnv")
> base::cat("findRMSEApowernested", base::get(".format_ptime", pos = 'CheckExEnv')(get(".dptime", pos = "CheckExEnv")), "\n", file=base::get(".ExTimings", pos = 'CheckExEnv'), append=TRUE, sep="\t")
> cleanEx()
> nameEx("findRMSEAsamplesize")
> ### * findRMSEAsamplesize
> 
> flush(stderr()); flush(stdout())
> 
> base::assign(".ptime", proc.time(), pos = "CheckExEnv")
> ### Name: findRMSEAsamplesize
> ### Title: Find the minimum sample size for a given statistical power based
> ###   on population RMSEA
> ### Aliases: findRMSEAsamplesize
> 
> ### ** Examples
> 
> findRMSEAsamplesize(rmsea0=.05, rmseaA=.08, df=20, power=0.80)
[1] 434
> 
> 
> 
> base::assign(".dptime", (proc.time() - get(".ptime", pos = "CheckExEnv")), pos = "CheckExEnv")
> base::cat("findRMSEAsamplesize", base::get(".format_ptime", pos = 'CheckExEnv')(get(".dptime", pos = "CheckExEnv")), "\n", file=base::get(".ExTimings", pos = 'CheckExEnv'), append=TRUE, sep="\t")
> cleanEx()
> nameEx("findRMSEAsamplesizenested")
> ### * findRMSEAsamplesizenested
> 
> flush(stderr()); flush(stdout())
> 
> base::assign(".ptime", proc.time(), pos = "CheckExEnv")
> ### Name: findRMSEAsamplesizenested
> ### Title: Find sample size given a power in nested model comparison
> ### Aliases: findRMSEAsamplesizenested
> 
> ### ** Examples
> 
> findRMSEAsamplesizenested(rmsea0A = 0, rmsea0B = 0, rmsea1A = 0.06, 
+ rmsea1B = 0.05, dfA = 22, dfB = 20, power=0.80, alpha=.05, group=1) 
[1] 331
> 
> 
> 
> base::assign(".dptime", (proc.time() - get(".ptime", pos = "CheckExEnv")), pos = "CheckExEnv")
> base::cat("findRMSEAsamplesizenested", base::get(".format_ptime", pos = 'CheckExEnv')(get(".dptime", pos = "CheckExEnv")), "\n", file=base::get(".ExTimings", pos = 'CheckExEnv'), append=TRUE, sep="\t")
> cleanEx()
> nameEx("fitMeasuresMx")
> ### * fitMeasuresMx
> 
> flush(stderr()); flush(stdout())
> 
> base::assign(".ptime", proc.time(), pos = "CheckExEnv")
> ### Name: fitMeasuresMx
> ### Title: Find fit measures from an MxModel result
> ### Aliases: fitMeasuresMx
> 
> ### ** Examples
> 
> ## Not run: 
> ##D library(OpenMx)
> ##D data(demoOneFactor)
> ##D manifests <- names(demoOneFactor)
> ##D latents <- c("G")
> ##D factorModel <- mxModel("One Factor", 
> ##D     type="RAM",
> ##D     manifestVars=manifests, 
> ##D     latentVars=latents,
> ##D     mxPath(from=latents, to=manifests),
> ##D     mxPath(from=manifests, arrows=2),
> ##D     mxPath(from=latents, arrows=2, free=FALSE, values=1.0),
> ##D     mxData(observed=cov(demoOneFactor), type="cov", numObs=500)
> ##D )
> ##D factorFit <- mxRun(factorModel)
> ##D round(fitMeasuresMx(factorFit), 3)
> ##D 
> ##D # Compare with lavaan
> ##D library(lavaan)
> ##D script <- "f1 =~ x1 + x2 + x3 + x4 + x5"
> ##D fitMeasures(cfa(script, sample.cov = cov(demoOneFactor), sample.nobs = 500, std.lv = TRUE))
> ## End(Not run)
> 
> 
> 
> base::assign(".dptime", (proc.time() - get(".ptime", pos = "CheckExEnv")), pos = "CheckExEnv")
> base::cat("fitMeasuresMx", base::get(".format_ptime", pos = 'CheckExEnv')(get(".dptime", pos = "CheckExEnv")), "\n", file=base::get(".ExTimings", pos = 'CheckExEnv'), append=TRUE, sep="\t")
> cleanEx()
> nameEx("fmi")
> ### * fmi
> 
> flush(stderr()); flush(stdout())
> 
> base::assign(".ptime", proc.time(), pos = "CheckExEnv")
> ### Name: fmi
> ### Title: Fraction of Missing Information.
> ### Aliases: fmi
> 
> ### ** Examples
> 
> library(Amelia)
Loading required package: foreign
Loading required package: Rcpp
Loading required package: RcppArmadillo
## 
## Amelia II: Multiple Imputation
## (Version 1.7.2, built: 2013-04-03)
## Copyright (C) 2005-2014 James Honaker, Gary King and Matthew Blackwell
## Refer to http://gking.harvard.edu/amelia/ for more information
## 
> library(lavaan)
> 
> modsim <- '
+ f1 =~ 0.7*y1+0.7*y2+0.7*y3
+ f2 =~ 0.7*y4+0.7*y5+0.7*y6
+ f3 =~ 0.7*y7+0.7*y8+0.7*y9'
> 
> datsim <- simulateData(modsim,model.type="cfa", meanstructure=TRUE, 
+                        std.lv=TRUE, sample.nobs=c(200,200))
> randomMiss2 <- rbinom(prod(dim(datsim)), 1, 0.1)
> randomMiss2 <- matrix(as.logical(randomMiss2), nrow=nrow(datsim))
> randomMiss2[,10] <- FALSE
> datsim[randomMiss2] <- NA
> datsimMI <- amelia(datsim,m=3,idvars="group")
-- Imputation 1 --

  1  2  3  4  5  6  7  8

-- Imputation 2 --

  1  2  3  4  5  6  7  8

-- Imputation 3 --

  1  2  3  4  5  6  7  8

> 
> out1 <- fmi(datsimMI$imputations, exclude="group")
> out1
$Variances
  var group  coef fmi.1 fmi.2
1  y1     1 1.461 0.165 0.187
2  y2     1 1.615 0.140 0.156
3  y3     1 1.541 0.126 0.140
4  y4     1 1.525 0.060 0.063
5  y5     1 1.792 0.015 0.015
6  y6     1 1.667 0.081 0.086
7  y7     1 1.569 0.155 0.174
8  y8     1 1.529 0.136 0.152
9  y9     1 1.741 0.155 0.174

$Means
  var group   coef fmi.1 fmi.2
1  y1     1 -0.089 0.041 0.042
2  y2     1  0.039 0.065 0.069
3  y3     1 -0.012 0.160 0.180
4  y4     1 -0.013 0.021 0.021
5  y5     1 -0.035 0.107 0.116
6  y6     1  0.067 0.032 0.033
7  y7     1  0.042 0.026 0.027
8  y8     1 -0.042 0.077 0.083
9  y9     1  0.034 0.105 0.115

>                        
> out2 <- fmi(datsimMI$imputations, exclude="group", method="null")
> out2
$Variances
  var group  coef fmi.1 fmi.2
1  y1     1 1.461 0.165 0.187
2  y2     1 1.615 0.140 0.156
3  y3     1 1.541 0.126 0.140
4  y4     1 1.525 0.060 0.063
5  y5     1 1.792 0.015 0.015
6  y6     1 1.667 0.081 0.086
7  y7     1 1.569 0.155 0.174
8  y8     1 1.529 0.136 0.152
9  y9     1 1.741 0.155 0.174

$Means
  var group   coef fmi.1 fmi.2
1  y1     1 -0.089 0.041 0.042
2  y2     1  0.039 0.065 0.069
3  y3     1 -0.012 0.160 0.180
4  y4     1 -0.013 0.021 0.021
5  y5     1 -0.035 0.107 0.116
6  y6     1  0.067 0.032 0.033
7  y7     1  0.042 0.026 0.027
8  y8     1 -0.042 0.077 0.083
9  y9     1  0.034 0.105 0.115

$Message
[1] "These estimates used the null model, they may not be as precise as the saturated model estimates"

>                        
> out3 <- fmi(datsimMI$imputations, varnames=c("y1","y2","y3","y4"))
> out3
$Variances
  var group  coef fmi.1 fmi.2
1  y1     1 1.461 0.165 0.187
2  y2     1 1.615 0.140 0.156
3  y3     1 1.541 0.126 0.140
4  y4     1 1.525 0.060 0.063

$Means
  var group   coef fmi.1 fmi.2
1  y1     1 -0.089 0.041 0.042
2  y2     1  0.039 0.065 0.069
3  y3     1 -0.012 0.160 0.180
4  y4     1 -0.013 0.021 0.021

> 
> out4 <- fmi(datsimMI$imputations, group="group")
> out4
$Variances
   var group  coef fmi.1 fmi.2
1   y1     1 1.428 0.152 0.171
2   y2     1 1.518 0.170 0.193
3   y3     1 1.627 0.124 0.138
4   y4     1 1.605 0.006 0.006
5   y5     1 1.793 0.115 0.126
6   y6     1 1.580 0.016 0.017
7   y7     1 1.555 0.018 0.018
8   y8     1 1.523 0.026 0.027
9   y9     1 1.726 0.085 0.091
10  y1     2 1.493 0.309 0.366
11  y2     2 1.709 0.106 0.116
12  y3     2 1.452 0.068 0.072
13  y4     2 1.444 0.078 0.084
14  y5     2 1.776 0.141 0.158
15  y6     2 1.746 0.055 0.058
16  y7     2 1.576 0.320 0.380
17  y8     2 1.533 0.147 0.164
18  y9     2 1.748 0.167 0.189

$Means
   var group   coef fmi.1 fmi.2
1   y1     1 -0.097 0.079 0.084
2   y2     1  0.075 0.038 0.040
3   y3     1 -0.045 0.113 0.124
4   y4     1 -0.009 0.097 0.106
5   y5     1  0.046 0.169 0.191
6   y6     1  0.125 0.105 0.114
7   y7     1 -0.015 0.074 0.079
8   y8     1 -0.065 0.085 0.092
9   y9     1 -0.027 0.107 0.117
10  y1     2 -0.082 0.032 0.033
11  y2     2  0.003 0.075 0.080
12  y3     2  0.021 0.201 0.231
13  y4     2 -0.017 0.055 0.058
14  y5     2 -0.116 0.038 0.040
15  y6     2  0.008 0.151 0.170
16  y7     2  0.098 0.206 0.238
17  y8     2 -0.019 0.041 0.043
18  y9     2  0.094 0.138 0.154

> 
> 
> 
> 
> base::assign(".dptime", (proc.time() - get(".ptime", pos = "CheckExEnv")), pos = "CheckExEnv")
> base::cat("fmi", base::get(".format_ptime", pos = 'CheckExEnv')(get(".dptime", pos = "CheckExEnv")), "\n", file=base::get(".ExTimings", pos = 'CheckExEnv'), append=TRUE, sep="\t")
> cleanEx()

detaching 'package:Amelia', 'package:RcppArmadillo', 'package:Rcpp',
  'package:foreign'

> nameEx("impliedFactorStat")
> ### * impliedFactorStat
> 
> flush(stderr()); flush(stdout())
> 
> base::assign(".ptime", proc.time(), pos = "CheckExEnv")
> ### Name: impliedFactorStat
> ### Title: Calculate the model-implied factor means and covariance matrix.
> ### Aliases: impliedFactorMean impliedFactorCov impliedFactorStat
> 
> ### ** Examples
> 
> HS.model <- ' visual  =~ x1 + x2 + x3
+               textual =~ x4 + x5 + x6
+               speed   =~ x7 + x8 + x9 '
> 
> fit <- cfa(HS.model, data=HolzingerSwineford1939, group="school")
> impliedFactorStat(fit)
$mean
$mean$Pasteur
        intrcp
visual       0
textual      0
speed        0

$mean$`Grant-White`
        intrcp
visual       0
textual      0
speed        0


$cov
$cov$Pasteur
        visual textul speed
visual  1.097              
textual 0.479  0.894       
speed   0.185  0.182  0.350

$cov$`Grant-White`
        visual textul speed
visual  0.604              
textual 0.408  0.942       
speed   0.276  0.222  0.461


> 
> 
> 
> base::assign(".dptime", (proc.time() - get(".ptime", pos = "CheckExEnv")), pos = "CheckExEnv")
> base::cat("impliedFactorStat", base::get(".format_ptime", pos = 'CheckExEnv')(get(".dptime", pos = "CheckExEnv")), "\n", file=base::get(".ExTimings", pos = 'CheckExEnv'), append=TRUE, sep="\t")
> cleanEx()
> nameEx("imposeStart")
> ### * imposeStart
> 
> flush(stderr()); flush(stdout())
> 
> base::assign(".ptime", proc.time(), pos = "CheckExEnv")
> ### Name: imposeStart
> ### Title: Specify starting values from a lavaan output
> ### Aliases: imposeStart
> 
> ### ** Examples
> 
> # The following example show that the longitudinal weak invariance model
> # using effect coding was not convergent with three time points but convergent
> # with two time points. Thus, the parameter estimates from the model with
> # two time points are used as starting values of the three time points.
> # The model with new starting values is convergent properly.
> 
> weak2time <- ' 
+ 	# Loadings
+ 	f1t1 =~ LOAD1*y1t1 + LOAD2*y2t1 + LOAD3*y3t1
+     f1t2 =~ LOAD1*y1t2 + LOAD2*y2t2 + LOAD3*y3t2
+ 	
+ 	# Factor Variances
+ 	f1t1 ~~ f1t1
+ 	f1t2 ~~ f1t2
+ 	
+ 	# Factor Covariances
+ 	f1t1 ~~ f1t2 
+ 	
+ 	# Error Variances
+ 	y1t1 ~~ y1t1
+ 	y2t1 ~~ y2t1
+ 	y3t1 ~~ y3t1
+ 	y1t2 ~~ y1t2
+ 	y2t2 ~~ y2t2
+ 	y3t2 ~~ y3t2
+ 	
+ 	# Error Covariances
+ 	y1t1 ~~ y1t2 
+ 	y2t1 ~~ y2t2 
+ 	y3t1 ~~ y3t2
+ 	
+ 	# Factor Means
+ 	f1t1 ~ NA*1
+ 	f1t2 ~ NA*1
+ 	
+ 	# Measurement Intercepts
+ 	y1t1 ~ INT1*1
+ 	y2t1 ~ INT2*1
+ 	y3t1 ~ INT3*1
+ 	y1t2 ~ INT4*1
+ 	y2t2 ~ INT5*1
+ 	y3t2 ~ INT6*1
+ 	
+ 	# Constraints for Effect-coding Identification
+ 	LOAD1 == 3 - LOAD2 - LOAD3
+ 	INT1 == 0 - INT2 - INT3
+ 	INT4 == 0 - INT5 - INT6
+ '
> model2time <- lavaan(weak2time, data = exLong)
> 
> weak3time <- ' 
+ 	# Loadings
+ 	f1t1 =~ LOAD1*y1t1 + LOAD2*y2t1 + LOAD3*y3t1
+     f1t2 =~ LOAD1*y1t2 + LOAD2*y2t2 + LOAD3*y3t2
+     f1t3 =~ LOAD1*y1t3 + LOAD2*y2t3 + LOAD3*y3t3
+ 	
+ 	# Factor Variances
+ 	f1t1 ~~ f1t1
+ 	f1t2 ~~ f1t2
+ 	f1t3 ~~ f1t3
+ 	
+ 	# Factor Covariances
+ 	f1t1 ~~ f1t2 + f1t3
+ 	f1t2 ~~ f1t3 
+ 	
+ 	# Error Variances
+ 	y1t1 ~~ y1t1
+ 	y2t1 ~~ y2t1
+ 	y3t1 ~~ y3t1
+ 	y1t2 ~~ y1t2
+ 	y2t2 ~~ y2t2
+ 	y3t2 ~~ y3t2
+ 	y1t3 ~~ y1t3
+ 	y2t3 ~~ y2t3
+ 	y3t3 ~~ y3t3
+ 	
+ 	# Error Covariances
+ 	y1t1 ~~ y1t2 
+ 	y2t1 ~~ y2t2 
+ 	y3t1 ~~ y3t2
+ 	y1t1 ~~ y1t3 
+ 	y2t1 ~~ y2t3 
+ 	y3t1 ~~ y3t3
+ 	y1t2 ~~ y1t3
+ 	y2t2 ~~ y2t3 
+ 	y3t2 ~~ y3t3
+ 	
+ 	# Factor Means
+ 	f1t1 ~ NA*1
+ 	f1t2 ~ NA*1
+ 	f1t3 ~ NA*1
+ 	
+ 	# Measurement Intercepts
+ 	y1t1 ~ INT1*1
+ 	y2t1 ~ INT2*1
+ 	y3t1 ~ INT3*1
+ 	y1t2 ~ INT4*1
+ 	y2t2 ~ INT5*1
+ 	y3t2 ~ INT6*1
+ 	y1t3 ~ INT7*1
+ 	y2t3 ~ INT8*1
+ 	y3t3 ~ INT9*1
+ 	
+ 	# Constraints for Effect-coding Identification
+ 	LOAD1 == 3 - LOAD2 - LOAD3
+ 	INT1 == 0 - INT2 - INT3
+ 	INT4 == 0 - INT5 - INT6
+ 	INT7 == 0 - INT8 - INT9
+ '
> ### The following command does not provide convergent result
> # model3time <- lavaan(weak3time, data = exLong)
> 
> ### Use starting values from the model with two time points
> model3time <- imposeStart(model2time, lavaan(weak3time, data = exLong))
> summary(model3time)
lavaan (0.5-16) converged normally after  93 iterations

  Number of observations                           200

  Estimator                                         ML
  Minimum Function Test Statistic               19.812
  Degrees of freedom                                19
  P-value (Chi-square)                           0.406

Parameter estimates:

  Information                                 Expected
  Standard Errors                             Standard

                   Estimate  Std.err  Z-value  P(>|z|)
Latent variables:
  f1t1 =~
    y1t1  (LOAD1)     1.210    0.034   36.028    0.000
    y2t1  (LOAD2)     0.740    0.029   25.535    0.000
    y3t1  (LOAD3)     1.050    0.032   33.051    0.000
  f1t2 =~
    y1t2  (LOAD1)     1.210    0.034   36.028    0.000
    y2t2  (LOAD2)     0.740    0.029   25.535    0.000
    y3t2  (LOAD3)     1.050    0.032   33.051    0.000
  f1t3 =~
    y1t3  (LOAD1)     1.210    0.034   36.028    0.000
    y2t3  (LOAD2)     0.740    0.029   25.535    0.000
    y3t3  (LOAD3)     1.050    0.032   33.051    0.000

Covariances:
  f1t1 ~~
    f1t2              0.562    0.077    7.319    0.000
    f1t3              0.400    0.074    5.419    0.000
  f1t2 ~~
    f1t3              0.599    0.086    6.942    0.000
  y1t1 ~~
    y1t2              0.070    0.050    1.395    0.163
  y2t1 ~~
    y2t2              0.117    0.034    3.446    0.001
  y3t1 ~~
    y3t2              0.130    0.047    2.798    0.005
  y1t1 ~~
    y1t3              0.084    0.045    1.851    0.064
  y2t1 ~~
    y2t3             -0.013    0.034   -0.391    0.696
  y3t1 ~~
    y3t3              0.019    0.041    0.467    0.640
  y1t2 ~~
    y1t3              0.166    0.055    3.029    0.002
  y2t2 ~~
    y2t3              0.111    0.036    3.071    0.002
  y3t2 ~~
    y3t3              0.089    0.046    1.924    0.054

Intercepts:
    f1t1              0.075    0.065    1.161    0.246
    f1t2              0.470    0.070    6.698    0.000
    f1t3              0.951    0.074   12.836    0.000
    y1t1   (INT1)    -0.111    0.034   -3.241    0.001
    y2t1   (INT2)    -0.333    0.036   -9.194    0.000
    y3t1   (INT3)     0.444    0.036   12.355    0.000
    y1t2   (INT4)    -0.011    0.041   -0.278    0.781
    y2t2   (INT5)    -0.267    0.040   -6.717    0.000
    y3t2   (INT6)     0.278    0.041    6.746    0.000
    y1t3   (INT7)    -0.126    0.048   -2.611    0.009
    y2t3   (INT8)    -0.293    0.047   -6.211    0.000
    y3t3   (INT9)     0.419    0.047    8.975    0.000

Variances:
    f1t1              0.724    0.084
    f1t2              0.841    0.098
    f1t3              0.967    0.109
    y1t1              0.292    0.063
    y2t1              0.384    0.045
    y3t1              0.411    0.060
    y1t2              0.418    0.077
    y2t2              0.396    0.048
    y3t2              0.464    0.068
    y1t3              0.361    0.074
    y2t3              0.440    0.052
    y3t3              0.368    0.062

Constraints:                               Slack (>=0)
    LOAD1 - (3-LOAD2-LOAD3)                      0.000
    INT1 - (0-INT2-INT3)                         0.000
    INT4 - (0-INT5-INT6)                         0.000
    INT7 - (0-INT8-INT9)                         0.000

> 
> 
> 
> base::assign(".dptime", (proc.time() - get(".ptime", pos = "CheckExEnv")), pos = "CheckExEnv")
> base::cat("imposeStart", base::get(".format_ptime", pos = 'CheckExEnv')(get(".dptime", pos = "CheckExEnv")), "\n", file=base::get(".ExTimings", pos = 'CheckExEnv'), append=TRUE, sep="\t")
> cleanEx()
> nameEx("indProd")
> ### * indProd
> 
> flush(stderr()); flush(stdout())
> 
> base::assign(".ptime", proc.time(), pos = "CheckExEnv")
> ### Name: indProd
> ### Title: Make products of indicators using no centering, mean centering,
> ###   double-mean centering, or residual centering
> ### Aliases: indProd orthogonalize
> 
> ### ** Examples
> 
> # Mean centering / two-way interaction / match-paired
> dat <- indProd(attitude[,-1], var1=1:3, var2=4:6)
> 
> # Residual centering / two-way interaction / match-paired
> dat2 <- indProd(attitude[,-1], var1=1:3, var2=4:6, match=FALSE, meanC=FALSE, 
+ 	residualC=TRUE, doubleMC=FALSE)
> 
> # Double-mean centering / two-way interaction / match-paired
> dat3 <- indProd(attitude[,-1], var1=1:3, var2=4:6, match=FALSE, meanC=TRUE, 
+ 	residualC=FALSE, doubleMC=TRUE)
> 
> # Mean centering / three-way interaction / match-paired
> dat4 <- indProd(attitude[,-1], var1=1:2, var2=3:4, var3=5:6)
> 
> # Residual centering / three-way interaction / match-paired
> dat5 <- indProd(attitude[,-1], var1=1:2, var2=3:4, var3=5:6, match=FALSE, meanC=FALSE, 
+ 	residualC=TRUE, doubleMC=FALSE)
> 
> # Double-mean centering / three-way interaction / match-paired
> dat6 <- indProd(attitude[,-1], var1=1:2, var2=3:4, var3=5:6, match=FALSE, meanC=TRUE, 
+ 	residualC=TRUE, doubleMC=TRUE)
> 
> 
> 
> base::assign(".dptime", (proc.time() - get(".ptime", pos = "CheckExEnv")), pos = "CheckExEnv")
> base::cat("indProd", base::get(".format_ptime", pos = 'CheckExEnv')(get(".dptime", pos = "CheckExEnv")), "\n", file=base::get(".ExTimings", pos = 'CheckExEnv'), append=TRUE, sep="\t")
> cleanEx()
> nameEx("kd")
> ### * kd
> 
> flush(stderr()); flush(stdout())
> 
> base::assign(".ptime", proc.time(), pos = "CheckExEnv")
> ### Name: kd
> ### Title: Generate data via the Kaiser-Dickman (1962) algorithm.
> ### Aliases: kd
> 
> ### ** Examples
> 
> #### First Example
> 
> ## Get data
> dat <- HolzingerSwineford1939[,7:15]
> hs.n <- nrow(dat)
> 
> ## Covariance matrix divided by n
> hscov <- ((hs.n-1)/hs.n) * cov(dat)
> 
> ## Generate new, raw data corresponding to hscov
> newdat <- kd(hscov, hs.n)
> 
> ## Difference between new covariance matrix and hscov is minimal
> newcov <- (hs.n-1)/hs.n * cov(newdat)
> summary(as.numeric(hscov - newcov))
      Min.    1st Qu.     Median       Mean    3rd Qu.       Max. 
-4.996e-16  0.000e+00  2.220e-16  2.368e-16  4.441e-16  1.332e-15 
> 
> ## Generate sample data, treating hscov as population matrix
> newdat2 <- kd(hscov, hs.n, type="sample")
> 
> #### Another example
> 
> ## Define a covariance matrix
> covmat <- matrix(0, 3, 3); diag(covmat) <- 1.5; covmat[2:3,1] <- c(1.3, 1.7); covmat[3,2] <- 2.1
> covmat <- covmat + t(covmat)
> 
> ## Generate data of size 300 that have this covariance matrix
> rawdat <- kd(covmat, 300)
> 
> ## Covariances are exact if we compute sample covariance matrix by
> ## dividing by n (vs by n-1)
> summary(as.numeric((299/300)*cov(rawdat) - covmat))
     Min.   1st Qu.    Median      Mean   3rd Qu.      Max. 
0.000e+00 0.000e+00 8.882e-16 5.921e-16 8.882e-16 1.110e-15 
> 
> ## Generate data of size 300 where covmat is the population covariance matrix
> rawdat2 <- kd(covmat, 300)
> 
> 
> 
> base::assign(".dptime", (proc.time() - get(".ptime", pos = "CheckExEnv")), pos = "CheckExEnv")
> base::cat("kd", base::get(".format_ptime", pos = 'CheckExEnv')(get(".dptime", pos = "CheckExEnv")), "\n", file=base::get(".ExTimings", pos = 'CheckExEnv'), append=TRUE, sep="\t")
> cleanEx()
> nameEx("kurtosis")
> ### * kurtosis
> 
> flush(stderr()); flush(stdout())
> 
> base::assign(".ptime", proc.time(), pos = "CheckExEnv")
> ### Name: kurtosis
> ### Title: Finding excessive kurtosis
> ### Aliases: kurtosis
> 
> ### ** Examples
> 
> kurtosis(1:5)
Excess Kur (g2)              se               z               p 
     -1.2000000       2.1908902      -0.5477226       0.5838824 
> 
> 
> 
> base::assign(".dptime", (proc.time() - get(".ptime", pos = "CheckExEnv")), pos = "CheckExEnv")
> base::cat("kurtosis", base::get(".format_ptime", pos = 'CheckExEnv')(get(".dptime", pos = "CheckExEnv")), "\n", file=base::get(".ExTimings", pos = 'CheckExEnv'), append=TRUE, sep="\t")
> cleanEx()
> nameEx("lavaanStar-class")
> ### * lavaanStar-class
> 
> flush(stderr()); flush(stdout())
> 
> base::assign(".ptime", proc.time(), pos = "CheckExEnv")
> ### Name: lavaanStar-class
> ### Title: Class For Representing A (Fitted) Latent Variable Model with
> ###   Additional Elements
> ### Aliases: lavaanStar-class inspect,lavaanStar-method
> ###   summary,lavaanStar-method
> 
> ### ** Examples
> 
> HS.model <- ' visual  =~ x1 + x2 + x3
+               textual =~ x4 + x5 + x6
+               speed   =~ x7 + x8 + x9 '
> 			  
> dat <- data.frame(HolzingerSwineford1939, z=rnorm(nrow(HolzingerSwineford1939), 0, 1))
> 			  
> fit <- cfa(HS.model, data=dat) 
> fitaux <- auxiliary(HS.model, aux="z", data=dat, fun="cfa")
> 
> 
> 
> base::assign(".dptime", (proc.time() - get(".ptime", pos = "CheckExEnv")), pos = "CheckExEnv")
> base::cat("lavaanStar-class", base::get(".format_ptime", pos = 'CheckExEnv')(get(".dptime", pos = "CheckExEnv")), "\n", file=base::get(".ExTimings", pos = 'CheckExEnv'), append=TRUE, sep="\t")
> cleanEx()
> nameEx("lisrel2lavaan")
> ### * lisrel2lavaan
> 
> flush(stderr()); flush(stdout())
> 
> base::assign(".ptime", proc.time(), pos = "CheckExEnv")
> ### Name: lisrel2lavaan
> ### Title: Latent variable modeling in 'lavaan' using LISREL syntax
> ### Aliases: lisrel2lavaan
> 
> ### ** Examples
> 
> ## Not run: 
> ##D 	## calling lisrel2lavaan without specifying the filename argument will  
> ##D 	## open a file browser window with which LISREL syntax can be selected. 
> ##D 	
> ##D 	## any additional arguments to be passed to lavaan for data analysis can
> ##D 	## be specified normally. 
> ##D 	
> ##D 	lisrel2lavaan(se="standard")
> ##D 	## lavaan output summary printed to screen
> ##D 	## lavaan fit object returned silently
> ##D 	
> ##D 	## manual file specification 
> ##D 	
> ##D 	lisrel2lavaan(filename="myFile.LS8", se="standard")
> ##D 	## lavaan output summary printed to screen
> ##D 	## lavaan fit object returned silently
> ## End(Not run)
> 
> 
> 
> base::assign(".dptime", (proc.time() - get(".ptime", pos = "CheckExEnv")), pos = "CheckExEnv")
> base::cat("lisrel2lavaan", base::get(".format_ptime", pos = 'CheckExEnv')(get(".dptime", pos = "CheckExEnv")), "\n", file=base::get(".ExTimings", pos = 'CheckExEnv'), append=TRUE, sep="\t")
> cleanEx()
> nameEx("loadingFromAlpha")
> ### * loadingFromAlpha
> 
> flush(stderr()); flush(stdout())
> 
> base::assign(".ptime", proc.time(), pos = "CheckExEnv")
> ### Name: loadingFromAlpha
> ### Title: Find standardized factor loading from coefficient alpha
> ### Aliases: loadingFromAlpha
> 
> ### ** Examples
> 
>     loadingFromAlpha(0.8, 4)
[1] 0.7071068
> 
> 
> 
> base::assign(".dptime", (proc.time() - get(".ptime", pos = "CheckExEnv")), pos = "CheckExEnv")
> base::cat("loadingFromAlpha", base::get(".format_ptime", pos = 'CheckExEnv')(get(".dptime", pos = "CheckExEnv")), "\n", file=base::get(".ExTimings", pos = 'CheckExEnv'), append=TRUE, sep="\t")
> cleanEx()
> nameEx("longInvariance")
> ### * longInvariance
> 
> flush(stderr()); flush(stdout())
> 
> base::assign(".ptime", proc.time(), pos = "CheckExEnv")
> ### Name: longInvariance
> ### Title: Measurement Invariance Tests Within Person
> ### Aliases: longInvariance longInvariance
> 
> ### ** Examples
> 
> model <- ' f1t1 =~ y1t1 + y2t1 + y3t1
+               f1t2 =~ y1t2 + y2t2 + y3t2
+ 			  f1t3 =~ y1t3 + y2t3 + y3t3'
> 
> # Create list of variables
> var1 <- c("y1t1", "y2t1", "y3t1")
> var2 <- c("y1t2", "y2t2", "y3t2")
> var3 <- c("y1t3", "y2t3", "y3t3")
> constrainedVar <- list(var1, var2, var3)
> 
> # Invariance of the same factor across timepoints
> longInvariance(model, auto=1, constrainAuto=TRUE, varList=constrainedVar, data=exLong)

#################### Measurement invariance tests ####################

The order of autocorrelation:  1 

#################### Model 1: configural invariance:
   chisq       df   pvalue      cfi    rmsea      bic 
  21.806   21.000    0.411    0.999    0.014 4542.613 

#################### Model 2: weak invariance (equal loadings):
   chisq       df   pvalue      cfi    rmsea      bic 
  27.038   25.000    0.354    0.998    0.020 4526.652 

[Model 1 versus model 2]
  delta.chisq      delta.df delta.p.value     delta.cfi 
        5.232         4.000         0.264         0.001 

#################### Model 3: strong invariance (equal loadings + intercepts):
   chisq       df   pvalue      cfi    rmsea      bic 
  44.500   29.000    0.033    0.986    0.052 4522.921 

[Model 1 versus model 3]
  delta.chisq      delta.df delta.p.value     delta.cfi 
       22.695         8.000         0.004         0.013 

[Model 2 versus model 3]
  delta.chisq      delta.df delta.p.value     delta.cfi 
       17.462         4.000         0.002         0.012 

#################### Model 4: equal loadings + intercepts + means:
   chisq       df   pvalue      cfi    rmsea      bic 
 150.143   31.000    0.000    0.891    0.139 4617.967 

[Model 1 versus model 4]
  delta.chisq      delta.df delta.p.value     delta.cfi 
      128.337        10.000         0.000         0.109 

[Model 2 versus model 4]
  delta.chisq      delta.df delta.p.value     delta.cfi 
      123.105         6.000         0.000         0.107 

[Model 3 versus model 4]
  delta.chisq      delta.df delta.p.value     delta.cfi 
      105.643         2.000         0.000         0.095 
> 
> # Invariance of the same factor across timepoints and groups
> longInvariance(model, auto=1, constrainAuto=TRUE, varList=constrainedVar, data=exLong, group="sex", 
+ 	group.equal=c("loadings", "intercepts"))

#################### Measurement invariance tests ####################

The order of autocorrelation:  1 

#################### Model 1: configural invariance:
   chisq       df   pvalue      cfi    rmsea      bic 
  43.993   54.000    0.833    1.000    0.000 4631.688 

#################### Model 2: weak invariance (equal loadings):
   chisq       df   pvalue      cfi    rmsea      bic 
  49.247   58.000    0.787    1.000    0.000 4615.748 

[Model 1 versus model 2]
  delta.chisq      delta.df delta.p.value     delta.cfi 
        5.254         4.000         0.262         0.000 

#################### Model 3: strong invariance (equal loadings + intercepts):
   chisq       df   pvalue      cfi    rmsea      bic 
  66.896   62.000    0.313    0.995    0.028 4612.204 

[Model 1 versus model 3]
  delta.chisq      delta.df delta.p.value     delta.cfi 
       22.903         8.000         0.003         0.005 

[Model 2 versus model 3]
  delta.chisq      delta.df delta.p.value     delta.cfi 
       17.649         4.000         0.001         0.005 

#################### Model 4: equal loadings + intercepts + means:
   chisq       df   pvalue      cfi    rmsea      bic 
 142.192   66.000    0.000    0.930    0.107 4666.306 

[Model 1 versus model 4]
  delta.chisq      delta.df delta.p.value     delta.cfi 
       98.198        12.000         0.000         0.070 

[Model 2 versus model 4]
  delta.chisq      delta.df delta.p.value     delta.cfi 
       92.944         8.000         0.000         0.070 

[Model 3 versus model 4]
  delta.chisq      delta.df delta.p.value     delta.cfi 
       75.296         4.000         0.000         0.066 
> 
> 
> 
> base::assign(".dptime", (proc.time() - get(".ptime", pos = "CheckExEnv")), pos = "CheckExEnv")
> base::cat("longInvariance", base::get(".format_ptime", pos = 'CheckExEnv')(get(".dptime", pos = "CheckExEnv")), "\n", file=base::get(".ExTimings", pos = 'CheckExEnv'), append=TRUE, sep="\t")
> cleanEx()
> nameEx("mardiaKurtosis")
> ### * mardiaKurtosis
> 
> flush(stderr()); flush(stdout())
> 
> base::assign(".ptime", proc.time(), pos = "CheckExEnv")
> ### Name: mardiaKurtosis
> ### Title: Finding Mardia's multivariate kurtosis
> ### Aliases: mardiaKurtosis
> 
> ### ** Examples
> 
> library(lavaan)
> mardiaKurtosis(HolzingerSwineford1939[,paste("x", 1:9, sep="")])
         b2d            z            p 
102.90374304   2.40658874   0.01610229 
> 
> 
> 
> base::assign(".dptime", (proc.time() - get(".ptime", pos = "CheckExEnv")), pos = "CheckExEnv")
> base::cat("mardiaKurtosis", base::get(".format_ptime", pos = 'CheckExEnv')(get(".dptime", pos = "CheckExEnv")), "\n", file=base::get(".ExTimings", pos = 'CheckExEnv'), append=TRUE, sep="\t")
> cleanEx()
> nameEx("mardiaSkew")
> ### * mardiaSkew
> 
> flush(stderr()); flush(stdout())
> 
> base::assign(".ptime", proc.time(), pos = "CheckExEnv")
> ### Name: mardiaSkew
> ### Title: Finding Mardia's multivariate skewness
> ### Aliases: mardiaSkew
> 
> ### ** Examples
> 
> library(lavaan)
> mardiaSkew(HolzingerSwineford1939[,paste("x", 1:9, sep="")])
       b1d        chi         df          p 
  6.806892 341.479091 165.000000   1.000000 
> 
> 
> 
> base::assign(".dptime", (proc.time() - get(".ptime", pos = "CheckExEnv")), pos = "CheckExEnv")
> base::cat("mardiaSkew", base::get(".format_ptime", pos = 'CheckExEnv')(get(".dptime", pos = "CheckExEnv")), "\n", file=base::get(".ExTimings", pos = 'CheckExEnv'), append=TRUE, sep="\t")
> cleanEx()
> nameEx("measurementInvariance")
> ### * measurementInvariance
> 
> flush(stderr()); flush(stdout())
> 
> base::assign(".ptime", proc.time(), pos = "CheckExEnv")
> ### Name: measurementInvariance
> ### Title: Measurement Invariance Tests
> ### Aliases: measurementInvariance measurementinvariance
> 
> ### ** Examples
> 
> HW.model <- ' visual =~ x1 + x2 + x3
+               textual =~ x4 + x5 + x6
+               speed =~ x7 + x8 + x9 '
> 
> measurementInvariance(HW.model, data=HolzingerSwineford1939, group="school")

Measurement invariance tests:

Model 1: configural invariance:
   chisq       df   pvalue      cfi    rmsea      bic 
 115.851   48.000    0.000    0.923    0.097 7706.822 

Model 2: weak invariance (equal loadings):
   chisq       df   pvalue      cfi    rmsea      bic 
 124.044   54.000    0.000    0.921    0.093 7680.771 

[Model 1 versus model 2]
  delta.chisq      delta.df delta.p.value     delta.cfi 
        8.192         6.000         0.224         0.002 

Model 3: strong invariance (equal loadings + intercepts):
   chisq       df   pvalue      cfi    rmsea      bic 
 164.103   60.000    0.000    0.882    0.107 7686.588 

[Model 1 versus model 3]
  delta.chisq      delta.df delta.p.value     delta.cfi 
       48.251        12.000         0.000         0.041 

[Model 2 versus model 3]
  delta.chisq      delta.df delta.p.value     delta.cfi 
       40.059         6.000         0.000         0.038 

Model 4: equal loadings + intercepts + means:
   chisq       df   pvalue      cfi    rmsea      bic 
 204.605   63.000    0.000    0.840    0.122 7709.969 

[Model 1 versus model 4]
  delta.chisq      delta.df delta.p.value     delta.cfi 
       88.754        15.000         0.000         0.083 

[Model 3 versus model 4]
  delta.chisq      delta.df delta.p.value     delta.cfi 
       40.502         3.000         0.000         0.042 
> 
> 
> 
> base::assign(".dptime", (proc.time() - get(".ptime", pos = "CheckExEnv")), pos = "CheckExEnv")
> base::cat("measurementInvariance", base::get(".format_ptime", pos = 'CheckExEnv')(get(".dptime", pos = "CheckExEnv")), "\n", file=base::get(".ExTimings", pos = 'CheckExEnv'), append=TRUE, sep="\t")
> cleanEx()
> nameEx("miPowerFit")
> ### * miPowerFit
> 
> flush(stderr()); flush(stdout())
> 
> base::assign(".ptime", proc.time(), pos = "CheckExEnv")
> ### Name: miPowerFit
> ### Title: Modification indices and their power approach for model fit
> ###   evaluation
> ### Aliases: miPowerFit miPowerFit
> 
> ### ** Examples
> 
> library(lavaan)
> 
> HS.model <- ' visual  =~ x1 + x2 + x3
+               textual =~ x4 + x5 + x6
+               speed   =~ x7 + x8 + x9 '
> 
> fit <- cfa(HS.model, data=HolzingerSwineford1939, group="sex", meanstructure=TRUE)
> miPowerFit(fit)
        lhs op rhs group            mi         epc target.epc     std.epc
4    visual =~  x4     1  0.6363194737  0.08975479    0.55001  0.06527468
5    visual =~  x5     1  8.1846082186 -0.35989392    0.62097 -0.23182765
6    visual =~  x6     1  5.0192459990  0.24236288    0.52247  0.18555026
7    visual =~  x7     1 10.5806637688 -0.40027596    0.49734 -0.32193286
8    visual =~  x8     1  0.0310307482  0.02904943    0.54861  0.02118032
9    visual =~  x9     1 16.8815410026  0.46121167    0.44369  0.41579324
10  textual =~  x1     1  4.9554687799  0.42347294    0.48047  0.35255059
11  textual =~  x2     1  0.0000400886  0.00089779    0.54147  0.00066322
12  textual =~  x3     1  4.9949059908 -0.37208113    0.50581 -0.29424312
16  textual =~  x7     1  3.1602122981 -0.15037250    0.43316 -0.13885964
17  textual =~  x8     1  0.3928639595  0.06951325    0.47782  0.05819215
18  textual =~  x9     1  2.2027024538  0.11822119    0.38644  0.12236981
19    speed =~  x1     1  0.3216741131  0.11949525    0.68938  0.06933491
20    speed =~  x2     1  0.2311878957 -0.09208867    0.77691 -0.04741285
21    speed =~  x3     1  0.0944585504 -0.05851725    0.72575 -0.03225211
22    speed =~  x4     1  0.2595703018 -0.05545433    0.68733 -0.03227230
23    speed =~  x5     1  0.0097111122 -0.01194312    0.77600 -0.00615625
24    speed =~  x6     1  0.4028913409  0.06665161    0.65292  0.04083320
29       x1 ~~  x2     1  6.1072764961 -0.34410318    0.13987 -0.24601895
30       x1 ~~  x3     1  0.0655317339 -0.07640120    0.13066 -0.05847422
31       x1 ~~  x4     1  0.1096098766  0.01949422    0.12374  0.01575398
32       x1 ~~  x5     1  0.5271138546 -0.04746338    0.13970 -0.03397401
33       x1 ~~  x6     1  2.1293244396  0.08299721    0.11755  0.07060839
34       x1 ~~  x7     1  6.6471654326 -0.17487769    0.11189 -0.15629231
35       x1 ~~  x8     1  2.5198294896  0.12360798    0.12343  0.10014722
36       x1 ~~  x9     1  1.7975682698  0.08685005    0.09982  0.08700507
38       x2 ~~  x3     1  7.7668238942  0.35304354    0.14725  0.23976238
39       x2 ~~  x4     1  1.6215156910 -0.09214592    0.13945 -0.06607682
40       x2 ~~  x5     1  0.0040728738 -0.00509025    0.15744 -0.00323307
41       x2 ~~  x6     1  2.0081470166  0.09948544    0.13247  0.07510016
42       x2 ~~  x7     1  2.6587473476 -0.13572468    0.12610 -0.10763426
43       x2 ~~  x8     1  0.0065908098  0.00711876    0.13910  0.00511782
44       x2 ~~  x9     1  1.9090039180  0.11173777    0.11250  0.09932602
46       x3 ~~  x4     1  2.1940954993  0.09335012    0.13027  0.07165926
47       x3 ~~  x5     1  7.4224937977 -0.19011188    0.14708 -0.12926182
48       x3 ~~  x6     1  0.0283115885  0.01026097    0.12375  0.00829190
49       x3 ~~  x7     1  0.5742537621  0.05469038    0.11779  0.04642875
50       x3 ~~  x8     1  4.2234722066 -0.16281339    0.12994 -0.12530125
51       x3 ~~  x9     1  6.3906495664  0.17603936    0.10509  0.16751634
53       x4 ~~  x5     1  4.9210924938  0.40931500    0.13929  0.29385895
54       x4 ~~  x6     1  7.6059769659 -0.38132487    0.11720 -0.32537271
55       x4 ~~  x7     1  0.9916612588  0.04930675    0.11156  0.04419801
56       x4 ~~  x8     1  2.1611104200 -0.07683704    0.12306 -0.06243903
57       x4 ~~  x9     1  0.1232637615  0.01689633    0.09953  0.01697697
59       x5 ~~  x6     1  0.5069432280  0.11824464    0.13232  0.08936574
60       x5 ~~  x7     1  0.2983328421 -0.02979495    0.12595 -0.02365607
61       x5 ~~  x8     1  0.9567036393  0.05651279    0.13893  0.04067578
62       x5 ~~  x9     1  0.0797927301 -0.01497182    0.11236 -0.01332435
64       x6 ~~  x7     1  1.0862729793 -0.05008010    0.10597 -0.04725741
65       x6 ~~  x8     1  0.7472155099  0.04376577    0.11690  0.03743936
66       x6 ~~  x9     1  0.0000001949 -0.00002062    0.09454 -0.00002181
68       x7 ~~  x8     1 15.8004254617  1.48243901    0.11127  1.33223561
69       x7 ~~  x9     1  0.0714248498  0.03086952    0.08999  0.03430174
71       x8 ~~  x9     1 10.6067622398 -0.61449058    0.09927 -0.61900016
94   visual =~  x4     2  2.2438598909  0.12994364    0.48278  0.10766273
95   visual =~  x5     2  1.1745943992 -0.10524323    0.53242 -0.07906713
96   visual =~  x6     2  0.2222296829 -0.03909929    0.45681 -0.03423683
97   visual =~  x7     2  2.5184228488 -0.23620381    0.46431 -0.20348729
98   visual =~  x8     2  4.7174943084 -0.29542383    0.36754 -0.32151653
99   visual =~  x9     2 13.0674345848  0.79335413    0.44525  0.71272080
100 textual =~  x1     2  2.1238429248  0.22592972    0.46306  0.19516173
101 textual =~  x2     2  0.0003241927  0.00190448    0.41416  0.00183936
102 textual =~  x3     2  2.8301436496 -0.17471919    0.40273 -0.17353358
106 textual =~  x7     2  1.6152282740  0.12395997    0.44101  0.11243343
107 textual =~  x8     2  1.9396542469 -0.10718875    0.34909 -0.12282042
108 textual =~  x9     2  0.1806293476  0.04738187    0.42291  0.04481549
109   speed =~  x1     2  0.1318684124 -0.14575960    0.89522 -0.06512788
110   speed =~  x2     2  1.7436508398 -0.34385758    0.80068 -0.17178228
111   speed =~  x3     2  2.6959601898  0.42399955    0.77859  0.21782956
112   speed =~  x4     2  0.0196602775 -0.01966204    0.88650 -0.00887179
113   speed =~  x5     2  0.0667149021  0.04069162    0.97766  0.01664865
114   speed =~  x6     2  0.0121741753 -0.01483289    0.83881 -0.00707331
119      x1 ~~  x2     2  0.0155782923  0.01556892    0.12982  0.01199258
120      x1 ~~  x3     2  1.1184992300 -0.14245503    0.12624 -0.11284535
121      x1 ~~  x4     2  5.3210834761  0.12729624    0.14374  0.08856304
122      x1 ~~  x5     2  0.3174559561 -0.03515049    0.15852 -0.02217480
123      x1 ~~  x6     2  1.3353228479 -0.06142986    0.13600 -0.04516800
124      x1 ~~  x7     2  0.5888912055 -0.06240707    0.13824 -0.04514511
125      x1 ~~  x8     2  3.6642663863 -0.12072343    0.10942 -0.11032551
126      x1 ~~  x9     2  2.8652916495  0.13798038    0.13256  0.10408694
128      x2 ~~  x3     2  0.9935725017  0.08013206    0.11291  0.07097120
129      x2 ~~  x4     2  0.5817688289  0.04227583    0.12856  0.03288509
130      x2 ~~  x5     2  0.0566760818 -0.01500961    0.14178 -0.01058687
131      x2 ~~  x6     2  0.2337996402 -0.02594085    0.12164 -0.02132581
132      x2 ~~  x7     2  5.2742542535 -0.18724519    0.12364 -0.15144592
133      x2 ~~  x8     2  0.0818747760 -0.01708328    0.09787 -0.01745523
134      x2 ~~  x9     2  0.0567644884  0.01655265    0.11856  0.01396100
136      x3 ~~  x4     2  1.9412837971 -0.07368851    0.12501 -0.05894654
137      x3 ~~  x5     2  1.6424979490 -0.07706681    0.13786 -0.05590071
138      x3 ~~  x6     2  2.3220164710  0.07797983    0.11828  0.06592577
139      x3 ~~  x7     2  0.1142683510 -0.02628771    0.12023 -0.02186510
140      x3 ~~  x8     2  1.7933248278  0.07645615    0.09517  0.08033752
141      x3 ~~  x9     2  0.4642251103  0.04570687    0.11529  0.03964442
143      x4 ~~  x5     2  0.1838412002 -0.06028869    0.15697 -0.03840757
144      x4 ~~  x6     2  0.7798318969 -0.10844497    0.13468 -0.08052179
145      x4 ~~  x7     2  4.1066050399  0.12116753    0.13689  0.08851480
146      x4 ~~  x8     2  0.3030790182 -0.02395218    0.10836 -0.02210457
147      x4 ~~  x9     2  2.5341829521 -0.07906298    0.13127 -0.06022888
149      x5 ~~  x6     2  1.5979906688  0.16015397    0.14853  0.10782839
150      x5 ~~  x7     2  1.2466235048 -0.07602886    0.15097 -0.05036160
151      x5 ~~  x8     2  0.0198342671 -0.00697330    0.11950 -0.00583535
152      x5 ~~  x9     2  2.4284424795  0.08779708    0.14477  0.06064613
154      x6 ~~  x7     2  0.1524499546  0.02261807    0.12953  0.01746222
155      x6 ~~  x8     2  0.0134540518  0.00488655    0.10253  0.00476600
156      x6 ~~  x9     2  0.0183337227 -0.00649510    0.12421 -0.00522916
158      x7 ~~  x8     2 11.8168050861  0.26834656    0.10421  0.25749753
159      x7 ~~  x9     2  5.2531506512 -0.27166409    0.12625 -0.21518096
161      x8 ~~  x9     2  1.4510059167 -0.17961142    0.09994 -0.17972684
    std.target.epc significant.mi high.power decision
4              0.4          FALSE       TRUE       NM
5              0.4           TRUE       TRUE   EPC:NM
6              0.4           TRUE       TRUE   EPC:NM
7              0.4           TRUE       TRUE   EPC:NM
8              0.4          FALSE       TRUE       NM
9              0.4           TRUE       TRUE    EPC:M
10             0.4           TRUE      FALSE        M
11             0.4          FALSE       TRUE       NM
12             0.4           TRUE       TRUE   EPC:NM
16             0.4          FALSE       TRUE       NM
17             0.4          FALSE       TRUE       NM
18             0.4          FALSE       TRUE       NM
19             0.4          FALSE       TRUE       NM
20             0.4          FALSE       TRUE       NM
21             0.4          FALSE       TRUE       NM
22             0.4          FALSE       TRUE       NM
23             0.4          FALSE       TRUE       NM
24             0.4          FALSE       TRUE       NM
29             0.1           TRUE      FALSE        M
30             0.1          FALSE      FALSE        I
31             0.1          FALSE      FALSE        I
32             0.1          FALSE      FALSE        I
33             0.1          FALSE      FALSE        I
34             0.1           TRUE      FALSE        M
35             0.1          FALSE      FALSE        I
36             0.1          FALSE      FALSE        I
38             0.1           TRUE      FALSE        M
39             0.1          FALSE      FALSE        I
40             0.1          FALSE      FALSE        I
41             0.1          FALSE      FALSE        I
42             0.1          FALSE      FALSE        I
43             0.1          FALSE      FALSE        I
44             0.1          FALSE      FALSE        I
46             0.1          FALSE      FALSE        I
47             0.1           TRUE      FALSE        M
48             0.1          FALSE      FALSE        I
49             0.1          FALSE      FALSE        I
50             0.1           TRUE      FALSE        M
51             0.1           TRUE      FALSE        M
53             0.1           TRUE      FALSE        M
54             0.1           TRUE      FALSE        M
55             0.1          FALSE      FALSE        I
56             0.1          FALSE      FALSE        I
57             0.1          FALSE      FALSE        I
59             0.1          FALSE      FALSE        I
60             0.1          FALSE      FALSE        I
61             0.1          FALSE      FALSE        I
62             0.1          FALSE      FALSE        I
64             0.1          FALSE      FALSE        I
65             0.1          FALSE      FALSE        I
66             0.1          FALSE      FALSE        I
68             0.1           TRUE      FALSE        M
69             0.1          FALSE      FALSE        I
71             0.1           TRUE      FALSE        M
94             0.4          FALSE       TRUE       NM
95             0.4          FALSE       TRUE       NM
96             0.4          FALSE       TRUE       NM
97             0.4          FALSE       TRUE       NM
98             0.4           TRUE      FALSE        M
99             0.4           TRUE      FALSE        M
100            0.4          FALSE       TRUE       NM
101            0.4          FALSE       TRUE       NM
102            0.4          FALSE       TRUE       NM
106            0.4          FALSE       TRUE       NM
107            0.4          FALSE       TRUE       NM
108            0.4          FALSE       TRUE       NM
109            0.4          FALSE      FALSE        I
110            0.4          FALSE       TRUE       NM
111            0.4          FALSE       TRUE       NM
112            0.4          FALSE       TRUE       NM
113            0.4          FALSE       TRUE       NM
114            0.4          FALSE       TRUE       NM
119            0.1          FALSE      FALSE        I
120            0.1          FALSE      FALSE        I
121            0.1           TRUE      FALSE        M
122            0.1          FALSE      FALSE        I
123            0.1          FALSE      FALSE        I
124            0.1          FALSE      FALSE        I
125            0.1          FALSE      FALSE        I
126            0.1          FALSE      FALSE        I
128            0.1          FALSE      FALSE        I
129            0.1          FALSE      FALSE        I
130            0.1          FALSE      FALSE        I
131            0.1          FALSE      FALSE        I
132            0.1           TRUE      FALSE        M
133            0.1          FALSE      FALSE        I
134            0.1          FALSE      FALSE        I
136            0.1          FALSE      FALSE        I
137            0.1          FALSE      FALSE        I
138            0.1          FALSE      FALSE        I
139            0.1          FALSE      FALSE        I
140            0.1          FALSE      FALSE        I
141            0.1          FALSE      FALSE        I
143            0.1          FALSE      FALSE        I
144            0.1          FALSE      FALSE        I
145            0.1           TRUE      FALSE        M
146            0.1          FALSE      FALSE        I
147            0.1          FALSE      FALSE        I
149            0.1          FALSE      FALSE        I
150            0.1          FALSE      FALSE        I
151            0.1          FALSE      FALSE        I
152            0.1          FALSE      FALSE        I
154            0.1          FALSE      FALSE        I
155            0.1          FALSE      FALSE        I
156            0.1          FALSE      FALSE        I
158            0.1           TRUE      FALSE        M
159            0.1           TRUE      FALSE        M
161            0.1          FALSE      FALSE        I
> 
> model <- ' 
+   # latent variable definitions
+      ind60 =~ x1 + x2 + x3
+      dem60 =~ y1 + a*y2 + b*y3 + c*y4
+      dem65 =~ y5 + a*y6 + b*y7 + c*y8
+ 
+   # regressions
+     dem60 ~ ind60
+     dem65 ~ ind60 + dem60
+ 
+   # residual correlations
+     y1 ~~ y5
+     y2 ~~ y4 + y6
+     y3 ~~ y7
+     y4 ~~ y8
+     y6 ~~ y8
+ '
> fit2 <- sem(model, data=PoliticalDemocracy, meanstructure=TRUE)
> miPowerFit(fit2, stdLoad=0.3, cor=0.2, stdBeta=0.2, intcept=0.5)
     lhs op rhs group        mi       epc target.epc   std.epc std.target.epc
4  ind60 =~  y1     1 1.2752267 -0.337961    1.15948 -0.087443            0.3
5  ind60 =~  y2     1 0.5986659 -0.334345    1.70286 -0.058903            0.3
6  ind60 =~  y3     1 0.1698706 -0.177636    1.52826 -0.034870            0.3
7  ind60 =~  y4     1 3.6248788  0.645166    1.47260  0.131434            0.3
8  ind60 =~  y5     1 1.8580551  0.425644    1.18095  0.108127            0.3
9  ind60 =~  y6     1 0.2878689 -0.187724    1.52193 -0.037004            0.3
10 ind60 =~  y7     1 0.2758689 -0.201223    1.41352 -0.042707            0.3
11 ind60 =~  y8     1 0.0580117 -0.078118    1.45600 -0.016096            0.3
12 dem60 =~  x1     1 1.7123169  0.027161    0.09921  0.082133            0.3
13 dem60 =~  x2     1 0.3075724 -0.022079    0.20449 -0.032392            0.3
14 dem60 =~  x3     1 0.6928307 -0.038545    0.19028 -0.060772            0.3
15 dem60 =~  y1     1 0.1438261  0.037483    0.35276  0.031877            0.3
16 dem60 =~  y2     1 0.3908508  0.047627    0.51808  0.027579            0.3
17 dem60 =~  y3     1 1.8378112 -0.116412    0.46496 -0.075111            0.3
18 dem60 =~  y4     1 0.0035897  0.004093    0.44803  0.002741            0.3
19 dem60 =~  y5     1 0.4600854 -0.068723    0.35929 -0.057381            0.3
20 dem60 =~  y6     1 0.1120720 -0.037389    0.46304 -0.024224            0.3
21 dem60 =~  y7     1 1.2791585  0.139492    0.43005  0.097308            0.3
22 dem60 =~  y8     1 0.0018042 -0.004455    0.44298 -0.003017            0.3
23 dem65 =~  x1     1 1.6143773  0.029877    0.10141  0.088389            0.3
24 dem65 =~  x2     1 0.2965482 -0.024617    0.20902 -0.035332            0.3
25 dem65 =~  x3     1 0.6394775 -0.041859    0.19450 -0.064565            0.3
26 dem65 =~  y1     1 0.0157671  0.012374    0.36058  0.010295            0.3
27 dem65 =~  y2     1 0.2045182  0.063166    0.52957  0.035784            0.3
28 dem65 =~  y3     1 1.3402416 -0.162479    0.47527 -0.102561            0.3
29 dem65 =~  y4     1 0.1641481  0.045041    0.45796  0.029506            0.3
30 dem65 =~  y5     1 0.1552406 -0.040462    0.36726 -0.033052            0.3
31 dem65 =~  y6     1 0.3908459 -0.047627    0.47330 -0.030188            0.3
32 dem65 =~  y7     1 1.8378071  0.116412    0.43958  0.079447            0.3
33 dem65 =~  y8     1 0.0035898 -0.004093    0.45280 -0.002712            0.3
35    x1 ~~  x2     1 0.2583818 -0.053112    0.21848 -0.048619            0.2
36    x1 ~~  x3     1 0.1617796 -0.025587    0.20330 -0.025171            0.2
37    x1 ~~  y1     1 1.3084767  0.061075    0.37691  0.032408            0.2
38    x1 ~~  y2     1 2.7733872 -0.148355    0.55354 -0.053603            0.2
39    x1 ~~  y3     1 0.0189722  0.011718    0.49678  0.004718            0.2
40    x1 ~~  y4     1 0.9137962  0.064052    0.47869  0.026761            0.2
41    x1 ~~  y5     1 1.2592556  0.064017    0.38389  0.033352            0.2
42    x1 ~~  y6     1 0.0440680 -0.015022    0.49473 -0.006073            0.2
43    x1 ~~  y7     1 1.2362003 -0.081457    0.45948 -0.035456            0.2
44    x1 ~~  y8     1 0.0052942 -0.004701    0.47329 -0.001986            0.2
46    x2 ~~  x3     1 0.7584518  0.136010    0.41905  0.064914            0.2
47    x2 ~~  y1     1 1.0648487 -0.100787    0.77688 -0.025947            0.2
48    x2 ~~  y2     1 0.8355515  0.147342    1.14096  0.025828            0.2
49    x2 ~~  y3     1 0.4469487  0.103312    1.02397  0.020179            0.2
50    x2 ~~  y4     1 0.2256474 -0.057798    0.98668 -0.011716            0.2
51    x2 ~~  y5     1 0.0142823  0.012498    0.79127  0.003159            0.2
52    x2 ~~  y6     1 0.4679552 -0.088779    1.01973 -0.017412            0.2
53    x2 ~~  y7     1 0.0047703 -0.009243    0.94709 -0.001952            0.2
54    x2 ~~  y8     1 0.2933157  0.063662    0.97556  0.013051            0.2
56    x3 ~~  y1     1 0.5575915 -0.090705    0.72291 -0.025095            0.2
57    x3 ~~  y2     1 0.1123468 -0.068012    1.06169 -0.012812            0.2
58    x3 ~~  y3     1 0.6604977 -0.157435    0.95283 -0.033046            0.2
59    x3 ~~  y4     1 0.7236345  0.129800    0.91813  0.028275            0.2
60    x3 ~~  y5     1 0.1276038 -0.046252    0.73629 -0.012564            0.2
61    x3 ~~  y6     1 1.4491716  0.196078    0.94889  0.041328            0.2
62    x3 ~~  y7     1 0.3151545  0.093414    0.88129  0.021199            0.2
63    x3 ~~  y8     1 0.9619925 -0.144090    0.90778 -0.031746            0.2
65    y1 ~~  y2     1 0.0888322 -0.128957    1.96828 -0.013104            0.2
66    y1 ~~  y3     1 2.8412504  0.737779    1.76647  0.083531            0.2
67    y1 ~~  y4     1 0.5203220 -0.266676    1.70213 -0.031334            0.2
69    y1 ~~  y6     1 1.7713080  0.454615    1.75916  0.051686            0.2
70    y1 ~~  y7     1 0.2763327 -0.200277    1.63384 -0.024516            0.2
71    y1 ~~  y8     1 0.1902359 -0.141876    1.68295 -0.016860            0.2
73    y2 ~~  y3     1 0.8079484 -0.597597    2.59431 -0.046070            0.2
75    y2 ~~  y5     1 0.1345682  0.162333    2.00473  0.016195            0.2
77    y2 ~~  y7     1 0.8732389  0.531540    2.39952  0.044304            0.2
78    y2 ~~  y8     1 1.0406080  0.691079    2.47164  0.055921            0.2
80    y3 ~~  y4     1 0.0510988  0.119307    2.24351  0.010636            0.2
81    y3 ~~  y5     1 0.0006082 -0.011159    1.79918 -0.001240            0.2
82    y3 ~~  y6     1 1.5528272 -0.661824    2.31867 -0.057087            0.2
84    y3 ~~  y8     1 0.8202520 -0.446792    2.21822 -0.040284            0.2
86    y4 ~~  y5     1 0.0532668 -0.083125    1.73365 -0.009590            0.2
87    y4 ~~  y6     1 0.6534884  0.462194    2.23421  0.041374            0.2
88    y4 ~~  y7     1 0.4274444 -0.294698    2.07506 -0.028404            0.2
91    y5 ~~  y6     1 0.8603783 -0.336170    1.79173 -0.037525            0.2
92    y5 ~~  y7     1 0.2736935  0.207758    1.66410  0.024969            0.2
93    y5 ~~  y8     1 0.4852475 -0.237763    1.71411 -0.027742            0.2
95    y6 ~~  y7     1 0.1656996 -0.189862    2.14458 -0.017706            0.2
98    y7 ~~  y8     1 2.4812487  0.691276    2.05167  0.067387            0.2
   significant.mi high.power decision
4           FALSE       TRUE       NM
5           FALSE       TRUE       NM
6           FALSE       TRUE       NM
7           FALSE       TRUE       NM
8           FALSE       TRUE       NM
9           FALSE       TRUE       NM
10          FALSE       TRUE       NM
11          FALSE       TRUE       NM
12          FALSE       TRUE       NM
13          FALSE       TRUE       NM
14          FALSE       TRUE       NM
15          FALSE       TRUE       NM
16          FALSE       TRUE       NM
17          FALSE       TRUE       NM
18          FALSE       TRUE       NM
19          FALSE       TRUE       NM
20          FALSE       TRUE       NM
21          FALSE       TRUE       NM
22          FALSE       TRUE       NM
23          FALSE       TRUE       NM
24          FALSE       TRUE       NM
25          FALSE       TRUE       NM
26          FALSE       TRUE       NM
27          FALSE       TRUE       NM
28          FALSE       TRUE       NM
29          FALSE       TRUE       NM
30          FALSE       TRUE       NM
31          FALSE       TRUE       NM
32          FALSE       TRUE       NM
33          FALSE       TRUE       NM
35          FALSE      FALSE        I
36          FALSE       TRUE       NM
37          FALSE       TRUE       NM
38          FALSE       TRUE       NM
39          FALSE       TRUE       NM
40          FALSE       TRUE       NM
41          FALSE       TRUE       NM
42          FALSE       TRUE       NM
43          FALSE       TRUE       NM
44          FALSE       TRUE       NM
46          FALSE      FALSE        I
47          FALSE       TRUE       NM
48          FALSE       TRUE       NM
49          FALSE       TRUE       NM
50          FALSE       TRUE       NM
51          FALSE       TRUE       NM
52          FALSE       TRUE       NM
53          FALSE       TRUE       NM
54          FALSE       TRUE       NM
56          FALSE       TRUE       NM
57          FALSE       TRUE       NM
58          FALSE       TRUE       NM
59          FALSE       TRUE       NM
60          FALSE       TRUE       NM
61          FALSE       TRUE       NM
62          FALSE       TRUE       NM
63          FALSE       TRUE       NM
65          FALSE       TRUE       NM
66          FALSE       TRUE       NM
67          FALSE       TRUE       NM
69          FALSE       TRUE       NM
70          FALSE       TRUE       NM
71          FALSE       TRUE       NM
73          FALSE       TRUE       NM
75          FALSE       TRUE       NM
77          FALSE       TRUE       NM
78          FALSE       TRUE       NM
80          FALSE       TRUE       NM
81          FALSE       TRUE       NM
82          FALSE       TRUE       NM
84          FALSE       TRUE       NM
86          FALSE       TRUE       NM
87          FALSE       TRUE       NM
88          FALSE       TRUE       NM
91          FALSE       TRUE       NM
92          FALSE       TRUE       NM
93          FALSE       TRUE       NM
95          FALSE       TRUE       NM
98          FALSE       TRUE       NM
> 
> 
> 
> base::assign(".dptime", (proc.time() - get(".ptime", pos = "CheckExEnv")), pos = "CheckExEnv")
> base::cat("miPowerFit", base::get(".format_ptime", pos = 'CheckExEnv')(get(".dptime", pos = "CheckExEnv")), "\n", file=base::get(".ExTimings", pos = 'CheckExEnv'), append=TRUE, sep="\t")
> cleanEx()
> nameEx("monteCarloMed")
> ### * monteCarloMed
> 
> flush(stderr()); flush(stdout())
> 
> base::assign(".ptime", proc.time(), pos = "CheckExEnv")
> ### Name: monteCarloMed
> ### Title: Monte Carlo Confidence Intervals to Test Complex Indirect
> ###   Effects
> ### Aliases: monteCarloMed
> 
> ### ** Examples
> 
> #Simple two path mediation
> #Write expression of indirect effect
> med <- 'a*b'
> #Paramter values from analyses
> aparam <- 1
> bparam<-2
> #Asymptotic covariance matrix from analyses
> AC <- matrix(c(.01,.00002,
+                .00002,.02), nrow=2, byrow=TRUE)
> #Compute CI, include a plot
> monteCarloMed(med, coef1=aparam, coef2=bparam, outputValues=FALSE, plot=TRUE, ACM=AC)
Loading required package: MASS
$`Point Estimate`
[1] 2

$`95% Confidence Interval`
         
LL 1.5326
UL 2.5028

> 
> #Use a matrix of parameter estimates as input
> aparam<-c(1,2)
> monteCarloMed(med, coef1=aparam, outputValues=FALSE, plot=TRUE, ACM=AC)
$`Point Estimate`
[1] 2

$`95% Confidence Interval`
         
LL 1.5383
UL 2.4950

> 
> 
> 
> #complex mediation with two paths for the indirect effect
> #Write expression of indirect effect
> med <- 'a1*b1 + a1*b2'
> #Paramter values and standard errors from analyses
> aparam <- 1
> b1param<-2
> b2param<-1
> #Asymptotic covariance matrix from analyses
> AC <- matrix(c(1,.00002, .00003,
+                     .00002,1, .00002,
+ 					.00003, .00002, 1), nrow=3, byrow=TRUE)
> #Compute CI do not include a plot
> monteCarloMed(med, coef1=aparam, coef2=b1param, coef3=b2param, ACM=AC)
$`Point Estimate`
[1] 3

$`95% Confidence Interval`
          
LL -3.1105
UL 11.4472

> 
> 
> 
> base::assign(".dptime", (proc.time() - get(".ptime", pos = "CheckExEnv")), pos = "CheckExEnv")
> base::cat("monteCarloMed", base::get(".format_ptime", pos = 'CheckExEnv')(get(".dptime", pos = "CheckExEnv")), "\n", file=base::get(".ExTimings", pos = 'CheckExEnv'), append=TRUE, sep="\t")
> cleanEx()

detaching 'package:MASS'

> nameEx("moreFitIndices")
> ### * moreFitIndices
> 
> flush(stderr()); flush(stdout())
> 
> base::assign(".ptime", proc.time(), pos = "CheckExEnv")
> ### Name: moreFitIndices
> ### Title: Calculate more fit indices
> ### Aliases: moreFitIndices
> 
> ### ** Examples
> 
> HS.model <- ' visual  =~ x1 + x2 + x3
+               textual =~ x4 + x5 + x6
+               speed   =~ x7 + x8 + x9 '
> 
> fit <- cfa(HS.model, data=HolzingerSwineford1939)
> moreFitIndices(fit)
      gammaHat    adjGammaHat baseline.rmsea     aic.smallN     bic.priorN 
     0.9565611      0.9185521      0.2854364   7476.5731866   7544.0149775 
           hqc            sic 
  7517.2909607   3794.0917641 
> 
> fit2 <- cfa(HS.model, data=HolzingerSwineford1939, estimator="mlr")
> moreFitIndices(fit2)
             gammaHat           adjGammaHat        baseline.rmsea 
            0.9565611             0.9185521             0.2854364 
           aic.smallN            bic.priorN                   hqc 
         7476.5731866          7544.0149775          7517.2909607 
      gammaHat.scaled    adjGammaHat.scaled baseline.rmsea.scaled 
            0.9553250             0.9162344             0.3558016 
> 
> 
> 
> base::assign(".dptime", (proc.time() - get(".ptime", pos = "CheckExEnv")), pos = "CheckExEnv")
> base::cat("moreFitIndices", base::get(".format_ptime", pos = 'CheckExEnv')(get(".dptime", pos = "CheckExEnv")), "\n", file=base::get(".ExTimings", pos = 'CheckExEnv'), append=TRUE, sep="\t")
> cleanEx()
> nameEx("net")
> ### * net
> 
> flush(stderr()); flush(stdout())
> 
> base::assign(".ptime", proc.time(), pos = "CheckExEnv")
> ### Name: net
> ### Title: Nesting and Equivalence Testing
> ### Aliases: net
> 
> ### ** Examples
> 
> m1 <- ' visual  =~ x1 + x2 + x3
+ 	textual =~ x4 + x5 + x6
+ 	speed   =~ x7 + x8 + x9 '
> 
> 	
> m2 <- ' f1  =~ x1 + x2 + x3 + x4
+ 	f2 =~ x5 + x6 + x7 + x8 + x9 '
> 
> m3 <- ' visual  =~ x1 + x2 + x3
+ 	textual =~ eq*x4 + eq*x5 + eq*x6
+ 	speed   =~ x7 + x8 + x9 '
> 	
> fit1 <- cfa(m1, data = HolzingerSwineford1939)
> fit1a <- cfa(m1, data = HolzingerSwineford1939, std.lv = TRUE) # Equivalent to fit1
> fit2 <- cfa(m2, data = HolzingerSwineford1939) # Not equivalent to or nested in fit1
> fit3 <- cfa(m3, data = HolzingerSwineford1939) # Nested in fit1 and fit1a
> 
> tests <- net(fit1, fit1a, fit2, fit3)
> tests

     If cell [R, C] is TRUE, the model in row R is nested within column C.
     
     If cell [R, C] is TRUE and the models have the same degrees of freedom,
     they are equivalent models.  See Bentler & Satorra (2010) for details.
     
     If cell [R, C] is NA, then the model in column C did not converge when
     fit to the implied means and covariance matrix from the model in row R.
     
     The hidden diagonal is TRUE because any model is equivalent to itself.
     The upper triangle is hidden because for models with the same degrees
     of freedom, cell [C, R] == cell [R, C].  For all models with different
     degrees of freedom, the upper diagonal is all FALSE because models with
     fewer degrees of freedom (i.e., more parameters) cannot be nested
     within models with more degrees of freedom (i.e., fewer parameters).  
     
                fit1  fit1a fit2  fit3
fit1 (df = 24)                        
fit1a (df = 24) TRUE                  
fit2 (df = 26)  FALSE FALSE           
fit3 (df = 26)  TRUE  TRUE  FALSE     
> summary(tests)
Model "fit1a" is equivalent to model "fit1"
Model "fit3" is nested within model "fit1a"
Model "fit3" is nested within model "fit1"
> 
> 
> 
> base::assign(".dptime", (proc.time() - get(".ptime", pos = "CheckExEnv")), pos = "CheckExEnv")
> base::cat("net", base::get(".format_ptime", pos = 'CheckExEnv')(get(".dptime", pos = "CheckExEnv")), "\n", file=base::get(".ExTimings", pos = 'CheckExEnv'), append=TRUE, sep="\t")
> cleanEx()
> nameEx("nullMx")
> ### * nullMx
> 
> flush(stderr()); flush(stdout())
> 
> base::assign(".ptime", proc.time(), pos = "CheckExEnv")
> ### Name: nullMx
> ### Title: Analyzing data using a null model
> ### Aliases: nullMx
> 
> ### ** Examples
> 
> ## Not run: 
> ##D library(OpenMx)
> ##D data(demoOneFactor)
> ##D nullModel <- nullMx(demoOneFactor)
> ## End(Not run)
> 
> 
> 
> base::assign(".dptime", (proc.time() - get(".ptime", pos = "CheckExEnv")), pos = "CheckExEnv")
> base::cat("nullMx", base::get(".format_ptime", pos = 'CheckExEnv')(get(".dptime", pos = "CheckExEnv")), "\n", file=base::get(".ExTimings", pos = 'CheckExEnv'), append=TRUE, sep="\t")
> cleanEx()
> nameEx("nullRMSEA")
> ### * nullRMSEA
> 
> flush(stderr()); flush(stdout())
> 
> base::assign(".ptime", proc.time(), pos = "CheckExEnv")
> ### Name: nullRMSEA
> ### Title: Calculate the RMSEA of the null model
> ### Aliases: nullRMSEA
> 
> ### ** Examples
> 
> HS.model <- ' visual  =~ x1 + x2 + x3
+               textual =~ x4 + x5 + x6
+               speed   =~ x7 + x8 + x9 '
> 
> fit <- cfa(HS.model, data=HolzingerSwineford1939)
> nullRMSEA(fit)
Baseline RMSEA: 0.285
> 
> 
> 
> base::assign(".dptime", (proc.time() - get(".ptime", pos = "CheckExEnv")), pos = "CheckExEnv")
> base::cat("nullRMSEA", base::get(".format_ptime", pos = 'CheckExEnv')(get(".dptime", pos = "CheckExEnv")), "\n", file=base::get(".ExTimings", pos = 'CheckExEnv'), append=TRUE, sep="\t")
> cleanEx()
> nameEx("parcelAllocation")
> ### * parcelAllocation
> 
> flush(stderr()); flush(stdout())
> 
> base::assign(".ptime", proc.time(), pos = "CheckExEnv")
> ### Name: parcelAllocation
> ### Title: Random Allocation of Items to Parcels in a Structural Equation
> ###   Model
> ### Aliases: parcelAllocation
> 
> ### ** Examples
> 
> #Fit 3 factor CFA to simulated data.
> #Each factor has 9 indicators that are randomly parceled into 3 parcels
> #Lavaan syntax for the model to be fit to parceled data
> syntax <- 'La =~ V1 + V2 + V3 
+            Lb =~ V4 + V5 + V6
+ '
> #Parcel and fit data 20 times. The actual parcel number should be higher than 20 times.
> name1 <- colnames(simParcel)[1:9]
> name2 <- colnames(simParcel)[10:18]
> parcelAllocation(list(c(3,3,3),c(3,3,3)), list(name1, name2), nAlloc=20, syntax=syntax, 
+ 	dataset=simParcel)
$Estimates
   lhs op rhs   est  S.D.   MAX   MIN Range % Sig
1   La =~  V1 1.000 0.000 1.000 1.000 0.000    NA
2   La =~  V2 0.995 0.054 1.130 0.912 0.218     1
3   La =~  V3 1.002 0.047 1.090 0.926 0.164     1
4   Lb =~  V4 1.000 0.000 1.000 1.000 0.000    NA
5   Lb =~  V5 0.987 0.041 1.070 0.902 0.168     1
6   Lb =~  V6 0.994 0.047 1.062 0.898 0.164     1
7   V1 ~~  V1 0.219 0.014 0.247 0.196 0.052     1
8   V2 ~~  V2 0.211 0.017 0.237 0.174 0.063     1
9   V3 ~~  V3 0.203 0.018 0.240 0.162 0.078     1
10  V4 ~~  V4 0.208 0.020 0.240 0.165 0.075     1
11  V5 ~~  V5 0.216 0.018 0.249 0.187 0.062     1
12  V6 ~~  V6 0.206 0.019 0.240 0.161 0.079     1
13  La ~~  La 0.377 0.021 0.398 0.326 0.072     1
14  Lb ~~  Lb 0.361 0.019 0.395 0.329 0.066     1
15  La ~~  Lb 0.195 0.007 0.208 0.180 0.028     1

$SE
   lhs op rhs Avg SE  S.D.   MAX   MIN Range
1   La =~  V1  0.000 0.000 0.000 0.000 0.000
2   La =~  V2  0.046 0.003 0.054 0.041 0.013
3   La =~  V3  0.046 0.003 0.052 0.041 0.011
4   Lb =~  V4  0.000 0.000 0.000 0.000 0.000
5   Lb =~  V5  0.047 0.002 0.050 0.044 0.007
6   Lb =~  V6  0.047 0.002 0.049 0.041 0.008
7   V1 ~~  V1  0.016 0.001 0.018 0.015 0.003
8   V2 ~~  V2  0.016 0.001 0.018 0.015 0.003
9   V3 ~~  V3  0.016 0.001 0.017 0.014 0.003
10  V4 ~~  V4  0.016 0.001 0.018 0.014 0.004
11  V5 ~~  V5  0.016 0.001 0.018 0.015 0.003
12  V6 ~~  V6  0.016 0.001 0.017 0.014 0.003
13  La ~~  La  0.030 0.001 0.032 0.028 0.005
14  Lb ~~  Lb  0.029 0.001 0.032 0.028 0.004
15  La ~~  Lb  0.019 0.001 0.020 0.017 0.003

$Fit
      Avg Ind  S.D.    MAX   MIN  Range
chisq   6.906 3.652 14.543 1.456 13.087
df      8.000 0.000  8.000 8.000  0.000
cfi     0.999 0.001  1.000 0.997  0.003
tli     1.001 0.003  1.006 0.994  0.012
rmsea   0.007 0.011  0.032 0.000  0.032
srmr    0.011 0.003  0.019 0.006  0.013

> 
> 
> 
> base::assign(".dptime", (proc.time() - get(".ptime", pos = "CheckExEnv")), pos = "CheckExEnv")
> base::cat("parcelAllocation", base::get(".format_ptime", pos = 'CheckExEnv')(get(".dptime", pos = "CheckExEnv")), "\n", file=base::get(".ExTimings", pos = 'CheckExEnv'), append=TRUE, sep="\t")
> cleanEx()
> nameEx("plotProbe")
> ### * plotProbe
> 
> flush(stderr()); flush(stdout())
> 
> base::assign(".ptime", proc.time(), pos = "CheckExEnv")
> ### Name: plotProbe
> ### Title: Plot the graphs for probing latent interaction
> ### Aliases: plotProbe
> 
> ### ** Examples
> 
> library(lavaan) 
> 
> dat2wayMC <- indProd(dat2way, 1:3, 4:6)
> 
> model1 <- "
+ f1 =~ x1 + x2 + x3
+ f2 =~ x4 + x5 + x6
+ f12 =~ x1.x4 + x2.x5 + x3.x6
+ f3 =~ x7 + x8 + x9
+ f3 ~ f1 + f2 + f12
+ f12 ~~0*f1
+ f12 ~~ 0*f2
+ x1 ~ 0*1
+ x4 ~ 0*1
+ x1.x4 ~ 0*1
+ x7 ~ 0*1
+ f1 ~ NA*1
+ f2 ~ NA*1
+ f12 ~ NA*1
+ f3 ~ NA*1
+ "
> 
> fitMC2way <- sem(model1, data=dat2wayMC, meanstructure=TRUE, std.lv=FALSE)
> result2wayMC <- probe2WayMC(fitMC2way, c("f1", "f2", "f12"), "f3", "f2", c(-1, 0, 1))
> plotProbe(result2wayMC, xlim=c(-2, 2))
> 
> 
> dat3wayMC <- indProd(dat3way, 1:3, 4:6, 7:9)
> 
> model3 <- "
+ f1 =~ x1 + x2 + x3
+ f2 =~ x4 + x5 + x6
+ f3 =~ x7 + x8 + x9
+ f12 =~ x1.x4 + x2.x5 + x3.x6
+ f13 =~ x1.x7 + x2.x8 + x3.x9
+ f23 =~ x4.x7 + x5.x8 + x6.x9
+ f123 =~ x1.x4.x7 + x2.x5.x8 + x3.x6.x9
+ f4 =~ x10 + x11 + x12
+ f4 ~ f1 + f2 + f3 + f12 + f13 + f23 + f123
+ f1 ~~ 0*f12
+ f1 ~~ 0*f13
+ f1 ~~ 0*f123
+ f2 ~~ 0*f12
+ f2 ~~ 0*f23
+ f2 ~~ 0*f123
+ f3 ~~ 0*f13
+ f3 ~~ 0*f23
+ f3 ~~ 0*f123
+ f12 ~~ 0*f123
+ f13 ~~ 0*f123
+ f23 ~~ 0*f123
+ x1 ~ 0*1
+ x4 ~ 0*1
+ x7 ~ 0*1
+ x10 ~ 0*1
+ x1.x4 ~ 0*1
+ x1.x7 ~ 0*1
+ x4.x7 ~ 0*1
+ x1.x4.x7 ~ 0*1
+ f1 ~ NA*1
+ f2 ~ NA*1
+ f3 ~ NA*1
+ f12 ~ NA*1
+ f13 ~ NA*1
+ f23 ~ NA*1
+ f123 ~ NA*1
+ f4 ~ NA*1
+ " 
> 
> fitMC3way <- sem(model3, data=dat3wayMC, meanstructure=TRUE, std.lv=FALSE)
> result3wayMC <- probe3WayMC(fitMC3way, c("f1", "f2", "f3", "f12", "f13", "f23", "f123"), 
+ 	"f4", c("f1", "f2"), c(-1, 0, 1), c(-1, 0, 1))
> plotProbe(result3wayMC, xlim=c(-2, 2))
> 
> 
> 
> base::assign(".dptime", (proc.time() - get(".ptime", pos = "CheckExEnv")), pos = "CheckExEnv")
> base::cat("plotProbe", base::get(".format_ptime", pos = 'CheckExEnv')(get(".dptime", pos = "CheckExEnv")), "\n", file=base::get(".ExTimings", pos = 'CheckExEnv'), append=TRUE, sep="\t")
> cleanEx()
> nameEx("plotRMSEAdist")
> ### * plotRMSEAdist
> 
> flush(stderr()); flush(stdout())
> 
> base::assign(".ptime", proc.time(), pos = "CheckExEnv")
> ### Name: plotRMSEAdist
> ### Title: Plot the sampling distributions of RMSEA
> ### Aliases: plotRMSEAdist
> 
> ### ** Examples
> 
> plotRMSEAdist(rmsea=c(.05, .08), n=200, df=20, ptile=0.95, rmseaScale = TRUE)
Warning in plotRMSEAdist(rmsea = c(0.05, 0.08), n = 200, df = 20, ptile = 0.95,  :
  The density at RMSEA = 0 cannot be trusted because the plots are truncated.
> plotRMSEAdist(rmsea=c(.05, .01), n=200, df=20, ptile=0.05, rmseaScale = FALSE)
> 
> 
> 
> base::assign(".dptime", (proc.time() - get(".ptime", pos = "CheckExEnv")), pos = "CheckExEnv")
> base::cat("plotRMSEAdist", base::get(".format_ptime", pos = 'CheckExEnv')(get(".dptime", pos = "CheckExEnv")), "\n", file=base::get(".ExTimings", pos = 'CheckExEnv'), append=TRUE, sep="\t")
> cleanEx()
> nameEx("plotRMSEApower")
> ### * plotRMSEApower
> 
> flush(stderr()); flush(stdout())
> 
> base::assign(".ptime", proc.time(), pos = "CheckExEnv")
> ### Name: plotRMSEApower
> ### Title: Plot power curves for RMSEA
> ### Aliases: plotRMSEApower
> 
> ### ** Examples
> 
> plotRMSEApower(.025, .075, 23, 100, 500, 10)
> 
> 
> 
> base::assign(".dptime", (proc.time() - get(".ptime", pos = "CheckExEnv")), pos = "CheckExEnv")
> base::cat("plotRMSEApower", base::get(".format_ptime", pos = 'CheckExEnv')(get(".dptime", pos = "CheckExEnv")), "\n", file=base::get(".ExTimings", pos = 'CheckExEnv'), append=TRUE, sep="\t")
> cleanEx()
> nameEx("plotRMSEApowernested")
> ### * plotRMSEApowernested
> 
> flush(stderr()); flush(stdout())
> 
> base::assign(".ptime", proc.time(), pos = "CheckExEnv")
> ### Name: plotRMSEApowernested
> ### Title: Plot power of nested model RMSEA
> ### Aliases: plotRMSEApowernested
> 
> ### ** Examples
> 
> plotRMSEApowernested(rmsea0A = 0, rmsea0B = 0, rmsea1A = 0.06, rmsea1B = 0.05, 
+ dfA=22, dfB=20, nlow=50, nhigh=500, steps=1, alpha=.05, group=1)  
> 
> 
> 
> base::assign(".dptime", (proc.time() - get(".ptime", pos = "CheckExEnv")), pos = "CheckExEnv")
> base::cat("plotRMSEApowernested", base::get(".format_ptime", pos = 'CheckExEnv')(get(".dptime", pos = "CheckExEnv")), "\n", file=base::get(".ExTimings", pos = 'CheckExEnv'), append=TRUE, sep="\t")
> cleanEx()
> nameEx("probe2WayMC")
> ### * probe2WayMC
> 
> flush(stderr()); flush(stdout())
> 
> base::assign(".ptime", proc.time(), pos = "CheckExEnv")
> ### Name: probe2WayMC
> ### Title: Probing two-way interaction on the residual-centered latent
> ###   interaction
> ### Aliases: probe2WayMC
> 
> ### ** Examples
> 
> library(lavaan) 
> 
> dat2wayMC <- indProd(dat2way, 1:3, 4:6)
> 
> model1 <- "
+ f1 =~ x1 + x2 + x3
+ f2 =~ x4 + x5 + x6
+ f12 =~ x1.x4 + x2.x5 + x3.x6
+ f3 =~ x7 + x8 + x9
+ f3 ~ f1 + f2 + f12
+ f12 ~~0*f1
+ f12 ~~ 0*f2
+ x1 ~ 0*1
+ x4 ~ 0*1
+ x1.x4 ~ 0*1
+ x7 ~ 0*1
+ f1 ~ NA*1
+ f2 ~ NA*1
+ f12 ~ NA*1
+ f3 ~ NA*1
+ "
> 
> fitMC2way <- sem(model1, data=dat2wayMC, meanstructure=TRUE, std.lv=FALSE)
> summary(fitMC2way)
lavaan (0.5-16) converged normally after  49 iterations

  Number of observations                         10000

  Estimator                                         ML
  Minimum Function Test Statistic               28.376
  Degrees of freedom                                50
  P-value (Chi-square)                           0.994

Parameter estimates:

  Information                                 Expected
  Standard Errors                             Standard

                   Estimate  Std.err  Z-value  P(>|z|)
Latent variables:
  f1 =~
    x1                1.000
    x2                0.996    0.018   55.194    0.000
    x3                1.008    0.018   55.393    0.000
  f2 =~
    x4                1.000
    x5                0.999    0.018   54.472    0.000
    x6                0.984    0.018   54.181    0.000
  f12 =~
    x1.x4             1.000
    x2.x5             0.964    0.038   25.297    0.000
    x3.x6             0.962    0.038   25.324    0.000
  f3 =~
    x7                1.000
    x8                1.019    0.020   50.206    0.000
    x9                1.003    0.020   49.801    0.000

Regressions:
  f3 ~
    f1                0.418    0.014   30.638    0.000
    f2                0.395    0.014   29.183    0.000
    f12               0.194    0.011   17.377    0.000

Covariances:
  f1 ~~
    f12               0.000
  f2 ~~
    f12               0.000
  f1 ~~
    f2                0.491    0.016   30.939    0.000

Intercepts:
    x1                0.000
    x4                0.000
    x1.x4             0.000
    x7                0.000
    f1                0.000    0.014    0.000    1.000
    f2                0.000    0.014    0.000    1.000
    f12               0.000    0.020    0.000    1.000
    f3                0.100    0.013    7.790    0.000
    x2               -0.000    0.014   -0.000    1.000
    x3               -0.000    0.014   -0.000    1.000
    x5               -0.000    0.014   -0.000    1.000
    x6               -0.000    0.014   -0.000    1.000
    x2.x5            -0.000    0.024   -0.000    1.000
    x3.x6            -0.000    0.024   -0.000    1.000
    x8               -0.002    0.014   -0.132    0.895
    x9               -0.000    0.014   -0.023    0.982

Variances:
    x1                0.995    0.020
    x2                1.004    0.020
    x3                1.001    0.020
    x4                1.007    0.020
    x5                0.991    0.020
    x6                1.002    0.020
    x1.x4             2.875    0.065
    x2.x5             3.002    0.063
    x3.x6             3.138    0.065
    x7                1.014    0.018
    x8                0.987    0.018
    x9                0.999    0.018
    f1                0.988    0.028
    f2                0.981    0.028
    f12               1.261    0.066
    f3                0.194    0.011

> 
> result2wayMC <- probe2WayMC(fitMC2way, c("f1", "f2", "f12"), "f3", "f2", c(-1, 0, 1))
> result2wayMC
$SimpleIntcept
     f2     Intcept        SE       Wald p
[1,] -1 -0.29501700 0.0186534 -15.815723 0
[2,]  0  0.09998995 0.0128351   7.790349 0
[3,]  1  0.49499690 0.0186534  26.536553 0

$SimpleSlope
     f2     Slope         SE     Wald p
[1,] -1 0.2238274 0.01696602 13.19269 0
[2,]  0 0.4176234 0.01363089 30.63801 0
[3,]  1 0.6114194 0.01823499 33.53001 0

> 
> 
> 
> base::assign(".dptime", (proc.time() - get(".ptime", pos = "CheckExEnv")), pos = "CheckExEnv")
> base::cat("probe2WayMC", base::get(".format_ptime", pos = 'CheckExEnv')(get(".dptime", pos = "CheckExEnv")), "\n", file=base::get(".ExTimings", pos = 'CheckExEnv'), append=TRUE, sep="\t")
> cleanEx()
> nameEx("probe2WayRC")
> ### * probe2WayRC
> 
> flush(stderr()); flush(stdout())
> 
> base::assign(".ptime", proc.time(), pos = "CheckExEnv")
> ### Name: probe2WayRC
> ### Title: Probing two-way interaction on the residual-centered latent
> ###   interaction
> ### Aliases: probe2WayRC
> 
> ### ** Examples
> 
> library(lavaan) 
> 
> dat2wayRC <- orthogonalize(dat2way, 1:3, 4:6)
> 
> model1 <- "
+ f1 =~ x1 + x2 + x3
+ f2 =~ x4 + x5 + x6
+ f12 =~ x1.x4 + x2.x5 + x3.x6
+ f3 =~ x7 + x8 + x9
+ f3 ~ f1 + f2 + f12
+ f12 ~~0*f1
+ f12 ~~ 0*f2
+ x1 ~ 0*1
+ x4 ~ 0*1
+ x1.x4 ~ 0*1
+ x7 ~ 0*1
+ f1 ~ NA*1
+ f2 ~ NA*1
+ f12 ~ NA*1
+ f3 ~ NA*1
+ "
> 
> fitRC2way <- sem(model1, data=dat2wayRC, meanstructure=TRUE, std.lv=FALSE)
> summary(fitRC2way)
lavaan (0.5-16) converged normally after  51 iterations

  Number of observations                         10000

  Estimator                                         ML
  Minimum Function Test Statistic               11.737
  Degrees of freedom                                50
  P-value (Chi-square)                           1.000

Parameter estimates:

  Information                                 Expected
  Standard Errors                             Standard

                   Estimate  Std.err  Z-value  P(>|z|)
Latent variables:
  f1 =~
    x1                1.000
    x2                0.994    0.018   55.226    0.000
    x3                1.006    0.018   55.396    0.000
  f2 =~
    x4                1.000
    x5                0.998    0.018   54.486    0.000
    x6                0.983    0.018   54.193    0.000
  f12 =~
    x1.x4             1.000
    x2.x5             0.964    0.038   25.295    0.000
    x3.x6             0.962    0.038   25.322    0.000
  f3 =~
    x7                1.000
    x8                1.019    0.020   50.213    0.000
    x9                1.003    0.020   49.808    0.000

Regressions:
  f3 ~
    f1                0.417    0.014   30.632    0.000
    f2                0.395    0.014   29.206    0.000
    f12               0.194    0.011   17.384    0.000

Covariances:
  f1 ~~
    f12               0.000
  f2 ~~
    f12               0.000
  f1 ~~
    f2                0.492    0.016   30.957    0.000

Intercepts:
    x1                0.000
    x4                0.000
    x1.x4             0.000
    x7                0.000
    f1                0.000    0.014    0.000    1.000
    f2                0.000    0.014    0.000    1.000
    f12               0.000    0.020    0.000    1.000
    f3                0.100    0.013    7.794    0.000
    x2               -0.000    0.014   -0.000    1.000
    x3               -0.000    0.014   -0.000    1.000
    x5                0.000    0.014    0.000    1.000
    x6                0.000    0.014    0.000    1.000
    x2.x5            -0.000    0.024   -0.000    1.000
    x3.x6            -0.000    0.024   -0.000    1.000
    x8               -0.002    0.014   -0.132    0.895
    x9               -0.000    0.014   -0.023    0.982

Variances:
    x1                0.992    0.020
    x2                1.004    0.020
    x3                1.003    0.020
    x4                1.006    0.020
    x5                0.991    0.020
    x6                1.003    0.020
    x1.x4             2.872    0.065
    x2.x5             3.001    0.063
    x3.x6             3.138    0.065
    x7                1.014    0.018
    x8                0.987    0.018
    x9                0.999    0.018
    f1                0.991    0.028
    f2                0.982    0.028
    f12               1.260    0.066
    f3                0.194    0.011

> 
> result2wayRC <- probe2WayRC(fitRC2way, c("f1", "f2", "f12"), "f3", "f2", c(-1, 0, 1))
> result2wayRC
$SimpleIntcept
     f2      Intcept         SE        Wald       p
[1,] -1 -0.390416411 0.01958671 -19.9327216 0.00000
[2,]  0  0.004669468 0.01410859   0.3309662 0.74067
[3,]  1  0.399755348 0.01958671  20.4095217 0.00000

$SimpleSlope
     f2     Slope         SE     Wald p
[1,] -1 0.2229032 0.01713558 13.00821 0
[2,]  0 0.4168254 0.01366659 30.49960 0
[3,]  1 0.6107477 0.01844686 33.10849 0

> 
> 
> 
> base::assign(".dptime", (proc.time() - get(".ptime", pos = "CheckExEnv")), pos = "CheckExEnv")
> base::cat("probe2WayRC", base::get(".format_ptime", pos = 'CheckExEnv')(get(".dptime", pos = "CheckExEnv")), "\n", file=base::get(".ExTimings", pos = 'CheckExEnv'), append=TRUE, sep="\t")
> cleanEx()
> nameEx("probe3WayMC")
> ### * probe3WayMC
> 
> flush(stderr()); flush(stdout())
> 
> base::assign(".ptime", proc.time(), pos = "CheckExEnv")
> ### Name: probe3WayMC
> ### Title: Probing two-way interaction on the residual-centered latent
> ###   interaction
> ### Aliases: probe3WayMC
> 
> ### ** Examples
> 
> library(lavaan)
> 
> dat3wayMC <- indProd(dat3way, 1:3, 4:6, 7:9)
> 
> model3 <- "
+ f1 =~ x1 + x2 + x3
+ f2 =~ x4 + x5 + x6
+ f3 =~ x7 + x8 + x9
+ f12 =~ x1.x4 + x2.x5 + x3.x6
+ f13 =~ x1.x7 + x2.x8 + x3.x9
+ f23 =~ x4.x7 + x5.x8 + x6.x9
+ f123 =~ x1.x4.x7 + x2.x5.x8 + x3.x6.x9
+ f4 =~ x10 + x11 + x12
+ f4 ~ f1 + f2 + f3 + f12 + f13 + f23 + f123
+ f1 ~~ 0*f12
+ f1 ~~ 0*f13
+ f1 ~~ 0*f123
+ f2 ~~ 0*f12
+ f2 ~~ 0*f23
+ f2 ~~ 0*f123
+ f3 ~~ 0*f13
+ f3 ~~ 0*f23
+ f3 ~~ 0*f123
+ f12 ~~ 0*f123
+ f13 ~~ 0*f123
+ f23 ~~ 0*f123
+ x1 ~ 0*1
+ x4 ~ 0*1
+ x7 ~ 0*1
+ x10 ~ 0*1
+ x1.x4 ~ 0*1
+ x1.x7 ~ 0*1
+ x4.x7 ~ 0*1
+ x1.x4.x7 ~ 0*1
+ f1 ~ NA*1
+ f2 ~ NA*1
+ f3 ~ NA*1
+ f12 ~ NA*1
+ f13 ~ NA*1
+ f23 ~ NA*1
+ f123 ~ NA*1
+ f4 ~ NA*1
+ " 
> 
> fitMC3way <- sem(model3, data=dat3wayMC, meanstructure=TRUE, std.lv=FALSE)
> summary(fitMC3way)
lavaan (0.5-16) converged normally after  85 iterations

  Number of observations                          1000

  Estimator                                         ML
  Minimum Function Test Statistic              394.539
  Degrees of freedom                               236
  P-value (Chi-square)                           0.000

Parameter estimates:

  Information                                 Expected
  Standard Errors                             Standard

                   Estimate  Std.err  Z-value  P(>|z|)
Latent variables:
  f1 =~
    x1                1.000
    x2                1.073    0.065   16.552    0.000
    x3                1.118    0.067   16.584    0.000
  f2 =~
    x4                1.000
    x5                0.991    0.061   16.368    0.000
    x6                0.950    0.058   16.297    0.000
  f3 =~
    x7                1.000
    x8                0.980    0.059   16.511    0.000
    x9                0.997    0.060   16.524    0.000
  f12 =~
    x1.x4             1.000
    x2.x5             1.315    0.156    8.416    0.000
    x3.x6             1.246    0.147    8.484    0.000
  f13 =~
    x1.x7             1.000
    x2.x8             0.856    0.118    7.248    0.000
    x3.x9             0.920    0.127    7.232    0.000
  f23 =~
    x4.x7             1.000
    x5.x8             1.077    0.160    6.720    0.000
    x6.x9             1.105    0.165    6.698    0.000
  f123 =~
    x1.x4.x7          1.000
    x2.x5.x8          1.504    0.291    5.166    0.000
    x3.x6.x9          1.151    0.213    5.393    0.000
  f4 =~
    x10               1.000
    x11               1.030    0.036   28.809    0.000
    x12               0.959    0.034   28.404    0.000

Regressions:
  f4 ~
    f1                0.353    0.059    6.005    0.000
    f2                0.386    0.055    6.983    0.000
    f3                0.376    0.056    6.770    0.000
    f12               0.065    0.069    0.943    0.346
    f13               0.033    0.060    0.553    0.580
    f23               0.137    0.074    1.867    0.062
    f123              0.376    0.081    4.633    0.000

Covariances:
  f1 ~~
    f12               0.000
    f13               0.000
    f123              0.000
  f2 ~~
    f12               0.000
    f23               0.000
    f123              0.000
  f3 ~~
    f13               0.000
    f23               0.000
    f123              0.000
  f12 ~~
    f123              0.000
  f13 ~~
    f123              0.000
  f23 ~~
    f123              0.000
  f1 ~~
    f2                0.110    0.042    2.632    0.008
    f3                0.122    0.042    2.924    0.003
    f23               0.057    0.048    1.201    0.230
  f2 ~~
    f3                0.101    0.044    2.280    0.023
    f13               0.019    0.058    0.325    0.745
  f3 ~~
    f12               0.054    0.047    1.149    0.251
  f12 ~~
    f13               0.275    0.071    3.889    0.000
    f23               0.192    0.061    3.169    0.002
  f13 ~~
    f23               0.225    0.074    3.048    0.002

Intercepts:
    x1                0.000
    x4                0.000
    x7                0.000
    x10               0.000
    x1.x4             0.000
    x1.x7             0.000
    x4.x7             0.000
    x1.x4.x7          0.000
    f1                0.000    0.044    0.000    1.000
    f2               -0.000    0.045   -0.000    1.000
    f3               -0.000    0.046   -0.000    1.000
    f12               0.000    0.063    0.000    1.000
    f13              -0.000    0.064   -0.000    1.000
    f23               0.000    0.066    0.000    1.000
    f123              0.000    0.094    0.000    1.000
    f4                0.026    0.064    0.403    0.687
    x2               -0.000    0.047   -0.000    1.000
    x3               -0.000    0.047   -0.000    1.000
    x5                0.000    0.044    0.000    1.000
    x6                0.000    0.044    0.000    1.000
    x8                0.000    0.044    0.000    1.000
    x9                0.000    0.045    0.000    1.000
    x2.x5            -0.000    0.091   -0.000    1.000
    x3.x6            -0.000    0.087   -0.000    1.000
    x2.x8             0.000    0.072    0.000    1.000
    x3.x9             0.000    0.075    0.000    1.000
    x5.x8            -0.000    0.084   -0.000    1.000
    x6.x9             0.000    0.086    0.000    1.000
    x2.x5.x8         -0.000    0.156   -0.000    1.000
    x3.x6.x9         -0.000    0.136   -0.000    1.000
    x11              -0.001    0.046   -0.017    0.986
    x12               0.001    0.044    0.024    0.981

Variances:
    x1                1.008    0.065
    x2                1.007    0.070
    x3                0.974    0.073
    x4                0.984    0.070
    x5                0.995    0.070
    x6                1.016    0.067
    x7                1.029    0.071
    x8                0.978    0.067
    x9                0.989    0.069
    x1.x4             3.039    0.178
    x2.x5             2.979    0.234
    x3.x6             2.931    0.217
    x1.x7             2.807    0.223
    x2.x8             3.136    0.197
    x3.x9             3.305    0.217
    x4.x7             3.418    0.214
    x5.x8             3.151    0.222
    x6.x9             3.182    0.229
    x1.x4.x7          7.504    0.429
    x2.x5.x8          7.266    0.646
    x3.x6.x9          8.579    0.517
    x10               1.002    0.069
    x11               1.008    0.071
    x12               0.978    0.065
    f1                0.922    0.087
    f2                1.053    0.097
    f3                1.045    0.097
    f12               0.940    0.162
    f13               1.316    0.228
    f23               0.941    0.193
    f123              1.255    0.335
    f4                1.558    0.121

> 
> result3wayMC <- probe3WayMC(fitMC3way, c("f1", "f2", "f3", "f12", "f13", "f23", "f123"), 
+ 	"f4", c("f1", "f2"), c(-1, 0, 1), c(-1, 0, 1))
> result3wayMC
$SimpleIntcept
  f1 f2      Intcept         SE        Wald            p
1 -1 -1 -0.648030598 0.11996533 -5.40181576 6.596969e-08
2  0 -1 -0.359972523 0.08469956 -4.24999276 2.137774e-05
3  1 -1 -0.071914448 0.12585140 -0.57142350 5.677126e-01
4 -1  0 -0.327066554 0.08703262 -3.75797666 1.712929e-04
5  0  0  0.025871533 0.06419111  0.40303919 6.869194e-01
6  1  0  0.378809621 0.08703259  4.35250328 1.345919e-05
7 -1  1 -0.006102511 0.12693774 -0.04807484 9.616566e-01
8  0  1  0.411715590 0.08469964  4.86088958 1.168594e-06
9  1  1  0.829533691 0.12286511  6.75158047 1.462430e-11

$SimpleSlope
  f1 f2      Slope         SE       Wald        p
1 -1 -1  0.5813446 0.12825660  4.5326677 0.000006
2  0 -1  0.2383891 0.09074650  2.6269780 0.008615
3  1 -1 -0.1045664 0.14310279 -0.7307086 0.464957
4 -1  0  0.3423614 0.08105694  4.2237152 0.000024
5  0  0  0.3757348 0.05550212  6.7697376 0.000000
6  1  0  0.4091081 0.08289924  4.9350046 0.000001
7 -1  1  0.1033783 0.14361942  0.7198073 0.471644
8  0  1  0.5130805 0.09353506  5.4854352 0.000000
9  1  1  0.9227827 0.13179633  7.0015812 0.000000

> 
> 
> 
> base::assign(".dptime", (proc.time() - get(".ptime", pos = "CheckExEnv")), pos = "CheckExEnv")
> base::cat("probe3WayMC", base::get(".format_ptime", pos = 'CheckExEnv')(get(".dptime", pos = "CheckExEnv")), "\n", file=base::get(".ExTimings", pos = 'CheckExEnv'), append=TRUE, sep="\t")
> cleanEx()
> nameEx("probe3WayRC")
> ### * probe3WayRC
> 
> flush(stderr()); flush(stdout())
> 
> base::assign(".ptime", proc.time(), pos = "CheckExEnv")
> ### Name: probe3WayRC
> ### Title: Probing three-way interaction on the residual-centered latent
> ###   interaction
> ### Aliases: probe3WayRC
> 
> ### ** Examples
> 
> library(lavaan)
> 
> dat3wayRC <- orthogonalize(dat3way, 1:3, 4:6, 7:9)
> 
> model3 <- "
+ f1 =~ x1 + x2 + x3
+ f2 =~ x4 + x5 + x6
+ f3 =~ x7 + x8 + x9
+ f12 =~ x1.x4 + x2.x5 + x3.x6
+ f13 =~ x1.x7 + x2.x8 + x3.x9
+ f23 =~ x4.x7 + x5.x8 + x6.x9
+ f123 =~ x1.x4.x7 + x2.x5.x8 + x3.x6.x9
+ f4 =~ x10 + x11 + x12
+ f4 ~ f1 + f2 + f3 + f12 + f13 + f23 + f123
+ f1 ~~ 0*f12
+ f1 ~~ 0*f13
+ f1 ~~ 0*f123
+ f2 ~~ 0*f12
+ f2 ~~ 0*f23
+ f2 ~~ 0*f123
+ f3 ~~ 0*f13
+ f3 ~~ 0*f23
+ f3 ~~ 0*f123
+ f12 ~~ 0*f123
+ f13 ~~ 0*f123
+ f23 ~~ 0*f123
+ x1 ~ 0*1
+ x4 ~ 0*1
+ x7 ~ 0*1
+ x10 ~ 0*1
+ x1.x4 ~ 0*1
+ x1.x7 ~ 0*1
+ x4.x7 ~ 0*1
+ x1.x4.x7 ~ 0*1
+ f1 ~ NA*1
+ f2 ~ NA*1
+ f3 ~ NA*1
+ f12 ~ NA*1
+ f13 ~ NA*1
+ f23 ~ NA*1
+ f123 ~ NA*1
+ f4 ~ NA*1
+ " 
> 
> fitRC3way <- sem(model3, data=dat3wayRC, meanstructure=TRUE, std.lv=FALSE)
> summary(fitRC3way)
lavaan (0.5-16) converged normally after  90 iterations

  Number of observations                          1000

  Estimator                                         ML
  Minimum Function Test Statistic              108.492
  Degrees of freedom                               236
  P-value (Chi-square)                           1.000

Parameter estimates:

  Information                                 Expected
  Standard Errors                             Standard

                   Estimate  Std.err  Z-value  P(>|z|)
Latent variables:
  f1 =~
    x1                1.000
    x2                1.070    0.065   16.584    0.000
    x3                1.118    0.067   16.627    0.000
  f2 =~
    x4                1.000
    x5                0.992    0.060   16.411    0.000
    x6                0.954    0.058   16.342    0.000
  f3 =~
    x7                1.000
    x8                0.979    0.059   16.543    0.000
    x9                0.993    0.060   16.552    0.000
  f12 =~
    x1.x4             1.000
    x2.x5             1.288    0.152    8.467    0.000
    x3.x6             1.239    0.146    8.502    0.000
  f13 =~
    x1.x7             1.000
    x2.x8             0.837    0.116    7.228    0.000
    x3.x9             0.900    0.125    7.215    0.000
  f23 =~
    x4.x7             1.000
    x5.x8             1.075    0.159    6.771    0.000
    x6.x9             1.108    0.165    6.735    0.000
  f123 =~
    x1.x4.x7          1.000
    x2.x5.x8          1.686    0.343    4.912    0.000
    x3.x6.x9          1.211    0.229    5.292    0.000
  f4 =~
    x10               1.000
    x11               1.031    0.035   29.385    0.000
    x12               0.960    0.033   28.960    0.000

Regressions:
  f4 ~
    f1                0.392    0.059    6.621    0.000
    f2                0.411    0.056    7.376    0.000
    f3                0.403    0.056    7.240    0.000
    f12               0.066    0.069    0.967    0.333
    f13               0.017    0.060    0.279    0.780
    f23               0.198    0.075    2.635    0.008
    f123              0.394    0.090    4.399    0.000

Covariances:
  f1 ~~
    f12               0.000
    f13               0.000
    f123              0.000
  f2 ~~
    f12               0.000
    f23               0.000
    f123              0.000
  f3 ~~
    f13               0.000
    f23               0.000
    f123              0.000
  f12 ~~
    f123              0.000
  f13 ~~
    f123              0.000
  f23 ~~
    f123              0.000
  f1 ~~
    f2                0.112    0.042    2.680    0.007
    f3                0.119    0.042    2.858    0.004
    f23               0.000    0.047    0.000    1.000
  f2 ~~
    f3                0.101    0.044    2.281    0.023
    f13              -0.000    0.058   -0.000    1.000
  f3 ~~
    f12               0.000    0.047    0.000    1.000
  f12 ~~
    f13               0.284    0.072    3.960    0.000
    f23               0.189    0.060    3.133    0.002
  f13 ~~
    f23               0.228    0.074    3.071    0.002

Intercepts:
    x1                0.000
    x4                0.000
    x7                0.000
    x10               0.000
    x1.x4             0.000
    x1.x7             0.000
    x4.x7             0.000
    x1.x4.x7          0.000
    f1               -0.000    0.044   -0.000    1.000
    f2                0.000    0.045    0.000    1.000
    f3                0.000    0.046    0.000    1.000
    f12               0.000    0.063    0.000    1.000
    f13               0.000    0.064    0.000    1.000
    f23               0.000    0.066    0.000    1.000
    f123              0.000    0.090    0.000    1.000
    f4                0.026    0.065    0.395    0.693
    x2                0.000    0.047    0.000    1.000
    x3                0.000    0.047    0.000    1.000
    x5               -0.000    0.044   -0.000    1.000
    x6               -0.000    0.044   -0.000    1.000
    x8               -0.000    0.044   -0.000    1.000
    x9               -0.000    0.045   -0.000    1.000
    x2.x5            -0.000    0.089   -0.000    1.000
    x3.x6            -0.000    0.086   -0.000    1.000
    x2.x8             0.000    0.071    0.000    1.000
    x3.x9             0.000    0.074    0.000    1.000
    x5.x8             0.000    0.084    0.000    1.000
    x6.x9            -0.000    0.085   -0.000    1.000
    x2.x5.x8         -0.000    0.163   -0.000    1.000
    x3.x6.x9         -0.000    0.134   -0.000    1.000
    x11              -0.001    0.046   -0.017    0.986
    x12               0.001    0.044    0.024    0.981

Variances:
    x1                1.006    0.065
    x2                1.012    0.070
    x3                0.971    0.072
    x4                0.988    0.070
    x5                0.995    0.070
    x6                1.012    0.067
    x7                1.026    0.070
    x8                0.978    0.067
    x9                0.993    0.069
    x1.x4             2.990    0.176
    x2.x5             2.968    0.228
    x3.x6             2.882    0.215
    x1.x7             2.763    0.225
    x2.x8             3.110    0.194
    x3.x9             3.274    0.213
    x4.x7             3.394    0.212
    x5.x8             3.138    0.218
    x6.x9             3.110    0.225
    x1.x4.x7          7.052    0.387
    x2.x5.x8          6.361    0.642
    x3.x6.x9          7.568    0.461
    x10               1.003    0.069
    x11               1.008    0.071
    x12               0.977    0.065
    f1                0.924    0.087
    f2                1.050    0.096
    f3                1.048    0.097
    f12               0.949    0.163
    f13               1.341    0.232
    f23               0.933    0.190
    f123              0.995    0.283
    f4                1.551    0.120

> 
> result3wayRC <- probe3WayRC(fitRC3way, c("f1", "f2", "f3", "f12", "f13", "f23", "f123"), 
+ 	"f4", c("f1", "f2"), c(-1, 0, 1), c(-1, 0, 1))
> result3wayRC
$SimpleIntcept
  f1 f2      Intcept         SE        Wald            p
1 -1 -1 -0.653177655 0.11723249 -5.57164351 2.523474e-08
2  0 -1 -0.367765165 0.08653507 -4.24989721 2.138686e-05
3  1 -1 -0.082352674 0.12836995 -0.64152612 5.211809e-01
4 -1  0 -0.355316161 0.08867744 -4.00683818 6.153699e-05
5  0  0 -0.003585988 0.06611891 -0.05423543 9.567476e-01
6  1  0  0.348144186 0.08867748  3.92595955 8.638467e-05
7 -1  1 -0.057454666 0.12831762 -0.44775353 6.543311e-01
8  0  1  0.360593190 0.08653504  4.16701961 3.086080e-05
9  1  1  0.778641045 0.11760039  6.62107536 3.565948e-11

$SimpleSlope
  f1 f2      Slope         SE       Wald        p
1 -1 -1  0.5385395 0.13210682  4.0765457 0.000046
2  0 -1  0.1609740 0.08701622  1.8499312 0.064323
3  1 -1 -0.2165914 0.14689785 -1.4744357 0.140364
4 -1  0  0.3422141 0.08691800  3.9372059 0.000082
5  0  0  0.3589855 0.05571070  6.4437446 0.000000
6  1  0  0.3757570 0.08712520  4.3128394 0.000016
7 -1  1  0.1458886 0.14691998  0.9929803 0.320720
8  0  1  0.5569970 0.08755686  6.3615465 0.000000
9  1  1  0.9681054 0.13284955  7.2872315 0.000000

> 
> 
> 
> base::assign(".dptime", (proc.time() - get(".ptime", pos = "CheckExEnv")), pos = "CheckExEnv")
> base::cat("probe3WayRC", base::get(".format_ptime", pos = 'CheckExEnv')(get(".dptime", pos = "CheckExEnv")), "\n", file=base::get(".ExTimings", pos = 'CheckExEnv'), append=TRUE, sep="\t")
> cleanEx()
> nameEx("reliability")
> ### * reliability
> 
> flush(stderr()); flush(stdout())
> 
> base::assign(".ptime", proc.time(), pos = "CheckExEnv")
> ### Name: reliability
> ### Title: Calculate reliability values of factors
> ### Aliases: reliability
> 
> ### ** Examples
> 
> HS.model <- ' visual  =~ x1 + x2 + x3
+               textual =~ x4 + x5 + x6
+               speed   =~ x7 + x8 + x9 '
> 
> fit <- cfa(HS.model, data=HolzingerSwineford1939)
> reliability(fit)
          visual   textual     speed
alpha  0.6261171 0.8827069 0.6884550
omega  0.6253180 0.8851754 0.6877600
omega2 0.6253180 0.8851754 0.6877600
omega3 0.6120052 0.8850608 0.6858417
> 
> 
> 
> base::assign(".dptime", (proc.time() - get(".ptime", pos = "CheckExEnv")), pos = "CheckExEnv")
> base::cat("reliability", base::get(".format_ptime", pos = 'CheckExEnv')(get(".dptime", pos = "CheckExEnv")), "\n", file=base::get(".ExTimings", pos = 'CheckExEnv'), append=TRUE, sep="\t")
> cleanEx()
> nameEx("reliabilityL2")
> ### * reliabilityL2
> 
> flush(stderr()); flush(stdout())
> 
> base::assign(".ptime", proc.time(), pos = "CheckExEnv")
> ### Name: reliabilityL2
> ### Title: Calculate the reliability values of a second-order factor
> ### Aliases: reliabilityL2
> 
> ### ** Examples
> 
> HS.model3 <- ' visual  =~ x1 + x2 + x3
+               textual =~ x4 + x5 + x6
+               speed   =~ x7 + x8 + x9 
+ 			  higher =~ visual + textual + speed'
> 
> fit6 <- cfa(HS.model3, data=HolzingerSwineford1939)
> reliability(fit6) # Should provide a warning for the endogenous variable
          visual   textual     speed
alpha  0.6261171 0.8827069 0.6884550
omega  0.6253172 0.8851754 0.6877598
omega2 0.6253172 0.8851754 0.6877598
omega3 0.6120043 0.8850614 0.6858412
> reliabilityL2(fit6, "higher")
       omegaL1        omegaL2 partialOmegaL1 
     0.5542955      0.6958915      0.7818426 
> 
> 
> 
> base::assign(".dptime", (proc.time() - get(".ptime", pos = "CheckExEnv")), pos = "CheckExEnv")
> base::cat("reliabilityL2", base::get(".format_ptime", pos = 'CheckExEnv')(get(".dptime", pos = "CheckExEnv")), "\n", file=base::get(".ExTimings", pos = 'CheckExEnv'), append=TRUE, sep="\t")
> cleanEx()
> nameEx("residualCovariate")
> ### * residualCovariate
> 
> flush(stderr()); flush(stdout())
> 
> base::assign(".ptime", proc.time(), pos = "CheckExEnv")
> ### Name: residualCovariate
> ### Title: Residual centered all target indicators by covariates
> ### Aliases: residualCovariate
> 
> ### ** Examples
> 
> dat <- residualCovariate(attitude, 2:7, 1)
> 
> 
> 
> base::assign(".dptime", (proc.time() - get(".ptime", pos = "CheckExEnv")), pos = "CheckExEnv")
> base::cat("residualCovariate", base::get(".format_ptime", pos = 'CheckExEnv')(get(".dptime", pos = "CheckExEnv")), "\n", file=base::get(".ExTimings", pos = 'CheckExEnv'), append=TRUE, sep="\t")
> cleanEx()
> nameEx("rotate")
> ### * rotate
> 
> flush(stderr()); flush(stdout())
> 
> base::assign(".ptime", proc.time(), pos = "CheckExEnv")
> ### Name: rotate
> ### Title: Implement orthogonal or oblique rotation
> ### Aliases: orthRotate oblqRotate funRotate
> 
> ### ** Examples
> 
> unrotated <- efaUnrotate(HolzingerSwineford1939, nf=3, varList=paste0("x", 1:9), estimator="mlr")
> 
> # Orthogonal varimax
> out.varimax <- orthRotate(unrotated, method="varimax")
> summary(out.varimax, sort=FALSE, suppress=0.3)
Standardized Rotated Factor Loadings
   factor1 factor2 factor3
x1  0.320*  0.607*        
x2          0.481*        
x3          0.662*        
x4  0.838*                
x5  0.867*                
x6  0.815*                
x7                  0.695*
x8                  0.704*
x9          0.409*  0.511*

Factor Correlation
        factor1 factor2 factor3
factor1       1       0       0
factor2       0       1       0
factor3       0       0       1

Method of rotation:	varimax 

Test Statistics for Standardized Rotated Factor Loadings
       lhs op rhs std.loading    se      z     p ci.lower ci.upper
1  factor1 =~  x1       0.320 0.081  3.932 0.000    0.161    0.480
2  factor1 =~  x2       0.135 0.092  1.478 0.139   -0.044    0.315
3  factor1 =~  x3       0.080 0.090  0.882 0.378   -0.097    0.256
4  factor1 =~  x4       0.838 0.052 16.246 0.000    0.737    0.939
5  factor1 =~  x5       0.867 0.043 19.990 0.000    0.782    0.952
6  factor1 =~  x6       0.815 0.051 16.080 0.000    0.716    0.914
7  factor1 =~  x7       0.102 0.115  0.887 0.375   -0.123    0.327
8  factor1 =~  x8       0.078 0.102  0.758 0.449   -0.123    0.278
9  factor1 =~  x9       0.170 0.082  2.062 0.039    0.008    0.331
10 factor2 =~  x1       0.607 0.070  8.670 0.000    0.470    0.744
11 factor2 =~  x2       0.481 0.084  5.693 0.000    0.315    0.646
12 factor2 =~  x3       0.662 0.062 10.716 0.000    0.541    0.783
13 factor2 =~  x4       0.113 0.069  1.636 0.102   -0.022    0.249
14 factor2 =~  x5       0.032 0.061  0.530 0.596   -0.087    0.152
15 factor2 =~  x6       0.162 0.067  2.407 0.016    0.030    0.293
16 factor2 =~  x7      -0.062 0.161 -0.388 0.698   -0.377    0.253
17 factor2 =~  x8       0.174 0.162  1.074 0.283   -0.144    0.493
18 factor2 =~  x9       0.409 0.111  3.700 0.000    0.192    0.625
19 factor3 =~  x1       0.130 0.112  1.156 0.248   -0.090    0.351
20 factor3 =~  x2      -0.041 0.116 -0.353 0.724   -0.268    0.186
21 factor3 =~  x3       0.113 0.137  0.825 0.410   -0.156    0.383
22 factor3 =~  x4       0.077 0.079  0.966 0.334   -0.079    0.232
23 factor3 =~  x5       0.070 0.086  0.820 0.412   -0.098    0.238
24 factor3 =~  x6       0.066 0.061  1.074 0.283   -0.054    0.186
25 factor3 =~  x7       0.695 0.105  6.612 0.000    0.489    0.901
26 factor3 =~  x8       0.704 0.086  8.210 0.000    0.536    0.872
27 factor3 =~  x9       0.511 0.078  6.531 0.000    0.357    0.664
> 
> # Orthogonal Quartimin
> orthRotate(unrotated, method="quartimin")
Standardized Rotated Factor Loadings
   factor1 factor2 factor3
x5  0.869*                
x4  0.844*                
x6  0.823*  0.122         
x3  0.115   0.657*  0.114 
x1  0.353*  0.590*  0.124 
x2  0.158   0.474*        
x8  0.104   0.167   0.702*
x7  0.116           0.692*
x9  0.202*  0.397*  0.508*

Factor Correlation
        factor1 factor2 factor3
factor1       1       0       0
factor2       0       1       0
factor3       0       0       1

Method of rotation:	Quartimin 
> 
> # Oblique Quartimin
> oblqRotate(unrotated, method="quartimin")
Standardized Rotated Factor Loadings
   factor1 factor2 factor3
x5  0.888*                
x4  0.840*                
x6  0.808*                
x3          0.689*        
x1  0.191*  0.602*        
x2          0.505* -0.117 
x7         -0.152   0.723*
x8          0.104   0.701*
x9          0.366*  0.463*

Factor Correlation
          factor1   factor2   factor3
factor1 1.0000000 0.3257823 0.2164285
factor2 0.3257823 1.0000000 0.2704765
factor3 0.2164285 0.2704765 1.0000000

Method of rotation:	Quartimin 
> 
> # Geomin
> oblqRotate(unrotated, method="geomin")
Standardized Rotated Factor Loadings
   factor1 factor2 factor3
x5  0.887*                
x4  0.839*                
x6  0.806*                
x7          0.726*  0.150 
x8          0.703* -0.106 
x9          0.463* -0.368*
x3                 -0.691*
x1  0.188*         -0.604*
x2         -0.119  -0.507*

Factor Correlation
           factor1    factor2    factor3
factor1  1.0000000  0.2296108 -0.3271585
factor2  0.2296108  1.0000000 -0.2776960
factor3 -0.3271585 -0.2776960  1.0000000

Method of rotation:	Geomin 
> 
> ## Not run: 
> ##D # Target rotation
> ##D library(GPArotation)
> ##D target <- matrix(0, 9, 3)
> ##D target[1:3, 1] <- NA
> ##D target[4:6, 2] <- NA
> ##D target[7:9, 3] <- NA
> ##D colnames(target) <- c("factor1", "factor2", "factor3")
> ##D # This function works with GPArotation version 2012.3-1
> ##D funRotate(unrotated, fun="targetQ", Target=target) 
> ## End(Not run)
> 
> 
> 
> base::assign(".dptime", (proc.time() - get(".ptime", pos = "CheckExEnv")), pos = "CheckExEnv")
> base::cat("rotate", base::get(".format_ptime", pos = 'CheckExEnv')(get(".dptime", pos = "CheckExEnv")), "\n", file=base::get(".ExTimings", pos = 'CheckExEnv'), append=TRUE, sep="\t")
> cleanEx()

detaching 'package:GPArotation'

> nameEx("runMI")
> ### * runMI
> 
> flush(stderr()); flush(stdout())
> 
> base::assign(".ptime", proc.time(), pos = "CheckExEnv")
> ### Name: runMI
> ### Title: Multiply impute and analyze data using lavaan
> ### Aliases: runMI cfa.mi sem.mi growth.mi lavaan.mi
> 
> ### ** Examples
> 
> library(lavaan)
> 
> HS.model <- ' visual  =~ x1 + x2 + x3
+               textual =~ x4 + x5 + x6
+               speed   =~ x7 + x8 + x9 '
> 
> HSMiss <- HolzingerSwineford1939[,paste("x", 1:9, sep="")]
> randomMiss <- rbinom(prod(dim(HSMiss)), 1, 0.1)
> randomMiss <- matrix(as.logical(randomMiss), nrow=nrow(HSMiss))
> HSMiss[randomMiss] <- NA
> 
> out <- cfa.mi(HS.model, data=HSMiss, m = 3, chi="all")
Loading required package: Amelia
Loading required package: foreign
Loading required package: Rcpp
Loading required package: RcppArmadillo
## 
## Amelia II: Multiple Imputation
## (Version 1.7.2, built: 2013-04-03)
## Copyright (C) 2005-2014 James Honaker, Gary King and Matthew Blackwell
## Refer to http://gking.harvard.edu/amelia/ for more information
## 
> summary(out)
lavaan (0.5-16) converged normally after   3 iterations

  Number of observations                           301

  Estimator                                         ML
  Minimum Function Test Statistic               54.107
  Degrees of freedom                                24
  P-value (Chi-square)                           0.000

Parameter estimates:

  Information                                 Expected
  Standard Errors                             Standard

                   Estimate  Std.err  Z-value  P(>|z|)
Latent variables:
  visual =~
    x1                1.000
    x2                0.494    0.100    4.915    0.000
    x3                0.669    0.110    6.051    0.000
  textual =~
    x4                1.000
    x5                1.146    0.074   15.396    0.000
    x6                0.966    0.064   15.183    0.000
  speed =~
    x7                1.000
    x8                1.124    0.156    7.184    0.000
    x9                1.122    0.228    4.925    0.000

Covariances:
  visual ~~
    textual           0.421    0.078    5.400    0.000
    speed             0.259    0.057    4.573    0.000
  textual ~~
    speed             0.176    0.051    3.461    0.001

Variances:
    x1                0.493    0.126
    x2                1.122    0.113
    x3                0.900    0.103
    x4                0.412    0.050
    x5                0.496    0.081
    x6                0.327    0.049
    x7                0.831    0.087
    x8                0.519    0.102
    x9                0.469    0.095
    visual            0.821    0.160
    textual           0.956    0.114
    speed             0.397    0.107

> inspect(out, "fit")
               fmin               chisq                  df              pvalue 
              2.005              54.107              24.000               0.000 
     baseline.chisq         baseline.df     baseline.pvalue                 cfi 
            639.485              36.000               0.000               0.950 
                tli                nnfi                 rfi                 nfi 
              0.925               0.925               0.873               0.915 
               pnfi                 ifi                 rni                logl 
              0.610               0.951               0.950           -4295.177 
  unrestricted.logl                npar                 aic                 bic 
          -3691.630              21.000            8632.355            8710.204 
             ntotal                bic2               rmsea      rmsea.ci.lower 
            301.000            8643.604               0.065               0.042 
     rmsea.ci.upper        rmsea.pvalue                 rmr          rmr_nomean 
              0.088               0.137               0.081               0.081 
               srmr        srmr_bentler srmr_bentler_nomean         srmr_bollen 
              0.063               0.063               0.063               0.063 
 srmr_bollen_nomean          srmr_mplus   srmr_mplus_nomean               cn_05 
              0.063               0.063               0.063             203.580 
              cn_01                 gfi                agfi                pgfi 
            240.101               0.944               0.894               0.503 
                mfi                ecvi 
              0.951               0.319 
> inspect(out, "impute")
$convergenceRate
target model   null model 
           1            1 

$fractionMissing
       lhs op     rhs group       fmi1       fmi2
1   visual =~      x1     1        NaN 0.00000000
2   visual =~      x2     1 0.05748100 0.06057978
3   visual =~      x3     1 0.03887472 0.04032393
4  textual =~      x4     1        NaN 0.00000000
5  textual =~      x5     1 0.12746892 0.14130878
6  textual =~      x6     1 0.16526722 0.18716917
7    speed =~      x7     1        NaN 0.00000000
8    speed =~      x8     1 0.03343321 0.03451181
9    speed =~      x9     1 0.53204336 0.62502670
10      x1 ~~      x1     1 0.08263168 0.08883196
11      x2 ~~      x2     1 0.23701429 0.27654463
12      x3 ~~      x3     1 0.20753018 0.23958974
13      x4 ~~      x4     1 0.02018408 0.02058301
14      x5 ~~      x5     1 0.40148907 0.47918018
15      x6 ~~      x6     1 0.22987142 0.26757709
16      x7 ~~      x7     1 0.08731056 0.09418946
17      x8 ~~      x8     1 0.51802875 0.61024691
18      x9 ~~      x9     1 0.48675150 0.57646914
19  visual ~~  visual     1 0.11139529 0.12222041
20 textual ~~ textual     1 0.02762212 0.02836318
21   speed ~~   speed     1 0.32056487 0.38105998
22  visual ~~ textual     1 0.11941111 0.13170450
23  visual ~~   speed     1 0.01406221 0.01425712
24 textual ~~   speed     1 0.05514823 0.05800878

$targetFit
$targetFit$lmrr
         F        df1        df2        p.F 
 1.5894565 24.0000000  0.6310259  0.6340669 

$targetFit$mr
       F df1      df2      pvalue
 2.25444  24 223.5226 0.001127729

$targetFit$mplus
    chisq df       pvalue
 54.10655 24 0.0004125162


$nullFit
$nullFit$lmrr
         F        df1        df2        p.F 
19.5948341 36.0000000  1.2498753  0.1270609 

$nullFit$mr
        F df1     df2 pvalue
 17.76346  36 428.458      0

$nullFit$mplus
    chisq df pvalue
 639.4845 36      0


> 
> ## Not run: 
> ##D ##Multiple group example
> ##D HSMiss2 <- cbind(HSMiss, school = HolzingerSwineford1939[,"school"])
> ##D out2 <- cfa.mi(HS.model, data=HSMiss2, m = 3, miArgs=list(noms="school"), chi="MR", group="school")
> ##D summary(out2)
> ##D inspect(out2, "fit")
> ##D inspect(out2, "impute")
> ##D 
> ##D ##Example using previously imputed data with runMI
> ##D library(Amelia)
> ##D 
> ##D modsim <- '
> ##D f1 =~ 0.7*y1+0.7*y2+0.7*y3
> ##D f2 =~ 0.7*y4+0.7*y5+0.7*y6
> ##D f3 =~ 0.7*y7+0.7*y8+0.7*y9'
> ##D 
> ##D mod <- '
> ##D f1 =~ y1+y2+y3
> ##D f2 =~ y4+y5+y6
> ##D f3 =~ y7+y8+y9'
> ##D 
> ##D datsim <- simulateData(modsim,model.type="cfa", meanstructure=TRUE, 
> ##D 	std.lv=TRUE, sample.nobs=c(200,200))
> ##D randomMiss2 <- rbinom(prod(dim(datsim)), 1, 0.1)
> ##D randomMiss2 <- matrix(as.logical(randomMiss2), nrow=nrow(datsim))
> ##D datsim[randomMiss2] <- NA
> ##D datsimMI <- amelia(datsim,m=3, noms="group")
> ##D 
> ##D out3 <- runMI(mod, data=datsimMI$imputations, chi="LMRR", group="group", fun="cfa")
> ##D summary(out3)
> ##D inspect(out3, "fit")
> ##D inspect(out3, "impute")
> ##D 
> ##D # Categorical variables
> ##D dat <- simulateData(popModel, sample.nobs  = 200L)
> ##D miss.pat <- matrix(as.logical(rbinom(prod(dim(dat)), 1, 0.2)), nrow(dat), ncol(dat))
> ##D dat[miss.pat] <- NA
> ##D out5 <- cfa.mi(analyzeModel, data=dat, ordered=paste0("y", 1:4), m = 3, 
> ##D 	miArgs=list(ords = c("y1", "y2", "y3", "y4")))
> ##D summary(out5)
> ##D inspect(out5, "fit")
> ##D inspect(out5, "impute")
> ##D 
> ## End(Not run)
> 
> 
> 
> base::assign(".dptime", (proc.time() - get(".ptime", pos = "CheckExEnv")), pos = "CheckExEnv")
> base::cat("runMI", base::get(".format_ptime", pos = 'CheckExEnv')(get(".dptime", pos = "CheckExEnv")), "\n", file=base::get(".ExTimings", pos = 'CheckExEnv'), append=TRUE, sep="\t")
> cleanEx()

detaching 'package:Amelia', 'package:RcppArmadillo', 'package:Rcpp',
  'package:foreign'

> nameEx("saturateMx")
> ### * saturateMx
> 
> flush(stderr()); flush(stdout())
> 
> base::assign(".ptime", proc.time(), pos = "CheckExEnv")
> ### Name: saturateMx
> ### Title: Analyzing data using a saturate model
> ### Aliases: saturateMx
> 
> ### ** Examples
> 
> ## Not run: 
> ##D library(OpenMx)
> ##D data(demoOneFactor)
> ##D satModel <- saturateMx(demoOneFactor)
> ## End(Not run)
> 
> 
> 
> base::assign(".dptime", (proc.time() - get(".ptime", pos = "CheckExEnv")), pos = "CheckExEnv")
> base::cat("saturateMx", base::get(".format_ptime", pos = 'CheckExEnv')(get(".dptime", pos = "CheckExEnv")), "\n", file=base::get(".ExTimings", pos = 'CheckExEnv'), append=TRUE, sep="\t")
> cleanEx()
> nameEx("simParcel")
> ### * simParcel
> 
> flush(stderr()); flush(stdout())
> 
> base::assign(".ptime", proc.time(), pos = "CheckExEnv")
> ### Name: simParcel
> ### Title: Simulated Data set to Demonstrate Random Allocations of Parcels
> ### Aliases: simParcel
> 
> ### ** Examples
> 
> head(simParcel)
     f1item1      f1item2     f1item3    f1item4    f1item5    f1item6
1 -1.7896958 -1.951487976  0.06921463 -1.4553012 -0.8801326 -0.6760663
2  0.5245525 -0.009665777  2.02336708 -0.5052323  1.2978291  0.4663007
3 -0.5121904  0.101476908 -0.41061133  0.1037776  1.0748526  0.7012178
4 -0.7769473 -0.547552458 -1.01396947  0.4581587 -0.6279040 -0.3917189
5  1.1383346  0.444802803  0.38796807 -0.9788030 -0.2293250  0.4426714
6 -0.6525078  0.080539695 -2.00157281 -0.3997432 -1.2986350 -1.4376393
      f1item7    f1item8    f1item9    f2item1    f2item2    f2item3
1  0.07133309 -1.6728790 -0.7473949 -0.4374817 -0.1431815 -1.0342390
2  2.74670484  1.3816698  1.8065698  0.1358011  0.8965890  1.6516467
3  1.31352970  0.2770826  1.1031422  0.9553923  1.0204971  0.1568082
4  0.96030051  0.2503113 -0.8986681  0.5973238  1.4027800  0.9871376
5  0.28534016  0.3281577  0.1932261 -0.7980739 -1.6738395 -0.5503140
6 -0.97896255 -1.0324955 -1.2430591 -0.4373219 -0.8818279  1.2320996
      f2item4     f2item5    f2item6    f2item7    f2item8    f2item9
1 -1.44552176  0.09842477 -1.1666086 -1.5057074 -3.3265526 -1.4957729
2  1.65291809 -0.12436952 -0.5910034  1.7282434  2.2468441  2.2650310
3  0.70208355  0.36394797  0.2040989  1.8288085  0.1438386  0.2629538
4  0.00197898 -0.27991938  1.6400470  0.6514612  0.7272645  2.5138630
5  0.76802013 -0.93197593 -0.7515958  0.7287445 -0.2093306 -0.1923059
6 -1.32456576  0.52782351  2.1100907 -1.0557662  0.5176468 -0.1303705
> 
> 
> 
> base::assign(".dptime", (proc.time() - get(".ptime", pos = "CheckExEnv")), pos = "CheckExEnv")
> base::cat("simParcel", base::get(".format_ptime", pos = 'CheckExEnv')(get(".dptime", pos = "CheckExEnv")), "\n", file=base::get(".ExTimings", pos = 'CheckExEnv'), append=TRUE, sep="\t")
> cleanEx()
> nameEx("skew")
> ### * skew
> 
> flush(stderr()); flush(stdout())
> 
> base::assign(".ptime", proc.time(), pos = "CheckExEnv")
> ### Name: skew
> ### Title: Finding skewness
> ### Aliases: skew
> 
> ### ** Examples
> 
> skew(1:5)
skew (g1)        se         z         p 
 0.000000  1.095445  0.000000  1.000000 
> 
> 
> 
> base::assign(".dptime", (proc.time() - get(".ptime", pos = "CheckExEnv")), pos = "CheckExEnv")
> base::cat("skew", base::get(".format_ptime", pos = 'CheckExEnv')(get(".dptime", pos = "CheckExEnv")), "\n", file=base::get(".ExTimings", pos = 'CheckExEnv'), append=TRUE, sep="\t")
> cleanEx()
> nameEx("splitSample")
> ### * splitSample
> 
> flush(stderr()); flush(stdout())
> 
> base::assign(".ptime", proc.time(), pos = "CheckExEnv")
> ### Name: splitSample
> ### Title: Randomly Split a Data Set into Halves
> ### Aliases: splitSample
> 
> ### ** Examples
> 
> #### Input is .dat file
> #splitSample("C:/Users/Default/Desktop/MYDATA.dat")
> #### Output saved to "C:/Users/Default/Desktop/" in .dat format
> #### Names are "MYDATA_s1.dat" and "MYDATA_s2.dat"
> 
> #### Input is R object
> ##Split C02 dataset from the datasets package
> library(datasets)
> splitMyData <- splitSample(CO2, path="object")
> summary(splitMyData[[1]])
     Plant             Type         Treatment    conc       uptake  
 Qc1    : 6   Mississippi:23   chilled   :23     95:6   18.9   : 2  
 Mn2    : 5   Quebec     :19   nonchilled:19    175:3   32.4   : 2  
 Mc1    : 4                                     250:6    7.7   : 1  
 Mc2    : 4                                     350:7   10.5   : 1  
 Mc3    : 4                                     500:8   10.6   : 1  
 Mn3    : 4                                     675:7   11.3   : 1  
 (Other):15                                    1000:5   (Other):34  
> summary(splitMyData[[2]])
     Plant             Type         Treatment    conc       uptake  
 Qn3    : 6   Mississippi:19   chilled   :19     95:6   17.9   : 2  
 Mn1    : 5   Quebec     :23   nonchilled:23    175:9   41.4   : 2  
 Qc3    : 5                                     250:6    9.3   : 1  
 Qc2    : 4                                     350:5   10.6   : 1  
 Qn1    : 4                                     500:4   11.4   : 1  
 Mc1    : 3                                     675:5   12.0   : 1  
 (Other):15                                    1000:7   (Other):34  
> #### Output object splitMyData becomes list of output data sets
> 
> #### Input is .dat file in "C:/" folder
> #splitSample("C:/testdata.dat", path = "C:/Users/Default/Desktop/", type = "csv")
> #### Output saved to "C:/Users/Default/Desktop/" in .csv format
> #### Names are "testdata_s1.csv" and "testdata_s2.csv"
> 
> #### Input is R object
> #splitSample(myData, path = "C:/Users/Default/Desktop/", name = "splitdata")
> #### Output saved to "C:/Users/Default/Desktop/" in .dat format
> #### Names are "splitdata_s1.dat" and "splitdata_s2.dat"
> 
> 
> 
> base::assign(".dptime", (proc.time() - get(".ptime", pos = "CheckExEnv")), pos = "CheckExEnv")
> base::cat("splitSample", base::get(".format_ptime", pos = 'CheckExEnv')(get(".dptime", pos = "CheckExEnv")), "\n", file=base::get(".ExTimings", pos = 'CheckExEnv'), append=TRUE, sep="\t")
> cleanEx()
> nameEx("standardizeMx")
> ### * standardizeMx
> 
> flush(stderr()); flush(stdout())
> 
> base::assign(".ptime", proc.time(), pos = "CheckExEnv")
> ### Name: standardizeMx
> ### Title: Find standardized estimates for OpenMx output
> ### Aliases: standardizeMx
> 
> ### ** Examples
> 
> ## Not run: 
> ##D library(OpenMx)
> ##D data(myFADataRaw)
> ##D myFADataRaw <- myFADataRaw[,c("x1","x2","x3","x4","x5","x6")]
> ##D oneFactorModel <- mxModel("Common Factor Model Path Specification", 
> ##D 	type="RAM",
> ##D 	mxData(
> ##D 		observed=myFADataRaw, 
> ##D 		type="raw"
> ##D 	),
> ##D 	manifestVars=c("x1","x2","x3","x4","x5","x6"),
> ##D 	latentVars="F1",
> ##D 	mxPath(from=c("x1","x2","x3","x4","x5","x6"),
> ##D 		arrows=2,
> ##D 		free=TRUE,
> ##D 		values=c(1,1,1,1,1,1),
> ##D 		labels=c("e1","e2","e3","e4","e5","e6")
> ##D 	), 
> ##D 	# residual variances
> ##D 	# -------------------------------------
> ##D 	mxPath(from="F1",
> ##D 		arrows=2,
> ##D 		free=TRUE,
> ##D 		values=1,
> ##D 		labels ="varF1"
> ##D 	), 
> ##D 	# latent variance
> ##D 	# -------------------------------------
> ##D 	mxPath(from="F1",
> ##D 		to=c("x1","x2","x3","x4","x5","x6"),
> ##D 		arrows=1,
> ##D 		free=c(FALSE,TRUE,TRUE,TRUE,TRUE,TRUE),
> ##D 		values=c(1,1,1,1,1,1),
> ##D 		labels =c("l1","l2","l3","l4","l5","l6")
> ##D 	), 
> ##D 	# factor loadings
> ##D 	# -------------------------------------
> ##D 	mxPath(from="one",
> ##D 		to=c("x1","x2","x3","x4","x5","x6","F1"),
> ##D 		arrows=1,
> ##D 		free=c(TRUE,TRUE,TRUE,TRUE,TRUE,TRUE,FALSE),
> ##D 		values=c(1,1,1,1,1,1,0),
> ##D 		labels =c("meanx1","meanx2","meanx3","meanx4","meanx5","meanx6",NA)
> ##D 	) 
> ##D 	# means
> ##D 	# -------------------------------------
> ##D ) # close model
> ##D # Create an MxModel object
> ##D # -----------------------------------------------------------------------------
> ##D oneFactorFit <- mxRun(oneFactorModel)      
> ##D standardizeMx(oneFactorFit)
> ##D 
> ##D # Compare with lavaan
> ##D library(lavaan)
> ##D script <- "f1 =~ x1 + x2 + x3 + x4 + x5 + x6"
> ##D fit <- cfa(script, data=myFADataRaw, meanstructure=TRUE)
> ##D standardize(fit)
> ## End(Not run)
> 
> 
> 
> base::assign(".dptime", (proc.time() - get(".ptime", pos = "CheckExEnv")), pos = "CheckExEnv")
> base::cat("standardizeMx", base::get(".format_ptime", pos = 'CheckExEnv')(get(".dptime", pos = "CheckExEnv")), "\n", file=base::get(".ExTimings", pos = 'CheckExEnv'), append=TRUE, sep="\t")
> cleanEx()
> nameEx("tukeySEM")
> ### * tukeySEM
> 
> flush(stderr()); flush(stdout())
> 
> base::assign(".ptime", proc.time(), pos = "CheckExEnv")
> ### Name: tukeySEM
> ### Title: Tukey's WSD post-hoc test of means for unequal variance and
> ###   sample size
> ### Aliases: tukeySEM
> 
> ### ** Examples
> 
> ##For a case where three groups have been compared:
> ##Group 1: mean = 3.91, var = 0.46, n = 246
> ##Group 2: mean = 3.96, var = 0.62, n = 465
> ##Group 3: mean = 2.94, var = 1.07, n = 64
> 
> #compare group 1 and group 2
> tukeySEM(3.91, 3.96, 0.46, 0.62, 246, 425, 3)
          q          df           p 
  1.2255892 574.0328450   0.6615848 
> 
> #compare group 1 and group 3
> tukeySEM(3.91, 2.94, 0.46, 1.07, 246, 64, 3)
           q           df            p 
1.006150e+01 7.640258e+01 1.474966e-09 
> 
> #compare group 2 and group 3
> tukeySEM(3.96, 2.94, 0.62, 1.07, 465, 64, 3)
           q           df            p 
1.073622e+01 7.222205e+01 1.743093e-10 
> 
> 
> 
> base::assign(".dptime", (proc.time() - get(".ptime", pos = "CheckExEnv")), pos = "CheckExEnv")
> base::cat("tukeySEM", base::get(".format_ptime", pos = 'CheckExEnv')(get(".dptime", pos = "CheckExEnv")), "\n", file=base::get(".ExTimings", pos = 'CheckExEnv'), append=TRUE, sep="\t")
> cleanEx()
> nameEx("wald")
> ### * wald
> 
> flush(stderr()); flush(stdout())
> 
> base::assign(".ptime", proc.time(), pos = "CheckExEnv")
> ### Name: wald
> ### Title: Calculate multivariate Wald statistics
> ### Aliases: wald
> 
> ### ** Examples
> 
> # Test the difference in factor loadings
> HS.model <- ' visual  =~ x1 + con1*x2 + con1*x3
+               textual =~ x4 + x5 + x6
+               speed   =~ x7 + con2*x8 + con2*x9 '
> 
> fit <- cfa(HS.model, data=HolzingerSwineford1939)
> wald(fit, "con2 - con1")
   chisq       df        p 
8.949569 1.000000 0.002775 
> 
> # Simultaneously test the difference in the influences 
> # of x1 and x2 on intercept and slope
> model.syntax <- '
+     i =~ 1*t1 + 1*t2 + 1*t3 + 1*t4
+     s =~ 0*t1 + 1*t2 + 2*t3 + 3*t4
+     i ~ x1 + x2
+     s ~ x1 + x2
+     t1 ~ c1
+     t2 ~ c2
+     t3 ~ c3
+     t4 ~ c4
+ '
> 
> fit2 <- growth(model.syntax, data=Demo.growth)
> wald.syntax <- '
+ 	i~x1 - i~x2
+ 	1/2*s~x1 - 1/2*s~x2
+ '
> wald(fit2, wald.syntax)
  chisq      df       p 
34.0162  2.0000  0.0000 
> 
> # Mplus example of MODEL TEST
> model3 <- ' f1  =~ x1 + p2*x2 + p3*x3 + p4*x4 + p5*x5 + p6*x6
+ 			p4 == 2*p2'
> 
> fit3 <- cfa(model3, data=HolzingerSwineford1939)
> wald(fit3, "p3; p6 - 0.5*p5")
   chisq       df        p 
34.05553  2.00000  0.00000 
> 
> 
> 
> base::assign(".dptime", (proc.time() - get(".ptime", pos = "CheckExEnv")), pos = "CheckExEnv")
> base::cat("wald", base::get(".format_ptime", pos = 'CheckExEnv')(get(".dptime", pos = "CheckExEnv")), "\n", file=base::get(".ExTimings", pos = 'CheckExEnv'), append=TRUE, sep="\t")
> ### * <FOOTER>
> ###
> options(digits = 7L)
> base::cat("Time elapsed: ", proc.time() - base::get("ptime", pos = 'CheckExEnv'),"\n")
Time elapsed:  42.23 0.17 43.48 NA NA 
> grDevices::dev.off()
null device 
          1 
> ###
> ### Local variables: ***
> ### mode: outline-minor ***
> ### outline-regexp: "\\(> \\)?### [*]+" ***
> ### End: ***
> quit('no')
